Archive member included to satisfy reference by file (symbol)

/home/breno/st/stm32cubeide_1.7.0/plugins/com.st.stm32cube.ide.mcu.externaltools.gnu-tools-for-stm32.9-2020-q2-update.linux64_2.0.0.202105311346/tools/bin/../lib/gcc/arm-none-eabi/9.3.1/../../../../arm-none-eabi/lib/thumb/v7e-m+dp/hard/libc_nano.a(lib_a-exit.o)
                              /home/breno/st/stm32cubeide_1.7.0/plugins/com.st.stm32cube.ide.mcu.externaltools.gnu-tools-for-stm32.9-2020-q2-update.linux64_2.0.0.202105311346/tools/bin/../lib/gcc/arm-none-eabi/9.3.1/../../../../arm-none-eabi/lib/thumb/v7e-m+dp/hard/crt0.o (exit)
/home/breno/st/stm32cubeide_1.7.0/plugins/com.st.stm32cube.ide.mcu.externaltools.gnu-tools-for-stm32.9-2020-q2-update.linux64_2.0.0.202105311346/tools/bin/../lib/gcc/arm-none-eabi/9.3.1/../../../../arm-none-eabi/lib/thumb/v7e-m+dp/hard/libc_nano.a(lib_a-impure.o)
                              /home/breno/st/stm32cubeide_1.7.0/plugins/com.st.stm32cube.ide.mcu.externaltools.gnu-tools-for-stm32.9-2020-q2-update.linux64_2.0.0.202105311346/tools/bin/../lib/gcc/arm-none-eabi/9.3.1/../../../../arm-none-eabi/lib/thumb/v7e-m+dp/hard/libc_nano.a(lib_a-exit.o) (_global_impure_ptr)
/home/breno/st/stm32cubeide_1.7.0/plugins/com.st.stm32cube.ide.mcu.externaltools.gnu-tools-for-stm32.9-2020-q2-update.linux64_2.0.0.202105311346/tools/bin/../lib/gcc/arm-none-eabi/9.3.1/../../../../arm-none-eabi/lib/thumb/v7e-m+dp/hard/libc_nano.a(lib_a-init.o)
                              /home/breno/st/stm32cubeide_1.7.0/plugins/com.st.stm32cube.ide.mcu.externaltools.gnu-tools-for-stm32.9-2020-q2-update.linux64_2.0.0.202105311346/tools/bin/../lib/gcc/arm-none-eabi/9.3.1/../../../../arm-none-eabi/lib/thumb/v7e-m+dp/hard/crt0.o (__libc_init_array)
/home/breno/st/stm32cubeide_1.7.0/plugins/com.st.stm32cube.ide.mcu.externaltools.gnu-tools-for-stm32.9-2020-q2-update.linux64_2.0.0.202105311346/tools/bin/../lib/gcc/arm-none-eabi/9.3.1/../../../../arm-none-eabi/lib/thumb/v7e-m+dp/hard/libc_nano.a(lib_a-memset.o)
                              /home/breno/st/stm32cubeide_1.7.0/plugins/com.st.stm32cube.ide.mcu.externaltools.gnu-tools-for-stm32.9-2020-q2-update.linux64_2.0.0.202105311346/tools/bin/../lib/gcc/arm-none-eabi/9.3.1/../../../../arm-none-eabi/lib/thumb/v7e-m+dp/hard/crt0.o (memset)
/home/breno/st/stm32cubeide_1.7.0/plugins/com.st.stm32cube.ide.mcu.externaltools.gnu-tools-for-stm32.9-2020-q2-update.linux64_2.0.0.202105311346/tools/bin/../lib/gcc/arm-none-eabi/9.3.1/../../../../arm-none-eabi/lib/thumb/v7e-m+dp/hard/libc_nano.a(lib_a-vsprintf.o)
                              ./Drivers/easy-driver/easy_driver.o (vsprintf)
/home/breno/st/stm32cubeide_1.7.0/plugins/com.st.stm32cube.ide.mcu.externaltools.gnu-tools-for-stm32.9-2020-q2-update.linux64_2.0.0.202105311346/tools/bin/../lib/gcc/arm-none-eabi/9.3.1/../../../../arm-none-eabi/lib/thumb/v7e-m+dp/hard/libc_nano.a(lib_a-nano-svfprintf.o)
                              /home/breno/st/stm32cubeide_1.7.0/plugins/com.st.stm32cube.ide.mcu.externaltools.gnu-tools-for-stm32.9-2020-q2-update.linux64_2.0.0.202105311346/tools/bin/../lib/gcc/arm-none-eabi/9.3.1/../../../../arm-none-eabi/lib/thumb/v7e-m+dp/hard/libc_nano.a(lib_a-vsprintf.o) (_svfprintf_r)
/home/breno/st/stm32cubeide_1.7.0/plugins/com.st.stm32cube.ide.mcu.externaltools.gnu-tools-for-stm32.9-2020-q2-update.linux64_2.0.0.202105311346/tools/bin/../lib/gcc/arm-none-eabi/9.3.1/../../../../arm-none-eabi/lib/thumb/v7e-m+dp/hard/libc_nano.a(lib_a-nano-vfprintf_i.o)
                              /home/breno/st/stm32cubeide_1.7.0/plugins/com.st.stm32cube.ide.mcu.externaltools.gnu-tools-for-stm32.9-2020-q2-update.linux64_2.0.0.202105311346/tools/bin/../lib/gcc/arm-none-eabi/9.3.1/../../../../arm-none-eabi/lib/thumb/v7e-m+dp/hard/libc_nano.a(lib_a-nano-svfprintf.o) (_printf_i)
/home/breno/st/stm32cubeide_1.7.0/plugins/com.st.stm32cube.ide.mcu.externaltools.gnu-tools-for-stm32.9-2020-q2-update.linux64_2.0.0.202105311346/tools/bin/../lib/gcc/arm-none-eabi/9.3.1/../../../../arm-none-eabi/lib/thumb/v7e-m+dp/hard/libc_nano.a(lib_a-memchr.o)
                              /home/breno/st/stm32cubeide_1.7.0/plugins/com.st.stm32cube.ide.mcu.externaltools.gnu-tools-for-stm32.9-2020-q2-update.linux64_2.0.0.202105311346/tools/bin/../lib/gcc/arm-none-eabi/9.3.1/../../../../arm-none-eabi/lib/thumb/v7e-m+dp/hard/libc_nano.a(lib_a-nano-svfprintf.o) (memchr)
/home/breno/st/stm32cubeide_1.7.0/plugins/com.st.stm32cube.ide.mcu.externaltools.gnu-tools-for-stm32.9-2020-q2-update.linux64_2.0.0.202105311346/tools/bin/../lib/gcc/arm-none-eabi/9.3.1/../../../../arm-none-eabi/lib/thumb/v7e-m+dp/hard/libc_nano.a(lib_a-memcpy-stub.o)
                              /home/breno/st/stm32cubeide_1.7.0/plugins/com.st.stm32cube.ide.mcu.externaltools.gnu-tools-for-stm32.9-2020-q2-update.linux64_2.0.0.202105311346/tools/bin/../lib/gcc/arm-none-eabi/9.3.1/../../../../arm-none-eabi/lib/thumb/v7e-m+dp/hard/libc_nano.a(lib_a-nano-svfprintf.o) (memcpy)
[...]
Memory Configuration

Name             Origin             Length             Attributes
FLASH            0x0000000008000000 0x0000000000020000 xr
DTCMRAM          0x0000000020000000 0x0000000000020000 xrw
RAM_D1           0x0000000024000000 0x0000000000080000 xrw
RAM_D2           0x0000000030000000 0x0000000000048000 xrw
RAM_D3           0x0000000038000000 0x0000000000010000 xrw
ITCMRAM          0x0000000000000000 0x0000000000010000 xrw
*default*        0x0000000000000000 0xffffffffffffffff

Linker script and memory map

LOAD /home/breno/st/stm32cubeide_1.7.0/plugins/com.st.stm32cube.ide.mcu.externaltools.gnu-tools-for-stm32.9-2020-q2-update.linux64_2.0.0.202105311346/tools/bin/../lib/gcc/arm-none-eabi/9.3.1/thumb/v7e-m+dp/hard/crti.o
LOAD /home/breno/st/stm32cubeide_1.7.0/plugins/com.st.stm32cube.ide.mcu.externaltools.gnu-tools-for-stm32.9-2020-q2-update.linux64_2.0.0.202105311346/tools/bin/../lib/gcc/arm-none-eabi/9.3.1/thumb/v7e-m+dp/hard/crtbegin.o
LOAD /home/breno/st/stm32cubeide_1.7.0/plugins/com.st.stm32cube.ide.mcu.externaltools.gnu-tools-for-stm32.9-2020-q2-update.linux64_2.0.0.202105311346/tools/bin/../lib/gcc/arm-none-eabi/9.3.1/../../../../arm-none-eabi/lib/thumb/v7e-m+dp/hard/crt0.o
LOAD ./Core/Src/main.o
LOAD ./Core/Src/system_stm32h7xx.o
LOAD ./Core/Startup/startup_stm32h750vbtx.o
LOAD ./Drivers/easy-driver/easy_driver.o
START GROUP
LOAD /home/breno/st/stm32cubeide_1.7.0/plugins/com.st.stm32cube.ide.mcu.externaltools.gnu-tools-for-stm32.9-2020-q2-update.linux64_2.0.0.202105311346/tools/bin/../lib/gcc/arm-none-eabi/9.3.1/../../../../arm-none-eabi/lib/thumb/v7e-m+dp/hard/libc_nano.a
LOAD /home/breno/st/stm32cubeide_1.7.0/plugins/com.st.stm32cube.ide.mcu.externaltools.gnu-tools-for-stm32.9-2020-q2-update.linux64_2.0.0.202105311346/tools/bin/../lib/gcc/arm-none-eabi/9.3.1/../../../../arm-none-eabi/lib/thumb/v7e-m+dp/hard/libm.a
END GROUP
START GROUP
LOAD /home/breno/st/stm32cubeide_1.7.0/plugins/com.st.stm32cube.ide.mcu.externaltools.gnu-tools-for-stm32.9-2020-q2-update.linux64_2.0.0.202105311346/tools/bin/../lib/gcc/arm-none-eabi/9.3.1/thumb/v7e-m+dp/hard/libgcc.a
LOAD /home/breno/st/stm32cubeide_1.7.0/plugins/com.st.stm32cube.ide.mcu.externaltools.gnu-tools-for-stm32.9-2020-q2-update.linux64_2.0.0.202105311346/tools/bin/../lib/gcc/arm-none-eabi/9.3.1/../../../../arm-none-eabi/lib/thumb/v7e-m+dp/hard/libc_nano.a
END GROUP
START GROUP
LOAD /home/breno/st/stm32cubeide_1.7.0/plugins/com.st.stm32cube.ide.mcu.externaltools.gnu-tools-for-stm32.9-2020-q2-update.linux64_2.0.0.202105311346/tools/bin/../lib/gcc/arm-none-eabi/9.3.1/thumb/v7e-m+dp/hard/libgcc.a
LOAD /home/breno/st/stm32cubeide_1.7.0/plugins/com.st.stm32cube.ide.mcu.externaltools.gnu-tools-for-stm32.9-2020-q2-update.linux64_2.0.0.202105311346/tools/bin/../lib/gcc/arm-none-eabi/9.3.1/../../../../arm-none-eabi/lib/thumb/v7e-m+dp/hard/libc_nano.a
LOAD /home/breno/st/stm32cubeide_1.7.0/plugins/com.st.stm32cube.ide.mcu.externaltools.gnu-tools-for-stm32.9-2020-q2-update.linux64_2.0.0.202105311346/tools/bin/../lib/gcc/arm-none-eabi/9.3.1/../../../../arm-none-eabi/lib/thumb/v7e-m+dp/hard/libnosys.a
END GROUP
START GROUP
LOAD /home/breno/st/stm32cubeide_1.7.0/plugins/com.st.stm32cube.ide.mcu.externaltools.gnu-tools-for-stm32.9-2020-q2-update.linux64_2.0.0.202105311346/tools/bin/../lib/gcc/arm-none-eabi/9.3.1/thumb/v7e-m+dp/hard/libgcc.a
LOAD /home/breno/st/stm32cubeide_1.7.0/plugins/com.st.stm32cube.ide.mcu.externaltools.gnu-tools-for-stm32.9-2020-q2-update.linux64_2.0.0.202105311346/tools/bin/../lib/gcc/arm-none-eabi/9.3.1/../../../../arm-none-eabi/lib/thumb/v7e-m+dp/hard/libc_nano.a
LOAD /home/breno/st/stm32cubeide_1.7.0/plugins/com.st.stm32cube.ide.mcu.externaltools.gnu-tools-for-stm32.9-2020-q2-update.linux64_2.0.0.202105311346/tools/bin/../lib/gcc/arm-none-eabi/9.3.1/../../../../arm-none-eabi/lib/thumb/v7e-m+dp/hard/libnosys.a
END GROUP
LOAD /home/breno/st/stm32cubeide_1.7.0/plugins/com.st.stm32cube.ide.mcu.externaltools.gnu-tools-for-stm32.9-2020-q2-update.linux64_2.0.0.202105311346/tools/bin/../lib/gcc/arm-none-eabi/9.3.1/thumb/v7e-m+dp/hard/crtend.o
LOAD /home/breno/st/stm32cubeide_1.7.0/plugins/com.st.stm32cube.ide.mcu.externaltools.gnu-tools-for-stm32.9-2020-q2-update.linux64_2.0.0.202105311346/tools/bin/../lib/gcc/arm-none-eabi/9.3.1/thumb/v7e-m+dp/hard/crtn.o
                0x0000000024080000                _estack = (ORIGIN (RAM_D1) + LENGTH (RAM_D1))
                0x0000000000000200                _Min_Heap_Size = 0x200
                0x0000000000000400                _Min_Stack_Size = 0x400

.isr_vector     0x0000000008000000      0x298
                0x0000000008000000                . = ALIGN (0x4)
 *(.isr_vector)
 .isr_vector    0x0000000008000000      0x298 ./Core/Startup/startup_stm32h750vbtx.o
                0x0000000008000000                g_pfnVectors
                0x0000000008000298                . = ALIGN (0x4)

.text           0x00000000080002a0     0x13d4
                0x00000000080002a0                . = ALIGN (0x4)
 *(.text)
 .text          0x00000000080002a0       0x40 /home/breno/st/stm32cubeide_1.7.0/plugins/com.st.stm32cube.ide.mcu.externaltools.gnu-tools-for-stm32.9-2020-q2-update.linux64_2.0.0.202105311346/tools/bin/../lib/gcc/arm-none-eabi/9.3.1/thumb/v7e-m+dp/hard/crtbegin.o
 .text          0x00000000080002e0       0xa0 /home/breno/st/stm32cubeide_1.7.0/plugins/com.st.stm32cube.ide.mcu.externaltools.gnu-tools-for-stm32.9-2020-q2-update.linux64_2.0.0.202105311346/tools/bin/../lib/gcc/arm-none-eabi/9.3.1/../../../../arm-none-eabi/lib/thumb/v7e-m+dp/hard/libc_nano.a(lib_a-memchr.o)
                0x00000000080002e0                memchr
 *(.text*)
 .text.main     0x0000000008000380       0xb4 ./Core/Src/main.o
                0x0000000008000380                main
 .text.SystemInit
                0x0000000008000434      0x118 ./Core/Src/system_stm32h7xx.o
                0x0000000008000434                SystemInit
 .text.Reset_Handler
                0x000000000800054c       0x50 ./Core/Startup/startup_stm32h750vbtx.o
                0x000000000800054c                Reset_Handler
 .text.Default_Handler
                0x000000000800059c        0x2 ./Core/Startup/startup_stm32h750vbtx.o
                0x000000000800059c                RTC_Alarm_IRQHandler
                0x000000000800059c                HASH_RNG_IRQHandler
                0x000000000800059c                EXTI2_IRQHandler
                0x000000000800059c                TIM8_CC_IRQHandler
                0x000000000800059c                HRTIM1_Master_IRQHandler
                0x000000000800059c                DebugMon_Handler
                0x000000000800059c                UART8_IRQHandler
                0x000000000800059c                SPI4_IRQHandler
                0x000000000800059c                TIM1_CC_IRQHandler
                0x000000000800059c                BDMA_Channel6_IRQHandler
                0x000000000800059c                DMA2_Stream5_IRQHandler
                0x000000000800059c                HardFault_Handler
                0x000000000800059c                HRTIM1_FLT_IRQHandler
                0x000000000800059c                JPEG_IRQHandler
                0x000000000800059c                DMA1_Stream5_IRQHandler
                0x000000000800059c                SysTick_Handler
                0x000000000800059c                BDMA_Channel1_IRQHandler
                0x000000000800059c                HRTIM1_TIMD_IRQHandler
                0x000000000800059c                TAMP_STAMP_IRQHandler
                0x000000000800059c                PendSV_Handler
                0x000000000800059c                NMI_Handler
                0x000000000800059c                EXTI3_IRQHandler
                0x000000000800059c                LPTIM4_IRQHandler
                0x000000000800059c                TIM8_TRG_COM_TIM14_IRQHandler
                0x000000000800059c                LPTIM2_IRQHandler
                0x000000000800059c                DFSDM1_FLT1_IRQHandler
                0x000000000800059c                DMAMUX2_OVR_IRQHandler
                0x000000000800059c                TIM8_UP_TIM13_IRQHandler
                0x000000000800059c                I2C3_ER_IRQHandler
                0x000000000800059c                DFSDM1_FLT2_IRQHandler
                0x000000000800059c                MDMA_IRQHandler
                0x000000000800059c                LPTIM3_IRQHandler
                0x000000000800059c                HSEM1_IRQHandler
                0x000000000800059c                EXTI0_IRQHandler
                0x000000000800059c                I2C2_EV_IRQHandler
                0x000000000800059c                DMA1_Stream2_IRQHandler
                0x000000000800059c                FPU_IRQHandler
                0x000000000800059c                OTG_HS_WKUP_IRQHandler
                0x000000000800059c                FDCAN1_IT1_IRQHandler
                0x000000000800059c                UsageFault_Handler
                0x000000000800059c                LTDC_ER_IRQHandler
                0x000000000800059c                DMA2_Stream2_IRQHandler
                0x000000000800059c                HRTIM1_TIME_IRQHandler
                0x000000000800059c                SPI1_IRQHandler
                0x000000000800059c                TIM6_DAC_IRQHandler
                0x000000000800059c                DCMI_IRQHandler
                0x000000000800059c                HRTIM1_TIMC_IRQHandler
                0x000000000800059c                DMA2_Stream3_IRQHandler
                0x000000000800059c                SAI2_IRQHandler
                0x000000000800059c                DFSDM1_FLT3_IRQHandler
                0x000000000800059c                USART6_IRQHandler
                0x000000000800059c                TIM17_IRQHandler
                0x000000000800059c                USART3_IRQHandler
                0x000000000800059c                BDMA_Channel7_IRQHandler
                0x000000000800059c                CRYP_IRQHandler
                0x000000000800059c                LPTIM5_IRQHandler
                0x000000000800059c                UART5_IRQHandler
                0x000000000800059c                ADC3_IRQHandler
                0x000000000800059c                DMA2_Stream0_IRQHandler
                0x000000000800059c                TIM4_IRQHandler
                0x000000000800059c                BDMA_Channel2_IRQHandler
                0x000000000800059c                QUADSPI_IRQHandler
                0x000000000800059c                I2C1_EV_IRQHandler
                0x000000000800059c                DMA1_Stream6_IRQHandler
                0x000000000800059c                DMAMUX1_OVR_IRQHandler
                0x000000000800059c                DMA1_Stream1_IRQHandler
                0x000000000800059c                TIM16_IRQHandler
                0x000000000800059c                UART4_IRQHandler
                0x000000000800059c                BDMA_Channel5_IRQHandler
                0x000000000800059c                TIM3_IRQHandler
                0x000000000800059c                RCC_IRQHandler
                0x000000000800059c                TIM8_BRK_TIM12_IRQHandler
                0x000000000800059c                TIM1_TRG_COM_IRQHandler
                0x000000000800059c                Default_Handler
                0x000000000800059c                ECC_IRQHandler
                0x000000000800059c                CEC_IRQHandler
                0x000000000800059c                EXTI15_10_IRQHandler
                0x000000000800059c                BDMA_Channel0_IRQHandler
                0x000000000800059c                ADC_IRQHandler
                0x000000000800059c                DMA1_Stream7_IRQHandler
                0x000000000800059c                HRTIM1_TIMA_IRQHandler
                0x000000000800059c                SPI5_IRQHandler
                0x000000000800059c                TIM7_IRQHandler
                0x000000000800059c                SDMMC1_IRQHandler
                0x000000000800059c                TIM5_IRQHandler
                0x000000000800059c                DMA2_Stream7_IRQHandler
                0x000000000800059c                TIM15_IRQHandler
                0x000000000800059c                PVD_AVD_IRQHandler
                0x000000000800059c                I2C3_EV_IRQHandler
                0x000000000800059c                EXTI9_5_IRQHandler
                0x000000000800059c                RTC_WKUP_IRQHandler
                0x000000000800059c                LTDC_IRQHandler
                0x000000000800059c                SAI3_IRQHandler
                0x000000000800059c                ETH_WKUP_IRQHandler
                0x000000000800059c                SPDIF_RX_IRQHandler
                0x000000000800059c                SPI2_IRQHandler
                0x000000000800059c                OTG_HS_EP1_IN_IRQHandler
                0x000000000800059c                MemManage_Handler
                0x000000000800059c                DMA1_Stream0_IRQHandler
                0x000000000800059c                SVC_Handler
                0x000000000800059c                CRS_IRQHandler
                0x000000000800059c                EXTI4_IRQHandler
                0x000000000800059c                HRTIM1_TIMB_IRQHandler
                0x000000000800059c                FDCAN2_IT1_IRQHandler
                0x000000000800059c                ETH_IRQHandler
                0x000000000800059c                TIM1_UP_IRQHandler
                0x000000000800059c                BDMA_Channel4_IRQHandler
                0x000000000800059c                OTG_HS_EP1_OUT_IRQHandler
                0x000000000800059c                WWDG_IRQHandler
                0x000000000800059c                SPI6_IRQHandler
                0x000000000800059c                MDIOS_IRQHandler
                0x000000000800059c                I2C4_EV_IRQHandler
                0x000000000800059c                FDCAN2_IT0_IRQHandler
                0x000000000800059c                LPUART1_IRQHandler
                0x000000000800059c                FDCAN1_IT0_IRQHandler
                0x000000000800059c                TIM2_IRQHandler
                0x000000000800059c                OTG_FS_WKUP_IRQHandler
                0x000000000800059c                OTG_HS_IRQHandler
                0x000000000800059c                DMA2D_IRQHandler
                0x000000000800059c                TIM1_BRK_IRQHandler
                0x000000000800059c                EXTI1_IRQHandler
                0x000000000800059c                SDMMC2_IRQHandler
                0x000000000800059c                OTG_FS_EP1_OUT_IRQHandler
                0x000000000800059c                BDMA_Channel3_IRQHandler
                0x000000000800059c                UART7_IRQHandler
                0x000000000800059c                MDIOS_WKUP_IRQHandler
                0x000000000800059c                USART2_IRQHandler
                0x000000000800059c                DFSDM1_FLT0_IRQHandler
                0x000000000800059c                SAI4_IRQHandler
                0x000000000800059c                I2C2_ER_IRQHandler
                0x000000000800059c                DMA2_Stream1_IRQHandler
                0x000000000800059c                FLASH_IRQHandler
                0x000000000800059c                DMA2_Stream4_IRQHandler
                0x000000000800059c                BusFault_Handler
                0x000000000800059c                USART1_IRQHandler
                0x000000000800059c                OTG_FS_IRQHandler
                0x000000000800059c                SPI3_IRQHandler
                0x000000000800059c                WAKEUP_PIN_IRQHandler
                0x000000000800059c                DMA1_Stream4_IRQHandler
                0x000000000800059c                OTG_FS_EP1_IN_IRQHandler
                0x000000000800059c                I2C1_ER_IRQHandler
                0x000000000800059c                FMC_IRQHandler
                0x000000000800059c                FDCAN_CAL_IRQHandler
                0x000000000800059c                SWPMI1_IRQHandler
                0x000000000800059c                COMP1_IRQHandler
                0x000000000800059c                LPTIM1_IRQHandler
                0x000000000800059c                I2C4_ER_IRQHandler
                0x000000000800059c                DMA2_Stream6_IRQHandler
                0x000000000800059c                SAI1_IRQHandler
                0x000000000800059c                DMA1_Stream3_IRQHandler
 .text.easyGPIOConfig
                0x000000000800059e       0x2c ./Drivers/easy-driver/easy_driver.o
                0x000000000800059e                easyGPIOConfig
 *fill*         0x00000000080005ca        0x2 
 .text.easyGPIOConfigFullSet
                0x00000000080005cc      0x270 ./Drivers/easy-driver/easy_driver.o
                0x00000000080005cc                easyGPIOConfigFullSet
 .text.easyGPIOCheckClock
                0x000000000800083c       0x6c ./Drivers/easy-driver/easy_driver.o
                0x000000000800083c                easyGPIOCheckClock
 .text.easyGPIOSetState
                0x00000000080008a8       0x46 ./Drivers/easy-driver/easy_driver.o
                0x00000000080008a8                easyGPIOSetState
 .text.easyGPIOReadState
                0x00000000080008ee       0xa8 ./Drivers/easy-driver/easy_driver.o
                0x00000000080008ee                easyGPIOReadState
 .text.easyGPIOToggle
                0x0000000008000996       0x6a ./Drivers/easy-driver/easy_driver.o
                0x0000000008000996                easyGPIOToggle
 .text.easyUSARTConfig
                0x0000000008000a00      0x178 ./Drivers/easy-driver/easy_driver.o
                0x0000000008000a00                easyUSARTConfig
 .text.easyUSARTCheckClock
                0x0000000008000b78       0xc4 ./Drivers/easy-driver/easy_driver.o
                0x0000000008000b78                easyUSARTCheckClock
 .text.easySetUSARTBaudrate
                0x0000000008000c3c       0x40 ./Drivers/easy-driver/easy_driver.o
                0x0000000008000c3c                easySetUSARTBaudrate
 .text.easyUSARTSendChar
                0x0000000008000c7c       0x34 ./Drivers/easy-driver/easy_driver.o
                0x0000000008000c7c                easyUSARTSendChar
 .text.easyUSARTSendString
                0x0000000008000cb0       0x2e ./Drivers/easy-driver/easy_driver.o
                0x0000000008000cb0                easyUSARTSendString
 .text.easyUSARTprintf
                0x0000000008000cde       0x3c ./Drivers/easy-driver/easy_driver.o
                0x0000000008000cde                easyUSARTprintf
 .text.easyClearBit
                0x0000000008000d1a       0x2c ./Drivers/easy-driver/easy_driver.o
                0x0000000008000d1a                easyClearBit
 .text.easySetBit
                0x0000000008000d46       0x2a ./Drivers/easy-driver/easy_driver.o
                0x0000000008000d46                easySetBit
 .text.easyReadBit
                0x0000000008000d70       0x2c ./Drivers/easy-driver/easy_driver.o
                0x0000000008000d70                easyReadBit
 .text.__libc_init_array
                0x0000000008000d9c       0x48 /home/breno/st/stm32cubeide_1.7.0/plugins/com.st.stm32cube.ide.mcu.externaltools.gnu-tools-for-stm32.9-2020-q2-update.linux64_2.0.0.202105311346/tools/bin/../lib/gcc/arm-none-eabi/9.3.1/../../../../arm-none-eabi/lib/thumb/v7e-m+dp/hard/libc_nano.a(lib_a-init.o)
                0x0000000008000d9c                __libc_init_array
 .text._vsprintf_r
                0x0000000008000de4       0x2c /home/breno/st/stm32cubeide_1.7.0/plugins/com.st.stm32cube.ide.mcu.externaltools.gnu-tools-for-stm32.9-2020-q2-update.linux64_2.0.0.202105311346/tools/bin/../lib/gcc/arm-none-eabi/9.3.1/../../../../arm-none-eabi/lib/thumb/v7e-m+dp/hard/libc_nano.a(lib_a-vsprintf.o)
                0x0000000008000de4                _vsiprintf_r
                0x0000000008000de4                _vsprintf_r
 .text.vsprintf
                0x0000000008000e10       0x14 /home/breno/st/stm32cubeide_1.7.0/plugins/com.st.stm32cube.ide.mcu.externaltools.gnu-tools-for-stm32.9-2020-q2-update.linux64_2.0.0.202105311346/tools/bin/../lib/gcc/arm-none-eabi/9.3.1/../../../../arm-none-eabi/lib/thumb/v7e-m+dp/hard/libc_nano.a(lib_a-vsprintf.o)
                0x0000000008000e10                vsprintf
                0x0000000008000e10                vsiprintf
 .text.__ssputs_r
                0x0000000008000e24       0xb6 /home/breno/st/stm32cubeide_1.7.0/plugins/com.st.stm32cube.ide.mcu.externaltools.gnu-tools-for-stm32.9-2020-q2-update.linux64_2.0.0.202105311346/tools/bin/../lib/gcc/arm-none-eabi/9.3.1/../../../../arm-none-eabi/lib/thumb/v7e-m+dp/hard/libc_nano.a(lib_a-nano-svfprintf.o)
                0x0000000008000e24                __ssputs_r
 *fill*         0x0000000008000eda        0x2 
 .text._svfprintf_r
                0x0000000008000edc      0x200 /home/breno/st/stm32cubeide_1.7.0/plugins/com.st.stm32cube.ide.mcu.externaltools.gnu-tools-for-stm32.9-2020-q2-update.linux64_2.0.0.202105311346/tools/bin/../lib/gcc/arm-none-eabi/9.3.1/../../../../arm-none-eabi/lib/thumb/v7e-m+dp/hard/libc_nano.a(lib_a-nano-svfprintf.o)
                0x0000000008000edc                _svfprintf_r
                0x0000000008000edc                _svfiprintf_r
 .text._printf_common
                0x00000000080010dc       0xda /home/breno/st/stm32cubeide_1.7.0/plugins/com.st.stm32cube.ide.mcu.externaltools.gnu-tools-for-stm32.9-2020-q2-update.linux64_2.0.0.202105311346/tools/bin/../lib/gcc/arm-none-eabi/9.3.1/../../../../arm-none-eabi/lib/thumb/v7e-m+dp/hard/libc_nano.a(lib_a-nano-vfprintf_i.o)
                0x00000000080010dc                _printf_common
 *fill*         0x00000000080011b6        0x2 
 .text._printf_i
                0x00000000080011b8      0x24c /home/breno/st/stm32cubeide_1.7.0/plugins/com.st.stm32cube.ide.mcu.externaltools.gnu-tools-for-stm32.9-2020-q2-update.linux64_2.0.0.202105311346/tools/bin/../lib/gcc/arm-none-eabi/9.3.1/../../../../arm-none-eabi/lib/thumb/v7e-m+dp/hard/libc_nano.a(lib_a-nano-vfprintf_i.o)
                0x00000000080011b8                _printf_i
 .text.memcpy   0x0000000008001404       0x1c /home/breno/st/stm32cubeide_1.7.0/plugins/com.st.stm32cube.ide.mcu.externaltools.gnu-tools-for-stm32.9-2020-q2-update.linux64_2.0.0.202105311346/tools/bin/../lib/gcc/arm-none-eabi/9.3.1/../../../../arm-none-eabi/lib/thumb/v7e-m+dp/hard/libc_nano.a(lib_a-memcpy-stub.o)
                0x0000000008001404                memcpy
 .text.memmove  0x0000000008001420       0x34 /home/breno/st/stm32cubeide_1.7.0/plugins/com.st.stm32cube.ide.mcu.externaltools.gnu-tools-for-stm32.9-2020-q2-update.linux64_2.0.0.202105311346/tools/bin/../lib/gcc/arm-none-eabi/9.3.1/../../../../arm-none-eabi/lib/thumb/v7e-m+dp/hard/libc_nano.a(lib_a-memmove.o)
                0x0000000008001420                memmove
 .text._free_r  0x0000000008001454       0xa0 /home/breno/st/stm32cubeide_1.7.0/plugins/com.st.stm32cube.ide.mcu.externaltools.gnu-tools-for-stm32.9-2020-q2-update.linux64_2.0.0.202105311346/tools/bin/../lib/gcc/arm-none-eabi/9.3.1/../../../../arm-none-eabi/lib/thumb/v7e-m+dp/hard/libc_nano.a(lib_a-nano-freer.o)
                0x0000000008001454                _free_r
 .text._malloc_r
                0x00000000080014f4       0xb4 /home/breno/st/stm32cubeide_1.7.0/plugins/com.st.stm32cube.ide.mcu.externaltools.gnu-tools-for-stm32.9-2020-q2-update.linux64_2.0.0.202105311346/tools/bin/../lib/gcc/arm-none-eabi/9.3.1/../../../../arm-none-eabi/lib/thumb/v7e-m+dp/hard/libc_nano.a(lib_a-nano-mallocr.o)
                0x00000000080014f4                _malloc_r
 .text._realloc_r
                0x00000000080015a8       0x4c /home/breno/st/stm32cubeide_1.7.0/plugins/com.st.stm32cube.ide.mcu.externaltools.gnu-tools-for-stm32.9-2020-q2-update.linux64_2.0.0.202105311346/tools/bin/../lib/gcc/arm-none-eabi/9.3.1/../../../../arm-none-eabi/lib/thumb/v7e-m+dp/hard/libc_nano.a(lib_a-nano-reallocr.o)
                0x00000000080015a8                _realloc_r
 .text._sbrk_r  0x00000000080015f4       0x20 /home/breno/st/stm32cubeide_1.7.0/plugins/com.st.stm32cube.ide.mcu.externaltools.gnu-tools-for-stm32.9-2020-q2-update.linux64_2.0.0.202105311346/tools/bin/../lib/gcc/arm-none-eabi/9.3.1/../../../../arm-none-eabi/lib/thumb/v7e-m+dp/hard/libc_nano.a(lib_a-sbrkr.o)
                0x00000000080015f4                _sbrk_r
 .text.__malloc_lock
                0x0000000008001614        0xc /home/breno/st/stm32cubeide_1.7.0/plugins/com.st.stm32cube.ide.mcu.externaltools.gnu-tools-for-stm32.9-2020-q2-update.linux64_2.0.0.202105311346/tools/bin/../lib/gcc/arm-none-eabi/9.3.1/../../../../arm-none-eabi/lib/thumb/v7e-m+dp/hard/libc_nano.a(lib_a-mlock.o)
                0x0000000008001614                __malloc_lock
 .text.__malloc_unlock
                0x0000000008001620        0xc /home/breno/st/stm32cubeide_1.7.0/plugins/com.st.stm32cube.ide.mcu.externaltools.gnu-tools-for-stm32.9-2020-q2-update.linux64_2.0.0.202105311346/tools/bin/../lib/gcc/arm-none-eabi/9.3.1/../../../../arm-none-eabi/lib/thumb/v7e-m+dp/hard/libc_nano.a(lib_a-mlock.o)
                0x0000000008001620                __malloc_unlock
 .text._malloc_usable_size_r
                0x000000000800162c       0x10 /home/breno/st/stm32cubeide_1.7.0/plugins/com.st.stm32cube.ide.mcu.externaltools.gnu-tools-for-stm32.9-2020-q2-update.linux64_2.0.0.202105311346/tools/bin/../lib/gcc/arm-none-eabi/9.3.1/../../../../arm-none-eabi/lib/thumb/v7e-m+dp/hard/libc_nano.a(lib_a-nano-msizer.o)
                0x000000000800162c                _malloc_usable_size_r
 .text.__retarget_lock_acquire_recursive
                0x000000000800163c        0x2 /home/breno/st/stm32cubeide_1.7.0/plugins/com.st.stm32cube.ide.mcu.externaltools.gnu-tools-for-stm32.9-2020-q2-update.linux64_2.0.0.202105311346/tools/bin/../lib/gcc/arm-none-eabi/9.3.1/../../../../arm-none-eabi/lib/thumb/v7e-m+dp/hard/libc_nano.a(lib_a-lock.o)
                0x000000000800163c                __retarget_lock_acquire_recursive
 .text.__retarget_lock_release_recursive
                0x000000000800163e        0x2 /home/breno/st/stm32cubeide_1.7.0/plugins/com.st.stm32cube.ide.mcu.externaltools.gnu-tools-for-stm32.9-2020-q2-update.linux64_2.0.0.202105311346/tools/bin/../lib/gcc/arm-none-eabi/9.3.1/../../../../arm-none-eabi/lib/thumb/v7e-m+dp/hard/libc_nano.a(lib_a-lock.o)
                0x000000000800163e                __retarget_lock_release_recursive
 .text._sbrk    0x0000000008001640       0x1c /home/breno/st/stm32cubeide_1.7.0/plugins/com.st.stm32cube.ide.mcu.externaltools.gnu-tools-for-stm32.9-2020-q2-update.linux64_2.0.0.202105311346/tools/bin/../lib/gcc/arm-none-eabi/9.3.1/../../../../arm-none-eabi/lib/thumb/v7e-m+dp/hard/libnosys.a(sbrk.o)
                0x0000000008001640                _sbrk
 *(.glue_7)
 .glue_7        0x000000000800165c        0x0 linker stubs
 *(.glue_7t)
 .glue_7t       0x000000000800165c        0x0 linker stubs
 *(.eh_frame)
 .eh_frame      0x000000000800165c        0x0 /home/breno/st/stm32cubeide_1.7.0/plugins/com.st.stm32cube.ide.mcu.externaltools.gnu-tools-for-stm32.9-2020-q2-update.linux64_2.0.0.202105311346/tools/bin/../lib/gcc/arm-none-eabi/9.3.1/thumb/v7e-m+dp/hard/crtbegin.o
 *(.init)
 .init          0x000000000800165c        0x4 /home/breno/st/stm32cubeide_1.7.0/plugins/com.st.stm32cube.ide.mcu.externaltools.gnu-tools-for-stm32.9-2020-q2-update.linux64_2.0.0.202105311346/tools/bin/../lib/gcc/arm-none-eabi/9.3.1/thumb/v7e-m+dp/hard/crti.o
                0x000000000800165c                _init
 .init          0x0000000008001660        0x8 /home/breno/st/stm32cubeide_1.7.0/plugins/com.st.stm32cube.ide.mcu.externaltools.gnu-tools-for-stm32.9-2020-q2-update.linux64_2.0.0.202105311346/tools/bin/../lib/gcc/arm-none-eabi/9.3.1/thumb/v7e-m+dp/hard/crtn.o
 *(.fini)
 .fini          0x0000000008001668        0x4 /home/breno/st/stm32cubeide_1.7.0/plugins/com.st.stm32cube.ide.mcu.externaltools.gnu-tools-for-stm32.9-2020-q2-update.linux64_2.0.0.202105311346/tools/bin/../lib/gcc/arm-none-eabi/9.3.1/thumb/v7e-m+dp/hard/crti.o
                0x0000000008001668                _fini
 .fini          0x000000000800166c        0x8 /home/breno/st/stm32cubeide_1.7.0/plugins/com.st.stm32cube.ide.mcu.externaltools.gnu-tools-for-stm32.9-2020-q2-update.linux64_2.0.0.202105311346/tools/bin/../lib/gcc/arm-none-eabi/9.3.1/thumb/v7e-m+dp/hard/crtn.o
                0x0000000008001674                . = ALIGN (0x4)
                0x0000000008001674                _etext = .

.vfp11_veneer   0x0000000008001674        0x0
 .vfp11_veneer  0x0000000008001674        0x0 linker stubs

.v4_bx          0x0000000008001674        0x0
 .v4_bx         0x0000000008001674        0x0 linker stubs

.iplt           0x0000000008001674        0x0
 .iplt          0x0000000008001674        0x0 /home/breno/st/stm32cubeide_1.7.0/plugins/com.st.stm32cube.ide.mcu.externaltools.gnu-tools-for-stm32.9-2020-q2-update.linux64_2.0.0.202105311346/tools/bin/../lib/gcc/arm-none-eabi/9.3.1/thumb/v7e-m+dp/hard/crtbegin.o

.rodata         0x0000000008001674       0x44
                0x0000000008001674                . = ALIGN (0x4)
 *(.rodata)
 .rodata        0x0000000008001674       0x10 ./Core/Src/main.o
 *(.rodata*)
 .rodata._svfprintf_r.str1.1
                0x0000000008001684       0x11 /home/breno/st/stm32cubeide_1.7.0/plugins/com.st.stm32cube.ide.mcu.externaltools.gnu-tools-for-stm32.9-2020-q2-update.linux64_2.0.0.202105311346/tools/bin/../lib/gcc/arm-none-eabi/9.3.1/../../../../arm-none-eabi/lib/thumb/v7e-m+dp/hard/libc_nano.a(lib_a-nano-svfprintf.o)
 .rodata._printf_i.str1.1
                0x0000000008001695       0x22 /home/breno/st/stm32cubeide_1.7.0/plugins/com.st.stm32cube.ide.mcu.externaltools.gnu-tools-for-stm32.9-2020-q2-update.linux64_2.0.0.202105311346/tools/bin/../lib/gcc/arm-none-eabi/9.3.1/../../../../arm-none-eabi/lib/thumb/v7e-m+dp/hard/libc_nano.a(lib_a-nano-vfprintf_i.o)
                0x00000000080016b8                . = ALIGN (0x4)
 *fill*         0x00000000080016b7        0x1 

.rel.dyn        0x00000000080016b8        0x0
 .rel.iplt      0x00000000080016b8        0x0 /home/breno/st/stm32cubeide_1.7.0/plugins/com.st.stm32cube.ide.mcu.externaltools.gnu-tools-for-stm32.9-2020-q2-update.linux64_2.0.0.202105311346/tools/bin/../lib/gcc/arm-none-eabi/9.3.1/thumb/v7e-m+dp/hard/crtbegin.o

.ARM.extab
 *(.ARM.extab* .gnu.linkonce.armextab.*)

.ARM            0x00000000080016b8        0x0
                0x00000000080016b8                __exidx_start = .
 *(.ARM.exidx*)
                0x00000000080016b8                __exidx_end = .

.preinit_array  0x00000000080016b8        0x0
                0x00000000080016b8                PROVIDE (__preinit_array_start = .)
 *(.preinit_array*)
                0x00000000080016b8                PROVIDE (__preinit_array_end = .)

.init_array     0x00000000080016b8        0x4
                0x00000000080016b8                PROVIDE (__init_array_start = .)
 *(SORT_BY_NAME(.init_array.*))
 *(.init_array*)
 .init_array    0x00000000080016b8        0x4 /home/breno/st/stm32cubeide_1.7.0/plugins/com.st.stm32cube.ide.mcu.externaltools.gnu-tools-for-stm32.9-2020-q2-update.linux64_2.0.0.202105311346/tools/bin/../lib/gcc/arm-none-eabi/9.3.1/thumb/v7e-m+dp/hard/crtbegin.o
                0x00000000080016bc                PROVIDE (__init_array_end = .)

.fini_array     0x00000000080016bc        0x4
                [!provide]                        PROVIDE (__fini_array_start = .)
 *(SORT_BY_NAME(.fini_array.*))
 *(.fini_array*)
 .fini_array    0x00000000080016bc        0x4 /home/breno/st/stm32cubeide_1.7.0/plugins/com.st.stm32cube.ide.mcu.externaltools.gnu-tools-for-stm32.9-2020-q2-update.linux64_2.0.0.202105311346/tools/bin/../lib/gcc/arm-none-eabi/9.3.1/thumb/v7e-m+dp/hard/crtbegin.o
                [!provide]                        PROVIDE (__fini_array_end = .)
                0x00000000080016c0                _sidata = LOADADDR (.data)

.data           0x0000000024000000       0xb0 load address 0x00000000080016c0
                0x0000000024000000                . = ALIGN (0x4)
                0x0000000024000000                _sdata = .
 *(.data)
 *(.data*)
 .data.ref_gpio_group
                0x0000000024000000       0x2c ./Drivers/easy-driver/easy_driver.o
                0x0000000024000000                ref_gpio_group
 .data.ref_uart_group
                0x000000002400002c       0x20 ./Drivers/easy-driver/easy_driver.o
                0x000000002400002c                ref_uart_group
 .data._impure_ptr
                0x000000002400004c        0x4 /home/breno/st/stm32cubeide_1.7.0/plugins/com.st.stm32cube.ide.mcu.externaltools.gnu-tools-for-stm32.9-2020-q2-update.linux64_2.0.0.202105311346/tools/bin/../lib/gcc/arm-none-eabi/9.3.1/../../../../arm-none-eabi/lib/thumb/v7e-m+dp/hard/libc_nano.a(lib_a-impure.o)
                0x000000002400004c                _impure_ptr
 .data.impure_data
                0x0000000024000050       0x60 /home/breno/st/stm32cubeide_1.7.0/plugins/com.st.stm32cube.ide.mcu.externaltools.gnu-tools-for-stm32.9-2020-q2-update.linux64_2.0.0.202105311346/tools/bin/../lib/gcc/arm-none-eabi/9.3.1/../../../../arm-none-eabi/lib/thumb/v7e-m+dp/hard/libc_nano.a(lib_a-impure.o)
 *(.RamFunc)
 *(.RamFunc*)
                0x00000000240000b0                . = ALIGN (0x4)
                0x00000000240000b0                _edata = .

.igot.plt       0x00000000240000b0        0x0 load address 0x0000000008001770
 .igot.plt      0x00000000240000b0        0x0 /home/breno/st/stm32cubeide_1.7.0/plugins/com.st.stm32cube.ide.mcu.externaltools.gnu-tools-for-stm32.9-2020-q2-update.linux64_2.0.0.202105311346/tools/bin/../lib/gcc/arm-none-eabi/9.3.1/thumb/v7e-m+dp/hard/crtbegin.o
                0x00000000240000b0                . = ALIGN (0x4)

.bss            0x00000000240000b0       0x38 load address 0x0000000008001770
                0x00000000240000b0                _sbss = .
                0x00000000240000b0                __bss_start__ = _sbss
 *(.bss)
 .bss           0x00000000240000b0       0x1c /home/breno/st/stm32cubeide_1.7.0/plugins/com.st.stm32cube.ide.mcu.externaltools.gnu-tools-for-stm32.9-2020-q2-update.linux64_2.0.0.202105311346/tools/bin/../lib/gcc/arm-none-eabi/9.3.1/thumb/v7e-m+dp/hard/crtbegin.o
 *(.bss*)
 .bss.__malloc_free_list
                0x00000000240000cc        0x4 /home/breno/st/stm32cubeide_1.7.0/plugins/com.st.stm32cube.ide.mcu.externaltools.gnu-tools-for-stm32.9-2020-q2-update.linux64_2.0.0.202105311346/tools/bin/../lib/gcc/arm-none-eabi/9.3.1/../../../../arm-none-eabi/lib/thumb/v7e-m+dp/hard/libc_nano.a(lib_a-nano-mallocr.o)
                0x00000000240000cc                __malloc_free_list
 .bss.__malloc_sbrk_start
                0x00000000240000d0        0x4 /home/breno/st/stm32cubeide_1.7.0/plugins/com.st.stm32cube.ide.mcu.externaltools.gnu-tools-for-stm32.9-2020-q2-update.linux64_2.0.0.202105311346/tools/bin/../lib/gcc/arm-none-eabi/9.3.1/../../../../arm-none-eabi/lib/thumb/v7e-m+dp/hard/libc_nano.a(lib_a-nano-mallocr.o)
                0x00000000240000d0                __malloc_sbrk_start
 .bss.heap_end.5507
                0x00000000240000d4        0x4 /home/breno/st/stm32cubeide_1.7.0/plugins/com.st.stm32cube.ide.mcu.externaltools.gnu-tools-for-stm32.9-2020-q2-update.linux64_2.0.0.202105311346/tools/bin/../lib/gcc/arm-none-eabi/9.3.1/../../../../arm-none-eabi/lib/thumb/v7e-m+dp/hard/libnosys.a(sbrk.o)
 *(COMMON)
 COMMON         0x00000000240000d8        0x4 /home/breno/st/stm32cubeide_1.7.0/plugins/com.st.stm32cube.ide.mcu.externaltools.gnu-tools-for-stm32.9-2020-q2-update.linux64_2.0.0.202105311346/tools/bin/../lib/gcc/arm-none-eabi/9.3.1/../../../../arm-none-eabi/lib/thumb/v7e-m+dp/hard/libc_nano.a(lib_a-reent.o)
                0x00000000240000d8                errno
 COMMON         0x00000000240000dc        0x9 /home/breno/st/stm32cubeide_1.7.0/plugins/com.st.stm32cube.ide.mcu.externaltools.gnu-tools-for-stm32.9-2020-q2-update.linux64_2.0.0.202105311346/tools/bin/../lib/gcc/arm-none-eabi/9.3.1/../../../../arm-none-eabi/lib/thumb/v7e-m+dp/hard/libc_nano.a(lib_a-lock.o)
                0x00000000240000dc                __lock___atexit_recursive_mutex
                0x00000000240000dd                __lock___arc4random_mutex
                0x00000000240000de                __lock___env_recursive_mutex
                0x00000000240000df                __lock___sinit_recursive_mutex
                0x00000000240000e0                __lock___malloc_recursive_mutex
                0x00000000240000e1                __lock___at_quick_exit_mutex
                0x00000000240000e2                __lock___dd_hash_mutex
                0x00000000240000e3                __lock___tz_mutex
                0x00000000240000e4                __lock___sfp_recursive_mutex
                0x00000000240000e8                . = ALIGN (0x4)
 *fill*         0x00000000240000e5        0x3 
                0x00000000240000e8                _ebss = .
                0x00000000240000e8                __bss_end__ = _ebss

._user_heap_stack
                0x00000000240000e8      0x600 load address 0x0000000008001770
                0x00000000240000e8                . = ALIGN (0x8)
                0x00000000240000e8                PROVIDE (end = .)
                [!provide]                        PROVIDE (_end = .)
                0x00000000240002e8                . = (. + _Min_Heap_Size)
 *fill*         0x00000000240000e8      0x200 
                0x00000000240006e8                . = (. + _Min_Stack_Size)
 *fill*         0x00000000240002e8      0x400 
                0x00000000240006e8                . = ALIGN (0x8)

/DISCARD/
 libc.a(*)
 libm.a(*)
 libgcc.a(*)

.ARM.attributes
                0x0000000000000000       0x2e
 *(.ARM.attributes)
 .ARM.attributes
                0x0000000000000000       0x1e /home/breno/st/stm32cubeide_1.7.0/plugins/com.st.stm32cube.ide.mcu.externaltools.gnu-tools-for-stm32.9-2020-q2-update.linux64_2.0.0.202105311346/tools/bin/../lib/gcc/arm-none-eabi/9.3.1/thumb/v7e-m+dp/hard/crti.o
 .ARM.attributes
                0x000000000000001e       0x32 /home/breno/st/stm32cubeide_1.7.0/plugins/com.st.stm32cube.ide.mcu.externaltools.gnu-tools-for-stm32.9-2020-q2-update.linux64_2.0.0.202105311346/tools/bin/../lib/gcc/arm-none-eabi/9.3.1/thumb/v7e-m+dp/hard/crtbegin.o
 .ARM.attributes
                0x0000000000000050       0x32 ./Core/Src/main.o
 .ARM.attributes
                0x0000000000000082       0x32 ./Core/Src/system_stm32h7xx.o
 .ARM.attributes
                0x00000000000000b4       0x21 ./Core/Startup/startup_stm32h750vbtx.o
 .ARM.attributes
                0x00000000000000d5       0x32 ./Drivers/easy-driver/easy_driver.o
 .ARM.attributes
                0x0000000000000107       0x30 /home/breno/st/stm32cubeide_1.7.0/plugins/com.st.stm32cube.ide.mcu.externaltools.gnu-tools-for-stm32.9-2020-q2-update.linux64_2.0.0.202105311346/tools/bin/../lib/gcc/arm-none-eabi/9.3.1/../../../../arm-none-eabi/lib/thumb/v7e-m+dp/hard/libc_nano.a(lib_a-impure.o)
 .ARM.attributes
                0x0000000000000137       0x32 /home/breno/st/stm32cubeide_1.7.0/plugins/com.st.stm32cube.ide.mcu.externaltools.gnu-tools-for-stm32.9-2020-q2-update.linux64_2.0.0.202105311346/tools/bin/../lib/gcc/arm-none-eabi/9.3.1/../../../../arm-none-eabi/lib/thumb/v7e-m+dp/hard/libc_nano.a(lib_a-init.o)
 .ARM.attributes
                0x0000000000000169       0x32 /home/breno/st/stm32cubeide_1.7.0/plugins/com.st.stm32cube.ide.mcu.externaltools.gnu-tools-for-stm32.9-2020-q2-update.linux64_2.0.0.202105311346/tools/bin/../lib/gcc/arm-none-eabi/9.3.1/../../../../arm-none-eabi/lib/thumb/v7e-m+dp/hard/libc_nano.a(lib_a-vsprintf.o)
 .ARM.attributes
                0x000000000000019b       0x32 /home/breno/st/stm32cubeide_1.7.0/plugins/com.st.stm32cube.ide.mcu.externaltools.gnu-tools-for-stm32.9-2020-q2-update.linux64_2.0.0.202105311346/tools/bin/../lib/gcc/arm-none-eabi/9.3.1/../../../../arm-none-eabi/lib/thumb/v7e-m+dp/hard/libc_nano.a(lib_a-nano-svfprintf.o)
 .ARM.attributes
                0x00000000000001cd       0x32 /home/breno/st/stm32cubeide_1.7.0/plugins/com.st.stm32cube.ide.mcu.externaltools.gnu-tools-for-stm32.9-2020-q2-update.linux64_2.0.0.202105311346/tools/bin/../lib/gcc/arm-none-eabi/9.3.1/../../../../arm-none-eabi/lib/thumb/v7e-m+dp/hard/libc_nano.a(lib_a-nano-vfprintf_i.o)
 .ARM.attributes
                0x00000000000001ff       0x1c /home/breno/st/stm32cubeide_1.7.0/plugins/com.st.stm32cube.ide.mcu.externaltools.gnu-tools-for-stm32.9-2020-q2-update.linux64_2.0.0.202105311346/tools/bin/../lib/gcc/arm-none-eabi/9.3.1/../../../../arm-none-eabi/lib/thumb/v7e-m+dp/hard/libc_nano.a(lib_a-memchr.o)
 .ARM.attributes
                0x000000000000021b       0x32 /home/breno/st/stm32cubeide_1.7.0/plugins/com.st.stm32cube.ide.mcu.externaltools.gnu-tools-for-stm32.9-2020-q2-update.linux64_2.0.0.202105311346/tools/bin/../lib/gcc/arm-none-eabi/9.3.1/../../../../arm-none-eabi/lib/thumb/v7e-m+dp/hard/libc_nano.a(lib_a-memcpy-stub.o)
 .ARM.attributes
                0x000000000000024d       0x32 /home/breno/st/stm32cubeide_1.7.0/plugins/com.st.stm32cube.ide.mcu.externaltools.gnu-tools-for-stm32.9-2020-q2-update.linux64_2.0.0.202105311346/tools/bin/../lib/gcc/arm-none-eabi/9.3.1/../../../../arm-none-eabi/lib/thumb/v7e-m+dp/hard/libc_nano.a(lib_a-memmove.o)
 .ARM.attributes
                0x000000000000027f       0x32 /home/breno/st/stm32cubeide_1.7.0/plugins/com.st.stm32cube.ide.mcu.externaltools.gnu-tools-for-stm32.9-2020-q2-update.linux64_2.0.0.202105311346/tools/bin/../lib/gcc/arm-none-eabi/9.3.1/../../../../arm-none-eabi/lib/thumb/v7e-m+dp/hard/libc_nano.a(lib_a-nano-freer.o)
 .ARM.attributes
                0x00000000000002b1       0x32 /home/breno/st/stm32cubeide_1.7.0/plugins/com.st.stm32cube.ide.mcu.externaltools.gnu-tools-for-stm32.9-2020-q2-update.linux64_2.0.0.202105311346/tools/bin/../lib/gcc/arm-none-eabi/9.3.1/../../../../arm-none-eabi/lib/thumb/v7e-m+dp/hard/libc_nano.a(lib_a-nano-mallocr.o)
 .ARM.attributes
                0x00000000000002e3       0x32 /home/breno/st/stm32cubeide_1.7.0/plugins/com.st.stm32cube.ide.mcu.externaltools.gnu-tools-for-stm32.9-2020-q2-update.linux64_2.0.0.202105311346/tools/bin/../lib/gcc/arm-none-eabi/9.3.1/../../../../arm-none-eabi/lib/thumb/v7e-m+dp/hard/libc_nano.a(lib_a-nano-reallocr.o)
 .ARM.attributes
                0x0000000000000315       0x32 /home/breno/st/stm32cubeide_1.7.0/plugins/com.st.stm32cube.ide.mcu.externaltools.gnu-tools-for-stm32.9-2020-q2-update.linux64_2.0.0.202105311346/tools/bin/../lib/gcc/arm-none-eabi/9.3.1/../../../../arm-none-eabi/lib/thumb/v7e-m+dp/hard/libc_nano.a(lib_a-sbrkr.o)
 .ARM.attributes
                0x0000000000000347       0x32 /home/breno/st/stm32cubeide_1.7.0/plugins/com.st.stm32cube.ide.mcu.externaltools.gnu-tools-for-stm32.9-2020-q2-update.linux64_2.0.0.202105311346/tools/bin/../lib/gcc/arm-none-eabi/9.3.1/../../../../arm-none-eabi/lib/thumb/v7e-m+dp/hard/libc_nano.a(lib_a-mlock.o)
 .ARM.attributes
                0x0000000000000379       0x32 /home/breno/st/stm32cubeide_1.7.0/plugins/com.st.stm32cube.ide.mcu.externaltools.gnu-tools-for-stm32.9-2020-q2-update.linux64_2.0.0.202105311346/tools/bin/../lib/gcc/arm-none-eabi/9.3.1/../../../../arm-none-eabi/lib/thumb/v7e-m+dp/hard/libc_nano.a(lib_a-nano-msizer.o)
 .ARM.attributes
                0x00000000000003ab       0x32 /home/breno/st/stm32cubeide_1.7.0/plugins/com.st.stm32cube.ide.mcu.externaltools.gnu-tools-for-stm32.9-2020-q2-update.linux64_2.0.0.202105311346/tools/bin/../lib/gcc/arm-none-eabi/9.3.1/../../../../arm-none-eabi/lib/thumb/v7e-m+dp/hard/libc_nano.a(lib_a-reent.o)
 .ARM.attributes
                0x00000000000003dd       0x32 /home/breno/st/stm32cubeide_1.7.0/plugins/com.st.stm32cube.ide.mcu.externaltools.gnu-tools-for-stm32.9-2020-q2-update.linux64_2.0.0.202105311346/tools/bin/../lib/gcc/arm-none-eabi/9.3.1/../../../../arm-none-eabi/lib/thumb/v7e-m+dp/hard/libc_nano.a(lib_a-lock.o)
 .ARM.attributes
                0x000000000000040f       0x32 /home/breno/st/stm32cubeide_1.7.0/plugins/com.st.stm32cube.ide.mcu.externaltools.gnu-tools-for-stm32.9-2020-q2-update.linux64_2.0.0.202105311346/tools/bin/../lib/gcc/arm-none-eabi/9.3.1/../../../../arm-none-eabi/lib/thumb/v7e-m+dp/hard/libnosys.a(sbrk.o)
 .ARM.attributes
                0x0000000000000441       0x1e /home/breno/st/stm32cubeide_1.7.0/plugins/com.st.stm32cube.ide.mcu.externaltools.gnu-tools-for-stm32.9-2020-q2-update.linux64_2.0.0.202105311346/tools/bin/../lib/gcc/arm-none-eabi/9.3.1/thumb/v7e-m+dp/hard/crtn.o
OUTPUT(easy-driver.elf elf32-littlearm)
LOAD linker stubs
LOAD /home/breno/st/stm32cubeide_1.7.0/plugins/com.st.stm32cube.ide.mcu.externaltools.gnu-tools-for-stm32.9-2020-q2-update.linux64_2.0.0.202105311346/tools/bin/../lib/gcc/arm-none-eabi/9.3.1/../../../../arm-none-eabi/lib/thumb/v7e-m+dp/hard/libc.a
LOAD /home/breno/st/stm32cubeide_1.7.0/plugins/com.st.stm32cube.ide.mcu.externaltools.gnu-tools-for-stm32.9-2020-q2-update.linux64_2.0.0.202105311346/tools/bin/../lib/gcc/arm-none-eabi/9.3.1/../../../../arm-none-eabi/lib/thumb/v7e-m+dp/hard/libm.a
LOAD /home/breno/st/stm32cubeide_1.7.0/plugins/com.st.stm32cube.ide.mcu.externaltools.gnu-tools-for-stm32.9-2020-q2-update.linux64_2.0.0.202105311346/tools/bin/../lib/gcc/arm-none-eabi/9.3.1/thumb/v7e-m+dp/hard/libgcc.a

.debug_info     0x0000000000000000     0x2ebd
 .debug_info    0x0000000000000000      0x3c5 ./Core/Src/main.o
 .debug_info    0x00000000000003c5     0x15f9 ./Core/Src/system_stm32h7xx.o
 .debug_info    0x00000000000019be       0x22 ./Core/Startup/startup_stm32h750vbtx.o
 .debug_info    0x00000000000019e0     0x14dd ./Drivers/easy-driver/easy_driver.o

.debug_abbrev   0x0000000000000000      0x6eb
 .debug_abbrev  0x0000000000000000      0x157 ./Core/Src/main.o
 .debug_abbrev  0x0000000000000157      0x24f ./Core/Src/system_stm32h7xx.o
 .debug_abbrev  0x00000000000003a6       0x12 ./Core/Startup/startup_stm32h750vbtx.o
 .debug_abbrev  0x00000000000003b8      0x333 ./Drivers/easy-driver/easy_driver.o

.debug_aranges  0x0000000000000000      0x100
 .debug_aranges
                0x0000000000000000       0x20 ./Core/Src/main.o
 .debug_aranges
                0x0000000000000020       0x28 ./Core/Src/system_stm32h7xx.o
 .debug_aranges
                0x0000000000000048       0x28 ./Core/Startup/startup_stm32h750vbtx.o
 .debug_aranges
                0x0000000000000070       0x90 ./Drivers/easy-driver/easy_driver.o

.debug_ranges   0x0000000000000000       0xf8
 .debug_ranges  0x0000000000000000       0x10 ./Core/Src/main.o
 .debug_ranges  0x0000000000000010       0x18 ./Core/Src/system_stm32h7xx.o
 .debug_ranges  0x0000000000000028       0x20 ./Core/Startup/startup_stm32h750vbtx.o
 .debug_ranges  0x0000000000000048       0xb0 ./Drivers/easy-driver/easy_driver.o

.debug_macro    0x0000000000000000    0x2933b
 .debug_macro   0x0000000000000000       0xdb ./Core/Src/main.o
 .debug_macro   0x00000000000000db      0xac0 ./Core/Src/main.o
 .debug_macro   0x0000000000000b9b       0x2e ./Core/Src/main.o
 .debug_macro   0x0000000000000bc9       0x3b ./Core/Src/main.o
 .debug_macro   0x0000000000000c04       0x22 ./Core/Src/main.o
 .debug_macro   0x0000000000000c26       0x8e ./Core/Src/main.o
 .debug_macro   0x0000000000000cb4       0x51 ./Core/Src/main.o
 .debug_macro   0x0000000000000d05      0x103 ./Core/Src/main.o
 .debug_macro   0x0000000000000e08       0x6a ./Core/Src/main.o
 .debug_macro   0x0000000000000e72      0x1df ./Core/Src/main.o
 .debug_macro   0x0000000000001051       0x1c ./Core/Src/main.o
 .debug_macro   0x000000000000106d       0x22 ./Core/Src/main.o
 .debug_macro   0x000000000000108f      0x101 ./Core/Src/main.o
 .debug_macro   0x0000000000001190     0x1305 ./Core/Src/main.o
 .debug_macro   0x0000000000002495      0x11f ./Core/Src/main.o
 .debug_macro   0x00000000000025b4       0x27 ./Core/Src/main.o
 .debug_macro   0x00000000000025db    0x259c6 ./Core/Src/main.o
 .debug_macro   0x0000000000027fa1       0x43 ./Core/Src/main.o
 .debug_macro   0x0000000000027fe4       0x3a ./Core/Src/main.o
 .debug_macro   0x000000000002801e      0x194 ./Core/Src/system_stm32h7xx.o
 .debug_macro   0x00000000000281b2       0x52 ./Core/Src/system_stm32h7xx.o
 .debug_macro   0x0000000000028204       0x17 ./Core/Src/system_stm32h7xx.o
 .debug_macro   0x000000000002821b       0x3c ./Core/Src/system_stm32h7xx.o
 .debug_macro   0x0000000000028257       0x34 ./Core/Src/system_stm32h7xx.o
 .debug_macro   0x000000000002828b      0x174 ./Core/Src/system_stm32h7xx.o
 .debug_macro   0x00000000000283ff       0x16 ./Core/Src/system_stm32h7xx.o
 .debug_macro   0x0000000000028415       0x43 ./Core/Src/system_stm32h7xx.o
 .debug_macro   0x0000000000028458       0x34 ./Core/Src/system_stm32h7xx.o
 .debug_macro   0x000000000002848c       0x10 ./Core/Src/system_stm32h7xx.o
 .debug_macro   0x000000000002849c       0x58 ./Core/Src/system_stm32h7xx.o
 .debug_macro   0x00000000000284f4       0x71 ./Core/Src/system_stm32h7xx.o
 .debug_macro   0x0000000000028565       0x1c ./Core/Src/system_stm32h7xx.o
 .debug_macro   0x0000000000028581      0x12a ./Core/Src/system_stm32h7xx.o
 .debug_macro   0x00000000000286ab      0x333 ./Core/Src/system_stm32h7xx.o
 .debug_macro   0x00000000000289de      0x1a9 ./Core/Src/system_stm32h7xx.o
 .debug_macro   0x0000000000028b87      0x239 ./Drivers/easy-driver/easy_driver.o
 .debug_macro   0x0000000000028dc0       0x58 ./Drivers/easy-driver/easy_driver.o
 .debug_macro   0x0000000000028e18       0x16 ./Drivers/easy-driver/easy_driver.o
 .debug_macro   0x0000000000028e2e       0x97 ./Drivers/easy-driver/easy_driver.o
 .debug_macro   0x0000000000028ec5       0xfd ./Drivers/easy-driver/easy_driver.o
 .debug_macro   0x0000000000028fc2       0x10 ./Drivers/easy-driver/easy_driver.o
 .debug_macro   0x0000000000028fd2       0x1c ./Drivers/easy-driver/easy_driver.o
 .debug_macro   0x0000000000028fee       0x52 ./Drivers/easy-driver/easy_driver.o
 .debug_macro   0x0000000000029040       0x22 ./Drivers/easy-driver/easy_driver.o
 .debug_macro   0x0000000000029062       0x10 ./Drivers/easy-driver/easy_driver.o
 .debug_macro   0x0000000000029072       0x40 ./Drivers/easy-driver/easy_driver.o
 .debug_macro   0x00000000000290b2       0xd5 ./Drivers/easy-driver/easy_driver.o
 .debug_macro   0x0000000000029187       0x1c ./Drivers/easy-driver/easy_driver.o
 .debug_macro   0x00000000000291a3       0x3d ./Drivers/easy-driver/easy_driver.o
 .debug_macro   0x00000000000291e0       0x16 ./Drivers/easy-driver/easy_driver.o
 .debug_macro   0x00000000000291f6      0x145 ./Drivers/easy-driver/easy_driver.o

.debug_line     0x0000000000000000     0x164f
 .debug_line    0x0000000000000000      0x4c2 ./Core/Src/main.o
 .debug_line    0x00000000000004c2      0x761 ./Core/Src/system_stm32h7xx.o
 .debug_line    0x0000000000000c23       0x88 ./Core/Startup/startup_stm32h750vbtx.o
 .debug_line    0x0000000000000cab      0x9a4 ./Drivers/easy-driver/easy_driver.o

.debug_str      0x0000000000000000    0xebb01
 .debug_str     0x0000000000000000    0xe66f7 ./Core/Src/main.o
                                      0xe6916 (size before relaxing)
 .debug_str     0x00000000000e66f7     0x4195 ./Core/Src/system_stm32h7xx.o
                                      0xea986 (size before relaxing)
 .debug_str     0x00000000000ea88c       0x36 ./Core/Startup/startup_stm32h750vbtx.o
                                         0x6f (size before relaxing)
 .debug_str     0x00000000000ea8c2     0x123f ./Drivers/easy-driver/easy_driver.o
                                      0xeb269 (size before relaxing)

.comment        0x0000000000000000       0x53
 .comment       0x0000000000000000       0x53 ./Core/Src/main.o
                                         0x54 (size before relaxing)
 .comment       0x0000000000000053       0x54 ./Core/Src/system_stm32h7xx.o
 .comment       0x0000000000000053       0x54 ./Drivers/easy-driver/easy_driver.o

.debug_frame    0x0000000000000000      0x6d8
 .debug_frame   0x0000000000000000       0x30 ./Core/Src/main.o
 .debug_frame   0x0000000000000030       0x58 ./Core/Src/system_stm32h7xx.o
 .debug_frame   0x0000000000000088      0x25c ./Drivers/easy-driver/easy_driver.o
 .debug_frame   0x00000000000002e4       0x2c /home/breno/st/stm32cubeide_1.7.0/plugins/com.st.stm32cube.ide.mcu.externaltools.gnu-tools-for-stm32.9-2020-q2-update.linux64_2.0.0.202105311346/tools/bin/../lib/gcc/arm-none-eabi/9.3.1/../../../../arm-none-eabi/lib/thumb/v7e-m+dp/hard/libc_nano.a(lib_a-init.o)
 .debug_frame   0x0000000000000310       0x3c /home/breno/st/stm32cubeide_1.7.0/plugins/com.st.stm32cube.ide.mcu.externaltools.gnu-tools-for-stm32.9-2020-q2-update.linux64_2.0.0.202105311346/tools/bin/../lib/gcc/arm-none-eabi/9.3.1/../../../../arm-none-eabi/lib/thumb/v7e-m+dp/hard/libc_nano.a(lib_a-vsprintf.o)
 .debug_frame   0x000000000000034c       0x90 /home/breno/st/stm32cubeide_1.7.0/plugins/com.st.stm32cube.ide.mcu.externaltools.gnu-tools-for-stm32.9-2020-q2-update.linux64_2.0.0.202105311346/tools/bin/../lib/gcc/arm-none-eabi/9.3.1/../../../../arm-none-eabi/lib/thumb/v7e-m+dp/hard/libc_nano.a(lib_a-nano-svfprintf.o)
 .debug_frame   0x00000000000003dc       0x60 /home/breno/st/stm32cubeide_1.7.0/plugins/com.st.stm32cube.ide.mcu.externaltools.gnu-tools-for-stm32.9-2020-q2-update.linux64_2.0.0.202105311346/tools/bin/../lib/gcc/arm-none-eabi/9.3.1/../../../../arm-none-eabi/lib/thumb/v7e-m+dp/hard/libc_nano.a(lib_a-nano-vfprintf_i.o)
 .debug_frame   0x000000000000043c       0x28 /home/breno/st/stm32cubeide_1.7.0/plugins/com.st.stm32cube.ide.mcu.externaltools.gnu-tools-for-stm32.9-2020-q2-update.linux64_2.0.0.202105311346/tools/bin/../lib/gcc/arm-none-eabi/9.3.1/../../../../arm-none-eabi/lib/thumb/v7e-m+dp/hard/libc_nano.a(lib_a-memcpy-stub.o)
 .debug_frame   0x0000000000000464       0x28 /home/breno/st/stm32cubeide_1.7.0/plugins/com.st.stm32cube.ide.mcu.externaltools.gnu-tools-for-stm32.9-2020-q2-update.linux64_2.0.0.202105311346/tools/bin/../lib/gcc/arm-none-eabi/9.3.1/../../../../arm-none-eabi/lib/thumb/v7e-m+dp/hard/libc_nano.a(lib_a-memmove.o)
 .debug_frame   0x000000000000048c       0x38 /home/breno/st/stm32cubeide_1.7.0/plugins/com.st.stm32cube.ide.mcu.externaltools.gnu-tools-for-stm32.9-2020-q2-update.linux64_2.0.0.202105311346/tools/bin/../lib/gcc/arm-none-eabi/9.3.1/../../../../arm-none-eabi/lib/thumb/v7e-m+dp/hard/libc_nano.a(lib_a-nano-freer.o)
 .debug_frame   0x00000000000004c4       0x30 /home/breno/st/stm32cubeide_1.7.0/plugins/com.st.stm32cube.ide.mcu.externaltools.gnu-tools-for-stm32.9-2020-q2-update.linux64_2.0.0.202105311346/tools/bin/../lib/gcc/arm-none-eabi/9.3.1/../../../../arm-none-eabi/lib/thumb/v7e-m+dp/hard/libc_nano.a(lib_a-nano-mallocr.o)
 .debug_frame   0x00000000000004f4       0x3c /home/breno/st/stm32cubeide_1.7.0/plugins/com.st.stm32cube.ide.mcu.externaltools.gnu-tools-for-stm32.9-2020-q2-update.linux64_2.0.0.202105311346/tools/bin/../lib/gcc/arm-none-eabi/9.3.1/../../../../arm-none-eabi/lib/thumb/v7e-m+dp/hard/libc_nano.a(lib_a-nano-reallocr.o)
 .debug_frame   0x0000000000000530       0x2c /home/breno/st/stm32cubeide_1.7.0/plugins/com.st.stm32cube.ide.mcu.externaltools.gnu-tools-for-stm32.9-2020-q2-update.linux64_2.0.0.202105311346/tools/bin/../lib/gcc/arm-none-eabi/9.3.1/../../../../arm-none-eabi/lib/thumb/v7e-m+dp/hard/libc_nano.a(lib_a-sbrkr.o)
 .debug_frame   0x000000000000055c       0x30 /home/breno/st/stm32cubeide_1.7.0/plugins/com.st.stm32cube.ide.mcu.externaltools.gnu-tools-for-stm32.9-2020-q2-update.linux64_2.0.0.202105311346/tools/bin/../lib/gcc/arm-none-eabi/9.3.1/../../../../arm-none-eabi/lib/thumb/v7e-m+dp/hard/libc_nano.a(lib_a-mlock.o)
 .debug_frame   0x000000000000058c       0x20 /home/breno/st/stm32cubeide_1.7.0/plugins/com.st.stm32cube.ide.mcu.externaltools.gnu-tools-for-stm32.9-2020-q2-update.linux64_2.0.0.202105311346/tools/bin/../lib/gcc/arm-none-eabi/9.3.1/../../../../arm-none-eabi/lib/thumb/v7e-m+dp/hard/libc_nano.a(lib_a-nano-msizer.o)
 .debug_frame   0x00000000000005ac       0x5c /home/breno/st/stm32cubeide_1.7.0/plugins/com.st.stm32cube.ide.mcu.externaltools.gnu-tools-for-stm32.9-2020-q2-update.linux64_2.0.0.202105311346/tools/bin/../lib/gcc/arm-none-eabi/9.3.1/../../../../arm-none-eabi/lib/thumb/v7e-m+dp/hard/libc_nano.a(lib_a-reent.o)
 .debug_frame   0x0000000000000608       0xb0 /home/breno/st/stm32cubeide_1.7.0/plugins/com.st.stm32cube.ide.mcu.externaltools.gnu-tools-for-stm32.9-2020-q2-update.linux64_2.0.0.202105311346/tools/bin/../lib/gcc/arm-none-eabi/9.3.1/../../../../arm-none-eabi/lib/thumb/v7e-m+dp/hard/libc_nano.a(lib_a-lock.o)
 .debug_frame   0x00000000000006b8       0x20 /home/breno/st/stm32cubeide_1.7.0/plugins/com.st.stm32cube.ide.mcu.externaltools.gnu-tools-for-stm32.9-2020-q2-update.linux64_2.0.0.202105311346/tools/bin/../lib/gcc/arm-none-eabi/9.3.1/../../../../arm-none-eabi/lib/thumb/v7e-m+dp/hard/libnosys.a(sbrk.o)
