Archive member included to satisfy reference by file (symbol)

/home/breno/st/stm32cubeide_1.7.0/plugins/com.st.stm32cube.ide.mcu.externaltools.gnu-tools-for-stm32.9-2020-q2-update.linux64_2.0.0.202105311346/tools/bin/../lib/gcc/arm-none-eabi/9.3.1/../../../../arm-none-eabi/lib/thumb/v7e-m+dp/hard/libc_nano.a(lib_a-exit.o)
                              /home/breno/st/stm32cubeide_1.7.0/plugins/com.st.stm32cube.ide.mcu.externaltools.gnu-tools-for-stm32.9-2020-q2-update.linux64_2.0.0.202105311346/tools/bin/../lib/gcc/arm-none-eabi/9.3.1/../../../../arm-none-eabi/lib/thumb/v7e-m+dp/hard/crt0.o (exit)
/home/breno/st/stm32cubeide_1.7.0/plugins/com.st.stm32cube.ide.mcu.externaltools.gnu-tools-for-stm32.9-2020-q2-update.linux64_2.0.0.202105311346/tools/bin/../lib/gcc/arm-none-eabi/9.3.1/../../../../arm-none-eabi/lib/thumb/v7e-m+dp/hard/libc_nano.a(lib_a-impure.o)
                              /home/breno/st/stm32cubeide_1.7.0/plugins/com.st.stm32cube.ide.mcu.externaltools.gnu-tools-for-stm32.9-2020-q2-update.linux64_2.0.0.202105311346/tools/bin/../lib/gcc/arm-none-eabi/9.3.1/../../../../arm-none-eabi/lib/thumb/v7e-m+dp/hard/libc_nano.a(lib_a-exit.o) (_global_impure_ptr)
/home/breno/st/stm32cubeide_1.7.0/plugins/com.st.stm32cube.ide.mcu.externaltools.gnu-tools-for-stm32.9-2020-q2-update.linux64_2.0.0.202105311346/tools/bin/../lib/gcc/arm-none-eabi/9.3.1/../../../../arm-none-eabi/lib/thumb/v7e-m+dp/hard/libc_nano.a(lib_a-init.o)
                              /home/breno/st/stm32cubeide_1.7.0/plugins/com.st.stm32cube.ide.mcu.externaltools.gnu-tools-for-stm32.9-2020-q2-update.linux64_2.0.0.202105311346/tools/bin/../lib/gcc/arm-none-eabi/9.3.1/../../../../arm-none-eabi/lib/thumb/v7e-m+dp/hard/crt0.o (__libc_init_array)
/home/breno/st/stm32cubeide_1.7.0/plugins/com.st.stm32cube.ide.mcu.externaltools.gnu-tools-for-stm32.9-2020-q2-update.linux64_2.0.0.202105311346/tools/bin/../lib/gcc/arm-none-eabi/9.3.1/../../../../arm-none-eabi/lib/thumb/v7e-m+dp/hard/libc_nano.a(lib_a-memset.o)
                              /home/breno/st/stm32cubeide_1.7.0/plugins/com.st.stm32cube.ide.mcu.externaltools.gnu-tools-for-stm32.9-2020-q2-update.linux64_2.0.0.202105311346/tools/bin/../lib/gcc/arm-none-eabi/9.3.1/../../../../arm-none-eabi/lib/thumb/v7e-m+dp/hard/crt0.o (memset)
/home/breno/st/stm32cubeide_1.7.0/plugins/com.st.stm32cube.ide.mcu.externaltools.gnu-tools-for-stm32.9-2020-q2-update.linux64_2.0.0.202105311346/tools/bin/../lib/gcc/arm-none-eabi/9.3.1/../../../../arm-none-eabi/lib/thumb/v7e-m+dp/hard/libnosys.a(_exit.o)
                              /home/breno/st/stm32cubeide_1.7.0/plugins/com.st.stm32cube.ide.mcu.externaltools.gnu-tools-for-stm32.9-2020-q2-update.linux64_2.0.0.202105311346/tools/bin/../lib/gcc/arm-none-eabi/9.3.1/../../../../arm-none-eabi/lib/thumb/v7e-m+dp/hard/libc_nano.a(lib_a-exit.o) (_exit)

Discarded input sections

 .text          0x0000000000000000        0x0 /home/breno/st/stm32cubeide_1.7.0/plugins/com.st.stm32cube.ide.mcu.externaltools.gnu-tools-for-stm32.9-2020-q2-update.linux64_2.0.0.202105311346/tools/bin/../lib/gcc/arm-none-eabi/9.3.1/thumb/v7e-m+dp/hard/crti.o
 .data          0x0000000000000000        0x0 /home/breno/st/stm32cubeide_1.7.0/plugins/com.st.stm32cube.ide.mcu.externaltools.gnu-tools-for-stm32.9-2020-q2-update.linux64_2.0.0.202105311346/tools/bin/../lib/gcc/arm-none-eabi/9.3.1/thumb/v7e-m+dp/hard/crti.o
 .bss           0x0000000000000000        0x0 /home/breno/st/stm32cubeide_1.7.0/plugins/com.st.stm32cube.ide.mcu.externaltools.gnu-tools-for-stm32.9-2020-q2-update.linux64_2.0.0.202105311346/tools/bin/../lib/gcc/arm-none-eabi/9.3.1/thumb/v7e-m+dp/hard/crti.o
 .data          0x0000000000000000        0x4 /home/breno/st/stm32cubeide_1.7.0/plugins/com.st.stm32cube.ide.mcu.externaltools.gnu-tools-for-stm32.9-2020-q2-update.linux64_2.0.0.202105311346/tools/bin/../lib/gcc/arm-none-eabi/9.3.1/thumb/v7e-m+dp/hard/crtbegin.o
 .text          0x0000000000000000       0x7c /home/breno/st/stm32cubeide_1.7.0/plugins/com.st.stm32cube.ide.mcu.externaltools.gnu-tools-for-stm32.9-2020-q2-update.linux64_2.0.0.202105311346/tools/bin/../lib/gcc/arm-none-eabi/9.3.1/../../../../arm-none-eabi/lib/thumb/v7e-m+dp/hard/crt0.o
 .data          0x0000000000000000        0x0 /home/breno/st/stm32cubeide_1.7.0/plugins/com.st.stm32cube.ide.mcu.externaltools.gnu-tools-for-stm32.9-2020-q2-update.linux64_2.0.0.202105311346/tools/bin/../lib/gcc/arm-none-eabi/9.3.1/../../../../arm-none-eabi/lib/thumb/v7e-m+dp/hard/crt0.o
 .bss           0x0000000000000000        0x0 /home/breno/st/stm32cubeide_1.7.0/plugins/com.st.stm32cube.ide.mcu.externaltools.gnu-tools-for-stm32.9-2020-q2-update.linux64_2.0.0.202105311346/tools/bin/../lib/gcc/arm-none-eabi/9.3.1/../../../../arm-none-eabi/lib/thumb/v7e-m+dp/hard/crt0.o
 .ARM.extab     0x0000000000000000        0x0 /home/breno/st/stm32cubeide_1.7.0/plugins/com.st.stm32cube.ide.mcu.externaltools.gnu-tools-for-stm32.9-2020-q2-update.linux64_2.0.0.202105311346/tools/bin/../lib/gcc/arm-none-eabi/9.3.1/../../../../arm-none-eabi/lib/thumb/v7e-m+dp/hard/crt0.o
 .ARM.exidx     0x0000000000000000       0x10 /home/breno/st/stm32cubeide_1.7.0/plugins/com.st.stm32cube.ide.mcu.externaltools.gnu-tools-for-stm32.9-2020-q2-update.linux64_2.0.0.202105311346/tools/bin/../lib/gcc/arm-none-eabi/9.3.1/../../../../arm-none-eabi/lib/thumb/v7e-m+dp/hard/crt0.o
 .ARM.attributes
                0x0000000000000000       0x1c /home/breno/st/stm32cubeide_1.7.0/plugins/com.st.stm32cube.ide.mcu.externaltools.gnu-tools-for-stm32.9-2020-q2-update.linux64_2.0.0.202105311346/tools/bin/../lib/gcc/arm-none-eabi/9.3.1/../../../../arm-none-eabi/lib/thumb/v7e-m+dp/hard/crt0.o
 .group         0x0000000000000000        0xc ./Core/Src/main.o
 .group         0x0000000000000000        0xc ./Core/Src/main.o
 .group         0x0000000000000000        0xc ./Core/Src/main.o
 .group         0x0000000000000000        0xc ./Core/Src/main.o
 .group         0x0000000000000000        0xc ./Core/Src/main.o
 .group         0x0000000000000000        0xc ./Core/Src/main.o
 .group         0x0000000000000000        0xc ./Core/Src/main.o
 .group         0x0000000000000000        0xc ./Core/Src/main.o
 .group         0x0000000000000000        0xc ./Core/Src/main.o
 .group         0x0000000000000000        0xc ./Core/Src/main.o
 .group         0x0000000000000000        0xc ./Core/Src/main.o
 .group         0x0000000000000000        0xc ./Core/Src/main.o
 .group         0x0000000000000000        0xc ./Core/Src/main.o
 .group         0x0000000000000000        0xc ./Core/Src/main.o
 .group         0x0000000000000000        0xc ./Core/Src/main.o
 .group         0x0000000000000000        0xc ./Core/Src/main.o
 .group         0x0000000000000000        0xc ./Core/Src/main.o
 .group         0x0000000000000000        0xc ./Core/Src/main.o
 .text          0x0000000000000000        0x0 ./Core/Src/main.o
 .data          0x0000000000000000        0x0 ./Core/Src/main.o
 .bss           0x0000000000000000        0x0 ./Core/Src/main.o
 .group         0x0000000000000000        0xc ./Core/Src/system_stm32h7xx.o
 .group         0x0000000000000000        0xc ./Core/Src/system_stm32h7xx.o
 .group         0x0000000000000000        0xc ./Core/Src/system_stm32h7xx.o
 .group         0x0000000000000000        0xc ./Core/Src/system_stm32h7xx.o
 .group         0x0000000000000000        0xc ./Core/Src/system_stm32h7xx.o
 .group         0x0000000000000000        0xc ./Core/Src/system_stm32h7xx.o
 .group         0x0000000000000000        0xc ./Core/Src/system_stm32h7xx.o
 .group         0x0000000000000000        0xc ./Core/Src/system_stm32h7xx.o
 .group         0x0000000000000000        0xc ./Core/Src/system_stm32h7xx.o
 .group         0x0000000000000000        0xc ./Core/Src/system_stm32h7xx.o
 .group         0x0000000000000000        0xc ./Core/Src/system_stm32h7xx.o
 .group         0x0000000000000000        0xc ./Core/Src/system_stm32h7xx.o
 .group         0x0000000000000000        0xc ./Core/Src/system_stm32h7xx.o
 .group         0x0000000000000000        0xc ./Core/Src/system_stm32h7xx.o
 .group         0x0000000000000000        0xc ./Core/Src/system_stm32h7xx.o
 .group         0x0000000000000000        0xc ./Core/Src/system_stm32h7xx.o
 .group         0x0000000000000000        0xc ./Core/Src/system_stm32h7xx.o
 .group         0x0000000000000000        0xc ./Core/Src/system_stm32h7xx.o
 .group         0x0000000000000000        0xc ./Core/Src/system_stm32h7xx.o
 .group         0x0000000000000000        0xc ./Core/Src/system_stm32h7xx.o
 .group         0x0000000000000000        0xc ./Core/Src/system_stm32h7xx.o
 .group         0x0000000000000000        0xc ./Core/Src/system_stm32h7xx.o
 .group         0x0000000000000000        0xc ./Core/Src/system_stm32h7xx.o
 .group         0x0000000000000000        0xc ./Core/Src/system_stm32h7xx.o
 .group         0x0000000000000000        0xc ./Core/Src/system_stm32h7xx.o
 .group         0x0000000000000000        0xc ./Core/Src/system_stm32h7xx.o
 .group         0x0000000000000000        0xc ./Core/Src/system_stm32h7xx.o
 .group         0x0000000000000000        0xc ./Core/Src/system_stm32h7xx.o
 .group         0x0000000000000000        0xc ./Core/Src/system_stm32h7xx.o
 .group         0x0000000000000000        0xc ./Core/Src/system_stm32h7xx.o
 .group         0x0000000000000000        0xc ./Core/Src/system_stm32h7xx.o
 .group         0x0000000000000000        0xc ./Core/Src/system_stm32h7xx.o
 .text          0x0000000000000000        0x0 ./Core/Src/system_stm32h7xx.o
 .data          0x0000000000000000        0x0 ./Core/Src/system_stm32h7xx.o
 .bss           0x0000000000000000        0x0 ./Core/Src/system_stm32h7xx.o
 .data.SystemCoreClock
                0x0000000000000000        0x4 ./Core/Src/system_stm32h7xx.o
 .data.SystemD2Clock
                0x0000000000000000        0x4 ./Core/Src/system_stm32h7xx.o
 .rodata.D1CorePrescTable
                0x0000000000000000       0x10 ./Core/Src/system_stm32h7xx.o
 .text.SystemCoreClockUpdate
                0x0000000000000000      0x2f4 ./Core/Src/system_stm32h7xx.o
 .debug_macro   0x0000000000000000      0xac0 ./Core/Src/system_stm32h7xx.o
 .debug_macro   0x0000000000000000       0x2e ./Core/Src/system_stm32h7xx.o
 .debug_macro   0x0000000000000000       0x3b ./Core/Src/system_stm32h7xx.o
 .debug_macro   0x0000000000000000       0x22 ./Core/Src/system_stm32h7xx.o
 .debug_macro   0x0000000000000000       0x8e ./Core/Src/system_stm32h7xx.o
 .debug_macro   0x0000000000000000       0x51 ./Core/Src/system_stm32h7xx.o
 .debug_macro   0x0000000000000000      0x103 ./Core/Src/system_stm32h7xx.o
 .debug_macro   0x0000000000000000       0x6a ./Core/Src/system_stm32h7xx.o
 .debug_macro   0x0000000000000000      0x1df ./Core/Src/system_stm32h7xx.o
 .debug_macro   0x0000000000000000       0x1c ./Core/Src/system_stm32h7xx.o
 .debug_macro   0x0000000000000000       0x22 ./Core/Src/system_stm32h7xx.o
 .debug_macro   0x0000000000000000      0x101 ./Core/Src/system_stm32h7xx.o
 .debug_macro   0x0000000000000000     0x1305 ./Core/Src/system_stm32h7xx.o
 .debug_macro   0x0000000000000000      0x11f ./Core/Src/system_stm32h7xx.o
 .debug_macro   0x0000000000000000       0x27 ./Core/Src/system_stm32h7xx.o
 .debug_macro   0x0000000000000000    0x259c6 ./Core/Src/system_stm32h7xx.o
 .debug_macro   0x0000000000000000       0x43 ./Core/Src/system_stm32h7xx.o
 .text          0x0000000000000000       0x14 ./Core/Startup/startup_stm32h750vbtx.o
 .data          0x0000000000000000        0x0 ./Core/Startup/startup_stm32h750vbtx.o
 .bss           0x0000000000000000        0x0 ./Core/Startup/startup_stm32h750vbtx.o
 .group         0x0000000000000000        0xc ./Drivers/easy-driver/easy_driver.o
 .group         0x0000000000000000        0xc ./Drivers/easy-driver/easy_driver.o
 .group         0x0000000000000000        0xc ./Drivers/easy-driver/easy_driver.o
 .group         0x0000000000000000        0xc ./Drivers/easy-driver/easy_driver.o
 .group         0x0000000000000000        0xc ./Drivers/easy-driver/easy_driver.o
 .group         0x0000000000000000        0xc ./Drivers/easy-driver/easy_driver.o
 .group         0x0000000000000000        0xc ./Drivers/easy-driver/easy_driver.o
 .group         0x0000000000000000        0xc ./Drivers/easy-driver/easy_driver.o
 .group         0x0000000000000000        0xc ./Drivers/easy-driver/easy_driver.o
 .group         0x0000000000000000        0xc ./Drivers/easy-driver/easy_driver.o
 .group         0x0000000000000000        0xc ./Drivers/easy-driver/easy_driver.o
 .group         0x0000000000000000        0xc ./Drivers/easy-driver/easy_driver.o
 .group         0x0000000000000000        0xc ./Drivers/easy-driver/easy_driver.o
 .group         0x0000000000000000        0xc ./Drivers/easy-driver/easy_driver.o
 .group         0x0000000000000000        0xc ./Drivers/easy-driver/easy_driver.o
 .group         0x0000000000000000        0xc ./Drivers/easy-driver/easy_driver.o
 .group         0x0000000000000000        0xc ./Drivers/easy-driver/easy_driver.o
 .group         0x0000000000000000        0xc ./Drivers/easy-driver/easy_driver.o
 .text          0x0000000000000000        0x0 ./Drivers/easy-driver/easy_driver.o
 .data          0x0000000000000000        0x0 ./Drivers/easy-driver/easy_driver.o
 .bss           0x0000000000000000        0x0 ./Drivers/easy-driver/easy_driver.o
 .debug_macro   0x0000000000000000      0xac0 ./Drivers/easy-driver/easy_driver.o
 .debug_macro   0x0000000000000000       0x2e ./Drivers/easy-driver/easy_driver.o
 .debug_macro   0x0000000000000000       0x3b ./Drivers/easy-driver/easy_driver.o
 .debug_macro   0x0000000000000000       0x22 ./Drivers/easy-driver/easy_driver.o
 .debug_macro   0x0000000000000000       0x8e ./Drivers/easy-driver/easy_driver.o
 .debug_macro   0x0000000000000000       0x51 ./Drivers/easy-driver/easy_driver.o
 .debug_macro   0x0000000000000000      0x103 ./Drivers/easy-driver/easy_driver.o
 .debug_macro   0x0000000000000000       0x6a ./Drivers/easy-driver/easy_driver.o
 .debug_macro   0x0000000000000000      0x1df ./Drivers/easy-driver/easy_driver.o
 .debug_macro   0x0000000000000000       0x1c ./Drivers/easy-driver/easy_driver.o
 .debug_macro   0x0000000000000000       0x22 ./Drivers/easy-driver/easy_driver.o
 .debug_macro   0x0000000000000000      0x101 ./Drivers/easy-driver/easy_driver.o
 .debug_macro   0x0000000000000000     0x1305 ./Drivers/easy-driver/easy_driver.o
 .debug_macro   0x0000000000000000      0x11f ./Drivers/easy-driver/easy_driver.o
 .debug_macro   0x0000000000000000       0x27 ./Drivers/easy-driver/easy_driver.o
 .debug_macro   0x0000000000000000    0x259c6 ./Drivers/easy-driver/easy_driver.o
 .debug_macro   0x0000000000000000       0x43 ./Drivers/easy-driver/easy_driver.o
 .debug_macro   0x0000000000000000       0x2e ./Drivers/easy-driver/easy_driver.o
 .text          0x0000000000000000        0x0 /home/breno/st/stm32cubeide_1.7.0/plugins/com.st.stm32cube.ide.mcu.externaltools.gnu-tools-for-stm32.9-2020-q2-update.linux64_2.0.0.202105311346/tools/bin/../lib/gcc/arm-none-eabi/9.3.1/../../../../arm-none-eabi/lib/thumb/v7e-m+dp/hard/libc_nano.a(lib_a-exit.o)
 .data          0x0000000000000000        0x0 /home/breno/st/stm32cubeide_1.7.0/plugins/com.st.stm32cube.ide.mcu.externaltools.gnu-tools-for-stm32.9-2020-q2-update.linux64_2.0.0.202105311346/tools/bin/../lib/gcc/arm-none-eabi/9.3.1/../../../../arm-none-eabi/lib/thumb/v7e-m+dp/hard/libc_nano.a(lib_a-exit.o)
 .bss           0x0000000000000000        0x0 /home/breno/st/stm32cubeide_1.7.0/plugins/com.st.stm32cube.ide.mcu.externaltools.gnu-tools-for-stm32.9-2020-q2-update.linux64_2.0.0.202105311346/tools/bin/../lib/gcc/arm-none-eabi/9.3.1/../../../../arm-none-eabi/lib/thumb/v7e-m+dp/hard/libc_nano.a(lib_a-exit.o)
 .text.exit     0x0000000000000000       0x28 /home/breno/st/stm32cubeide_1.7.0/plugins/com.st.stm32cube.ide.mcu.externaltools.gnu-tools-for-stm32.9-2020-q2-update.linux64_2.0.0.202105311346/tools/bin/../lib/gcc/arm-none-eabi/9.3.1/../../../../arm-none-eabi/lib/thumb/v7e-m+dp/hard/libc_nano.a(lib_a-exit.o)
 .debug_frame   0x0000000000000000       0x28 /home/breno/st/stm32cubeide_1.7.0/plugins/com.st.stm32cube.ide.mcu.externaltools.gnu-tools-for-stm32.9-2020-q2-update.linux64_2.0.0.202105311346/tools/bin/../lib/gcc/arm-none-eabi/9.3.1/../../../../arm-none-eabi/lib/thumb/v7e-m+dp/hard/libc_nano.a(lib_a-exit.o)
 .ARM.attributes
                0x0000000000000000       0x32 /home/breno/st/stm32cubeide_1.7.0/plugins/com.st.stm32cube.ide.mcu.externaltools.gnu-tools-for-stm32.9-2020-q2-update.linux64_2.0.0.202105311346/tools/bin/../lib/gcc/arm-none-eabi/9.3.1/../../../../arm-none-eabi/lib/thumb/v7e-m+dp/hard/libc_nano.a(lib_a-exit.o)
 .text          0x0000000000000000        0x0 /home/breno/st/stm32cubeide_1.7.0/plugins/com.st.stm32cube.ide.mcu.externaltools.gnu-tools-for-stm32.9-2020-q2-update.linux64_2.0.0.202105311346/tools/bin/../lib/gcc/arm-none-eabi/9.3.1/../../../../arm-none-eabi/lib/thumb/v7e-m+dp/hard/libc_nano.a(lib_a-impure.o)
 .data          0x0000000000000000        0x0 /home/breno/st/stm32cubeide_1.7.0/plugins/com.st.stm32cube.ide.mcu.externaltools.gnu-tools-for-stm32.9-2020-q2-update.linux64_2.0.0.202105311346/tools/bin/../lib/gcc/arm-none-eabi/9.3.1/../../../../arm-none-eabi/lib/thumb/v7e-m+dp/hard/libc_nano.a(lib_a-impure.o)
 .bss           0x0000000000000000        0x0 /home/breno/st/stm32cubeide_1.7.0/plugins/com.st.stm32cube.ide.mcu.externaltools.gnu-tools-for-stm32.9-2020-q2-update.linux64_2.0.0.202105311346/tools/bin/../lib/gcc/arm-none-eabi/9.3.1/../../../../arm-none-eabi/lib/thumb/v7e-m+dp/hard/libc_nano.a(lib_a-impure.o)
 .data._impure_ptr
                0x0000000000000000        0x4 /home/breno/st/stm32cubeide_1.7.0/plugins/com.st.stm32cube.ide.mcu.externaltools.gnu-tools-for-stm32.9-2020-q2-update.linux64_2.0.0.202105311346/tools/bin/../lib/gcc/arm-none-eabi/9.3.1/../../../../arm-none-eabi/lib/thumb/v7e-m+dp/hard/libc_nano.a(lib_a-impure.o)
 .data.impure_data
                0x0000000000000000       0x60 /home/breno/st/stm32cubeide_1.7.0/plugins/com.st.stm32cube.ide.mcu.externaltools.gnu-tools-for-stm32.9-2020-q2-update.linux64_2.0.0.202105311346/tools/bin/../lib/gcc/arm-none-eabi/9.3.1/../../../../arm-none-eabi/lib/thumb/v7e-m+dp/hard/libc_nano.a(lib_a-impure.o)
 .rodata._global_impure_ptr
                0x0000000000000000        0x4 /home/breno/st/stm32cubeide_1.7.0/plugins/com.st.stm32cube.ide.mcu.externaltools.gnu-tools-for-stm32.9-2020-q2-update.linux64_2.0.0.202105311346/tools/bin/../lib/gcc/arm-none-eabi/9.3.1/../../../../arm-none-eabi/lib/thumb/v7e-m+dp/hard/libc_nano.a(lib_a-impure.o)
 .ARM.attributes
                0x0000000000000000       0x30 /home/breno/st/stm32cubeide_1.7.0/plugins/com.st.stm32cube.ide.mcu.externaltools.gnu-tools-for-stm32.9-2020-q2-update.linux64_2.0.0.202105311346/tools/bin/../lib/gcc/arm-none-eabi/9.3.1/../../../../arm-none-eabi/lib/thumb/v7e-m+dp/hard/libc_nano.a(lib_a-impure.o)
 .text          0x0000000000000000        0x0 /home/breno/st/stm32cubeide_1.7.0/plugins/com.st.stm32cube.ide.mcu.externaltools.gnu-tools-for-stm32.9-2020-q2-update.linux64_2.0.0.202105311346/tools/bin/../lib/gcc/arm-none-eabi/9.3.1/../../../../arm-none-eabi/lib/thumb/v7e-m+dp/hard/libc_nano.a(lib_a-init.o)
 .data          0x0000000000000000        0x0 /home/breno/st/stm32cubeide_1.7.0/plugins/com.st.stm32cube.ide.mcu.externaltools.gnu-tools-for-stm32.9-2020-q2-update.linux64_2.0.0.202105311346/tools/bin/../lib/gcc/arm-none-eabi/9.3.1/../../../../arm-none-eabi/lib/thumb/v7e-m+dp/hard/libc_nano.a(lib_a-init.o)
 .bss           0x0000000000000000        0x0 /home/breno/st/stm32cubeide_1.7.0/plugins/com.st.stm32cube.ide.mcu.externaltools.gnu-tools-for-stm32.9-2020-q2-update.linux64_2.0.0.202105311346/tools/bin/../lib/gcc/arm-none-eabi/9.3.1/../../../../arm-none-eabi/lib/thumb/v7e-m+dp/hard/libc_nano.a(lib_a-init.o)
 .text          0x0000000000000000        0x0 /home/breno/st/stm32cubeide_1.7.0/plugins/com.st.stm32cube.ide.mcu.externaltools.gnu-tools-for-stm32.9-2020-q2-update.linux64_2.0.0.202105311346/tools/bin/../lib/gcc/arm-none-eabi/9.3.1/../../../../arm-none-eabi/lib/thumb/v7e-m+dp/hard/libc_nano.a(lib_a-memset.o)
 .data          0x0000000000000000        0x0 /home/breno/st/stm32cubeide_1.7.0/plugins/com.st.stm32cube.ide.mcu.externaltools.gnu-tools-for-stm32.9-2020-q2-update.linux64_2.0.0.202105311346/tools/bin/../lib/gcc/arm-none-eabi/9.3.1/../../../../arm-none-eabi/lib/thumb/v7e-m+dp/hard/libc_nano.a(lib_a-memset.o)
 .bss           0x0000000000000000        0x0 /home/breno/st/stm32cubeide_1.7.0/plugins/com.st.stm32cube.ide.mcu.externaltools.gnu-tools-for-stm32.9-2020-q2-update.linux64_2.0.0.202105311346/tools/bin/../lib/gcc/arm-none-eabi/9.3.1/../../../../arm-none-eabi/lib/thumb/v7e-m+dp/hard/libc_nano.a(lib_a-memset.o)
 .text.memset   0x0000000000000000       0x10 /home/breno/st/stm32cubeide_1.7.0/plugins/com.st.stm32cube.ide.mcu.externaltools.gnu-tools-for-stm32.9-2020-q2-update.linux64_2.0.0.202105311346/tools/bin/../lib/gcc/arm-none-eabi/9.3.1/../../../../arm-none-eabi/lib/thumb/v7e-m+dp/hard/libc_nano.a(lib_a-memset.o)
 .debug_frame   0x0000000000000000       0x20 /home/breno/st/stm32cubeide_1.7.0/plugins/com.st.stm32cube.ide.mcu.externaltools.gnu-tools-for-stm32.9-2020-q2-update.linux64_2.0.0.202105311346/tools/bin/../lib/gcc/arm-none-eabi/9.3.1/../../../../arm-none-eabi/lib/thumb/v7e-m+dp/hard/libc_nano.a(lib_a-memset.o)
 .ARM.attributes
                0x0000000000000000       0x32 /home/breno/st/stm32cubeide_1.7.0/plugins/com.st.stm32cube.ide.mcu.externaltools.gnu-tools-for-stm32.9-2020-q2-update.linux64_2.0.0.202105311346/tools/bin/../lib/gcc/arm-none-eabi/9.3.1/../../../../arm-none-eabi/lib/thumb/v7e-m+dp/hard/libc_nano.a(lib_a-memset.o)
 .text          0x0000000000000000        0x0 /home/breno/st/stm32cubeide_1.7.0/plugins/com.st.stm32cube.ide.mcu.externaltools.gnu-tools-for-stm32.9-2020-q2-update.linux64_2.0.0.202105311346/tools/bin/../lib/gcc/arm-none-eabi/9.3.1/../../../../arm-none-eabi/lib/thumb/v7e-m+dp/hard/libnosys.a(_exit.o)
 .data          0x0000000000000000        0x0 /home/breno/st/stm32cubeide_1.7.0/plugins/com.st.stm32cube.ide.mcu.externaltools.gnu-tools-for-stm32.9-2020-q2-update.linux64_2.0.0.202105311346/tools/bin/../lib/gcc/arm-none-eabi/9.3.1/../../../../arm-none-eabi/lib/thumb/v7e-m+dp/hard/libnosys.a(_exit.o)
 .bss           0x0000000000000000        0x0 /home/breno/st/stm32cubeide_1.7.0/plugins/com.st.stm32cube.ide.mcu.externaltools.gnu-tools-for-stm32.9-2020-q2-update.linux64_2.0.0.202105311346/tools/bin/../lib/gcc/arm-none-eabi/9.3.1/../../../../arm-none-eabi/lib/thumb/v7e-m+dp/hard/libnosys.a(_exit.o)
 .text._exit    0x0000000000000000        0x2 /home/breno/st/stm32cubeide_1.7.0/plugins/com.st.stm32cube.ide.mcu.externaltools.gnu-tools-for-stm32.9-2020-q2-update.linux64_2.0.0.202105311346/tools/bin/../lib/gcc/arm-none-eabi/9.3.1/../../../../arm-none-eabi/lib/thumb/v7e-m+dp/hard/libnosys.a(_exit.o)
 .debug_frame   0x0000000000000000       0x20 /home/breno/st/stm32cubeide_1.7.0/plugins/com.st.stm32cube.ide.mcu.externaltools.gnu-tools-for-stm32.9-2020-q2-update.linux64_2.0.0.202105311346/tools/bin/../lib/gcc/arm-none-eabi/9.3.1/../../../../arm-none-eabi/lib/thumb/v7e-m+dp/hard/libnosys.a(_exit.o)
 .ARM.attributes
                0x0000000000000000       0x32 /home/breno/st/stm32cubeide_1.7.0/plugins/com.st.stm32cube.ide.mcu.externaltools.gnu-tools-for-stm32.9-2020-q2-update.linux64_2.0.0.202105311346/tools/bin/../lib/gcc/arm-none-eabi/9.3.1/../../../../arm-none-eabi/lib/thumb/v7e-m+dp/hard/libnosys.a(_exit.o)
 .text          0x0000000000000000        0x0 /home/breno/st/stm32cubeide_1.7.0/plugins/com.st.stm32cube.ide.mcu.externaltools.gnu-tools-for-stm32.9-2020-q2-update.linux64_2.0.0.202105311346/tools/bin/../lib/gcc/arm-none-eabi/9.3.1/thumb/v7e-m+dp/hard/crtend.o
 .data          0x0000000000000000        0x0 /home/breno/st/stm32cubeide_1.7.0/plugins/com.st.stm32cube.ide.mcu.externaltools.gnu-tools-for-stm32.9-2020-q2-update.linux64_2.0.0.202105311346/tools/bin/../lib/gcc/arm-none-eabi/9.3.1/thumb/v7e-m+dp/hard/crtend.o
 .bss           0x0000000000000000        0x0 /home/breno/st/stm32cubeide_1.7.0/plugins/com.st.stm32cube.ide.mcu.externaltools.gnu-tools-for-stm32.9-2020-q2-update.linux64_2.0.0.202105311346/tools/bin/../lib/gcc/arm-none-eabi/9.3.1/thumb/v7e-m+dp/hard/crtend.o
 .eh_frame      0x0000000000000000        0x4 /home/breno/st/stm32cubeide_1.7.0/plugins/com.st.stm32cube.ide.mcu.externaltools.gnu-tools-for-stm32.9-2020-q2-update.linux64_2.0.0.202105311346/tools/bin/../lib/gcc/arm-none-eabi/9.3.1/thumb/v7e-m+dp/hard/crtend.o
 .ARM.attributes
                0x0000000000000000       0x30 /home/breno/st/stm32cubeide_1.7.0/plugins/com.st.stm32cube.ide.mcu.externaltools.gnu-tools-for-stm32.9-2020-q2-update.linux64_2.0.0.202105311346/tools/bin/../lib/gcc/arm-none-eabi/9.3.1/thumb/v7e-m+dp/hard/crtend.o
 .text          0x0000000000000000        0x0 /home/breno/st/stm32cubeide_1.7.0/plugins/com.st.stm32cube.ide.mcu.externaltools.gnu-tools-for-stm32.9-2020-q2-update.linux64_2.0.0.202105311346/tools/bin/../lib/gcc/arm-none-eabi/9.3.1/thumb/v7e-m+dp/hard/crtn.o
 .data          0x0000000000000000        0x0 /home/breno/st/stm32cubeide_1.7.0/plugins/com.st.stm32cube.ide.mcu.externaltools.gnu-tools-for-stm32.9-2020-q2-update.linux64_2.0.0.202105311346/tools/bin/../lib/gcc/arm-none-eabi/9.3.1/thumb/v7e-m+dp/hard/crtn.o
 .bss           0x0000000000000000        0x0 /home/breno/st/stm32cubeide_1.7.0/plugins/com.st.stm32cube.ide.mcu.externaltools.gnu-tools-for-stm32.9-2020-q2-update.linux64_2.0.0.202105311346/tools/bin/../lib/gcc/arm-none-eabi/9.3.1/thumb/v7e-m+dp/hard/crtn.o

Memory Configuration

Name             Origin             Length             Attributes
FLASH            0x0000000008000000 0x0000000000020000 xr
DTCMRAM          0x0000000020000000 0x0000000000020000 xrw
RAM_D1           0x0000000024000000 0x0000000000080000 xrw
RAM_D2           0x0000000030000000 0x0000000000048000 xrw
RAM_D3           0x0000000038000000 0x0000000000010000 xrw
ITCMRAM          0x0000000000000000 0x0000000000010000 xrw
*default*        0x0000000000000000 0xffffffffffffffff

Linker script and memory map

LOAD /home/breno/st/stm32cubeide_1.7.0/plugins/com.st.stm32cube.ide.mcu.externaltools.gnu-tools-for-stm32.9-2020-q2-update.linux64_2.0.0.202105311346/tools/bin/../lib/gcc/arm-none-eabi/9.3.1/thumb/v7e-m+dp/hard/crti.o
LOAD /home/breno/st/stm32cubeide_1.7.0/plugins/com.st.stm32cube.ide.mcu.externaltools.gnu-tools-for-stm32.9-2020-q2-update.linux64_2.0.0.202105311346/tools/bin/../lib/gcc/arm-none-eabi/9.3.1/thumb/v7e-m+dp/hard/crtbegin.o
LOAD /home/breno/st/stm32cubeide_1.7.0/plugins/com.st.stm32cube.ide.mcu.externaltools.gnu-tools-for-stm32.9-2020-q2-update.linux64_2.0.0.202105311346/tools/bin/../lib/gcc/arm-none-eabi/9.3.1/../../../../arm-none-eabi/lib/thumb/v7e-m+dp/hard/crt0.o
LOAD ./Core/Src/main.o
LOAD ./Core/Src/system_stm32h7xx.o
LOAD ./Core/Startup/startup_stm32h750vbtx.o
LOAD ./Drivers/easy-driver/easy_driver.o
START GROUP
LOAD /home/breno/st/stm32cubeide_1.7.0/plugins/com.st.stm32cube.ide.mcu.externaltools.gnu-tools-for-stm32.9-2020-q2-update.linux64_2.0.0.202105311346/tools/bin/../lib/gcc/arm-none-eabi/9.3.1/../../../../arm-none-eabi/lib/thumb/v7e-m+dp/hard/libc_nano.a
LOAD /home/breno/st/stm32cubeide_1.7.0/plugins/com.st.stm32cube.ide.mcu.externaltools.gnu-tools-for-stm32.9-2020-q2-update.linux64_2.0.0.202105311346/tools/bin/../lib/gcc/arm-none-eabi/9.3.1/../../../../arm-none-eabi/lib/thumb/v7e-m+dp/hard/libm.a
END GROUP
START GROUP
LOAD /home/breno/st/stm32cubeide_1.7.0/plugins/com.st.stm32cube.ide.mcu.externaltools.gnu-tools-for-stm32.9-2020-q2-update.linux64_2.0.0.202105311346/tools/bin/../lib/gcc/arm-none-eabi/9.3.1/thumb/v7e-m+dp/hard/libgcc.a
LOAD /home/breno/st/stm32cubeide_1.7.0/plugins/com.st.stm32cube.ide.mcu.externaltools.gnu-tools-for-stm32.9-2020-q2-update.linux64_2.0.0.202105311346/tools/bin/../lib/gcc/arm-none-eabi/9.3.1/../../../../arm-none-eabi/lib/thumb/v7e-m+dp/hard/libc_nano.a
END GROUP
START GROUP
LOAD /home/breno/st/stm32cubeide_1.7.0/plugins/com.st.stm32cube.ide.mcu.externaltools.gnu-tools-for-stm32.9-2020-q2-update.linux64_2.0.0.202105311346/tools/bin/../lib/gcc/arm-none-eabi/9.3.1/thumb/v7e-m+dp/hard/libgcc.a
LOAD /home/breno/st/stm32cubeide_1.7.0/plugins/com.st.stm32cube.ide.mcu.externaltools.gnu-tools-for-stm32.9-2020-q2-update.linux64_2.0.0.202105311346/tools/bin/../lib/gcc/arm-none-eabi/9.3.1/../../../../arm-none-eabi/lib/thumb/v7e-m+dp/hard/libc_nano.a
LOAD /home/breno/st/stm32cubeide_1.7.0/plugins/com.st.stm32cube.ide.mcu.externaltools.gnu-tools-for-stm32.9-2020-q2-update.linux64_2.0.0.202105311346/tools/bin/../lib/gcc/arm-none-eabi/9.3.1/../../../../arm-none-eabi/lib/thumb/v7e-m+dp/hard/libnosys.a
END GROUP
START GROUP
LOAD /home/breno/st/stm32cubeide_1.7.0/plugins/com.st.stm32cube.ide.mcu.externaltools.gnu-tools-for-stm32.9-2020-q2-update.linux64_2.0.0.202105311346/tools/bin/../lib/gcc/arm-none-eabi/9.3.1/thumb/v7e-m+dp/hard/libgcc.a
LOAD /home/breno/st/stm32cubeide_1.7.0/plugins/com.st.stm32cube.ide.mcu.externaltools.gnu-tools-for-stm32.9-2020-q2-update.linux64_2.0.0.202105311346/tools/bin/../lib/gcc/arm-none-eabi/9.3.1/../../../../arm-none-eabi/lib/thumb/v7e-m+dp/hard/libc_nano.a
LOAD /home/breno/st/stm32cubeide_1.7.0/plugins/com.st.stm32cube.ide.mcu.externaltools.gnu-tools-for-stm32.9-2020-q2-update.linux64_2.0.0.202105311346/tools/bin/../lib/gcc/arm-none-eabi/9.3.1/../../../../arm-none-eabi/lib/thumb/v7e-m+dp/hard/libnosys.a
END GROUP
LOAD /home/breno/st/stm32cubeide_1.7.0/plugins/com.st.stm32cube.ide.mcu.externaltools.gnu-tools-for-stm32.9-2020-q2-update.linux64_2.0.0.202105311346/tools/bin/../lib/gcc/arm-none-eabi/9.3.1/thumb/v7e-m+dp/hard/crtend.o
LOAD /home/breno/st/stm32cubeide_1.7.0/plugins/com.st.stm32cube.ide.mcu.externaltools.gnu-tools-for-stm32.9-2020-q2-update.linux64_2.0.0.202105311346/tools/bin/../lib/gcc/arm-none-eabi/9.3.1/thumb/v7e-m+dp/hard/crtn.o
                0x0000000024080000                _estack = (ORIGIN (RAM_D1) + LENGTH (RAM_D1))
                0x0000000000000200                _Min_Heap_Size = 0x200
                0x0000000000000400                _Min_Stack_Size = 0x400

.isr_vector     0x0000000008000000      0x298
                0x0000000008000000                . = ALIGN (0x4)
 *(.isr_vector)
 .isr_vector    0x0000000008000000      0x298 ./Core/Startup/startup_stm32h750vbtx.o
                0x0000000008000000                g_pfnVectors
                0x0000000008000298                . = ALIGN (0x4)

.text           0x0000000008000298      0x688
                0x0000000008000298                . = ALIGN (0x4)
 *(.text)
 .text          0x0000000008000298       0x40 /home/breno/st/stm32cubeide_1.7.0/plugins/com.st.stm32cube.ide.mcu.externaltools.gnu-tools-for-stm32.9-2020-q2-update.linux64_2.0.0.202105311346/tools/bin/../lib/gcc/arm-none-eabi/9.3.1/thumb/v7e-m+dp/hard/crtbegin.o
 *(.text*)
 .text.main     0x00000000080002d8       0x80 ./Core/Src/main.o
                0x00000000080002d8                main
 .text.SystemInit
                0x0000000008000358      0x118 ./Core/Src/system_stm32h7xx.o
                0x0000000008000358                SystemInit
 .text.Reset_Handler
                0x0000000008000470       0x50 ./Core/Startup/startup_stm32h750vbtx.o
                0x0000000008000470                Reset_Handler
 .text.Default_Handler
                0x00000000080004c0        0x2 ./Core/Startup/startup_stm32h750vbtx.o
                0x00000000080004c0                RTC_Alarm_IRQHandler
                0x00000000080004c0                HASH_RNG_IRQHandler
                0x00000000080004c0                EXTI2_IRQHandler
                0x00000000080004c0                TIM8_CC_IRQHandler
                0x00000000080004c0                HRTIM1_Master_IRQHandler
                0x00000000080004c0                DebugMon_Handler
                0x00000000080004c0                UART8_IRQHandler
                0x00000000080004c0                SPI4_IRQHandler
                0x00000000080004c0                TIM1_CC_IRQHandler
                0x00000000080004c0                BDMA_Channel6_IRQHandler
                0x00000000080004c0                DMA2_Stream5_IRQHandler
                0x00000000080004c0                HardFault_Handler
                0x00000000080004c0                HRTIM1_FLT_IRQHandler
                0x00000000080004c0                JPEG_IRQHandler
                0x00000000080004c0                DMA1_Stream5_IRQHandler
                0x00000000080004c0                SysTick_Handler
                0x00000000080004c0                BDMA_Channel1_IRQHandler
                0x00000000080004c0                HRTIM1_TIMD_IRQHandler
                0x00000000080004c0                TAMP_STAMP_IRQHandler
                0x00000000080004c0                PendSV_Handler
                0x00000000080004c0                NMI_Handler
                0x00000000080004c0                EXTI3_IRQHandler
                0x00000000080004c0                LPTIM4_IRQHandler
                0x00000000080004c0                TIM8_TRG_COM_TIM14_IRQHandler
                0x00000000080004c0                LPTIM2_IRQHandler
                0x00000000080004c0                DFSDM1_FLT1_IRQHandler
                0x00000000080004c0                DMAMUX2_OVR_IRQHandler
                0x00000000080004c0                TIM8_UP_TIM13_IRQHandler
                0x00000000080004c0                I2C3_ER_IRQHandler
                0x00000000080004c0                DFSDM1_FLT2_IRQHandler
                0x00000000080004c0                MDMA_IRQHandler
                0x00000000080004c0                LPTIM3_IRQHandler
                0x00000000080004c0                HSEM1_IRQHandler
                0x00000000080004c0                EXTI0_IRQHandler
                0x00000000080004c0                I2C2_EV_IRQHandler
                0x00000000080004c0                DMA1_Stream2_IRQHandler
                0x00000000080004c0                FPU_IRQHandler
                0x00000000080004c0                OTG_HS_WKUP_IRQHandler
                0x00000000080004c0                FDCAN1_IT1_IRQHandler
                0x00000000080004c0                UsageFault_Handler
                0x00000000080004c0                LTDC_ER_IRQHandler
                0x00000000080004c0                DMA2_Stream2_IRQHandler
                0x00000000080004c0                HRTIM1_TIME_IRQHandler
                0x00000000080004c0                SPI1_IRQHandler
                0x00000000080004c0                TIM6_DAC_IRQHandler
                0x00000000080004c0                DCMI_IRQHandler
                0x00000000080004c0                HRTIM1_TIMC_IRQHandler
                0x00000000080004c0                DMA2_Stream3_IRQHandler
                0x00000000080004c0                SAI2_IRQHandler
                0x00000000080004c0                DFSDM1_FLT3_IRQHandler
                0x00000000080004c0                USART6_IRQHandler
                0x00000000080004c0                TIM17_IRQHandler
                0x00000000080004c0                USART3_IRQHandler
                0x00000000080004c0                BDMA_Channel7_IRQHandler
                0x00000000080004c0                CRYP_IRQHandler
                0x00000000080004c0                LPTIM5_IRQHandler
                0x00000000080004c0                UART5_IRQHandler
                0x00000000080004c0                ADC3_IRQHandler
                0x00000000080004c0                DMA2_Stream0_IRQHandler
                0x00000000080004c0                TIM4_IRQHandler
                0x00000000080004c0                BDMA_Channel2_IRQHandler
                0x00000000080004c0                QUADSPI_IRQHandler
                0x00000000080004c0                I2C1_EV_IRQHandler
                0x00000000080004c0                DMA1_Stream6_IRQHandler
                0x00000000080004c0                DMAMUX1_OVR_IRQHandler
                0x00000000080004c0                DMA1_Stream1_IRQHandler
                0x00000000080004c0                TIM16_IRQHandler
                0x00000000080004c0                UART4_IRQHandler
                0x00000000080004c0                BDMA_Channel5_IRQHandler
                0x00000000080004c0                TIM3_IRQHandler
                0x00000000080004c0                RCC_IRQHandler
                0x00000000080004c0                TIM8_BRK_TIM12_IRQHandler
                0x00000000080004c0                TIM1_TRG_COM_IRQHandler
                0x00000000080004c0                Default_Handler
                0x00000000080004c0                ECC_IRQHandler
                0x00000000080004c0                CEC_IRQHandler
                0x00000000080004c0                EXTI15_10_IRQHandler
                0x00000000080004c0                BDMA_Channel0_IRQHandler
                0x00000000080004c0                ADC_IRQHandler
                0x00000000080004c0                DMA1_Stream7_IRQHandler
                0x00000000080004c0                HRTIM1_TIMA_IRQHandler
                0x00000000080004c0                SPI5_IRQHandler
                0x00000000080004c0                TIM7_IRQHandler
                0x00000000080004c0                SDMMC1_IRQHandler
                0x00000000080004c0                TIM5_IRQHandler
                0x00000000080004c0                DMA2_Stream7_IRQHandler
                0x00000000080004c0                TIM15_IRQHandler
                0x00000000080004c0                PVD_AVD_IRQHandler
                0x00000000080004c0                I2C3_EV_IRQHandler
                0x00000000080004c0                EXTI9_5_IRQHandler
                0x00000000080004c0                RTC_WKUP_IRQHandler
                0x00000000080004c0                LTDC_IRQHandler
                0x00000000080004c0                SAI3_IRQHandler
                0x00000000080004c0                ETH_WKUP_IRQHandler
                0x00000000080004c0                SPDIF_RX_IRQHandler
                0x00000000080004c0                SPI2_IRQHandler
                0x00000000080004c0                OTG_HS_EP1_IN_IRQHandler
                0x00000000080004c0                MemManage_Handler
                0x00000000080004c0                DMA1_Stream0_IRQHandler
                0x00000000080004c0                SVC_Handler
                0x00000000080004c0                CRS_IRQHandler
                0x00000000080004c0                EXTI4_IRQHandler
                0x00000000080004c0                HRTIM1_TIMB_IRQHandler
                0x00000000080004c0                FDCAN2_IT1_IRQHandler
                0x00000000080004c0                ETH_IRQHandler
                0x00000000080004c0                TIM1_UP_IRQHandler
                0x00000000080004c0                BDMA_Channel4_IRQHandler
                0x00000000080004c0                OTG_HS_EP1_OUT_IRQHandler
                0x00000000080004c0                WWDG_IRQHandler
                0x00000000080004c0                SPI6_IRQHandler
                0x00000000080004c0                MDIOS_IRQHandler
                0x00000000080004c0                I2C4_EV_IRQHandler
                0x00000000080004c0                FDCAN2_IT0_IRQHandler
                0x00000000080004c0                LPUART1_IRQHandler
                0x00000000080004c0                FDCAN1_IT0_IRQHandler
                0x00000000080004c0                TIM2_IRQHandler
                0x00000000080004c0                OTG_FS_WKUP_IRQHandler
                0x00000000080004c0                OTG_HS_IRQHandler
                0x00000000080004c0                DMA2D_IRQHandler
                0x00000000080004c0                TIM1_BRK_IRQHandler
                0x00000000080004c0                EXTI1_IRQHandler
                0x00000000080004c0                SDMMC2_IRQHandler
                0x00000000080004c0                OTG_FS_EP1_OUT_IRQHandler
                0x00000000080004c0                BDMA_Channel3_IRQHandler
                0x00000000080004c0                UART7_IRQHandler
                0x00000000080004c0                MDIOS_WKUP_IRQHandler
                0x00000000080004c0                USART2_IRQHandler
                0x00000000080004c0                DFSDM1_FLT0_IRQHandler
                0x00000000080004c0                SAI4_IRQHandler
                0x00000000080004c0                I2C2_ER_IRQHandler
                0x00000000080004c0                DMA2_Stream1_IRQHandler
                0x00000000080004c0                FLASH_IRQHandler
                0x00000000080004c0                DMA2_Stream4_IRQHandler
                0x00000000080004c0                BusFault_Handler
                0x00000000080004c0                USART1_IRQHandler
                0x00000000080004c0                OTG_FS_IRQHandler
                0x00000000080004c0                SPI3_IRQHandler
                0x00000000080004c0                WAKEUP_PIN_IRQHandler
                0x00000000080004c0                DMA1_Stream4_IRQHandler
                0x00000000080004c0                OTG_FS_EP1_IN_IRQHandler
                0x00000000080004c0                I2C1_ER_IRQHandler
                0x00000000080004c0                FMC_IRQHandler
                0x00000000080004c0                FDCAN_CAL_IRQHandler
                0x00000000080004c0                SWPMI1_IRQHandler
                0x00000000080004c0                COMP1_IRQHandler
                0x00000000080004c0                LPTIM1_IRQHandler
                0x00000000080004c0                I2C4_ER_IRQHandler
                0x00000000080004c0                DMA2_Stream6_IRQHandler
                0x00000000080004c0                SAI1_IRQHandler
                0x00000000080004c0                DMA1_Stream3_IRQHandler
 .text.easyGPIOConfig
                0x00000000080004c2       0x2c ./Drivers/easy-driver/easy_driver.o
                0x00000000080004c2                easyGPIOConfig
 *fill*         0x00000000080004ee        0x2 
 .text.easyGPIOConfigFullSet
                0x00000000080004f0      0x230 ./Drivers/easy-driver/easy_driver.o
                0x00000000080004f0                easyGPIOConfigFullSet
 .text.easyGPIOCheckClock
                0x0000000008000720       0x6c ./Drivers/easy-driver/easy_driver.o
                0x0000000008000720                easyGPIOCheckClock
 .text.easyGPIOSetState
                0x000000000800078c       0x46 ./Drivers/easy-driver/easy_driver.o
                0x000000000800078c                easyGPIOSetState
 .text.easyGPIOToggle
                0x00000000080007d2       0x6a ./Drivers/easy-driver/easy_driver.o
                0x00000000080007d2                easyGPIOToggle
 .text.easyClearBit
                0x000000000800083c       0x2c ./Drivers/easy-driver/easy_driver.o
                0x000000000800083c                easyClearBit
 .text.easySetBit
                0x0000000008000868       0x2a ./Drivers/easy-driver/easy_driver.o
                0x0000000008000868                easySetBit
 .text.easyReadBit
                0x0000000008000892       0x2c ./Drivers/easy-driver/easy_driver.o
                0x0000000008000892                easyReadBit
 *fill*         0x00000000080008be        0x2 
 .text.__libc_init_array
                0x00000000080008c0       0x48 /home/breno/st/stm32cubeide_1.7.0/plugins/com.st.stm32cube.ide.mcu.externaltools.gnu-tools-for-stm32.9-2020-q2-update.linux64_2.0.0.202105311346/tools/bin/../lib/gcc/arm-none-eabi/9.3.1/../../../../arm-none-eabi/lib/thumb/v7e-m+dp/hard/libc_nano.a(lib_a-init.o)
                0x00000000080008c0                __libc_init_array
 *(.glue_7)
 .glue_7        0x0000000008000908        0x0 linker stubs
 *(.glue_7t)
 .glue_7t       0x0000000008000908        0x0 linker stubs
 *(.eh_frame)
 .eh_frame      0x0000000008000908        0x0 /home/breno/st/stm32cubeide_1.7.0/plugins/com.st.stm32cube.ide.mcu.externaltools.gnu-tools-for-stm32.9-2020-q2-update.linux64_2.0.0.202105311346/tools/bin/../lib/gcc/arm-none-eabi/9.3.1/thumb/v7e-m+dp/hard/crtbegin.o
 *(.init)
 .init          0x0000000008000908        0x4 /home/breno/st/stm32cubeide_1.7.0/plugins/com.st.stm32cube.ide.mcu.externaltools.gnu-tools-for-stm32.9-2020-q2-update.linux64_2.0.0.202105311346/tools/bin/../lib/gcc/arm-none-eabi/9.3.1/thumb/v7e-m+dp/hard/crti.o
                0x0000000008000908                _init
 .init          0x000000000800090c        0x8 /home/breno/st/stm32cubeide_1.7.0/plugins/com.st.stm32cube.ide.mcu.externaltools.gnu-tools-for-stm32.9-2020-q2-update.linux64_2.0.0.202105311346/tools/bin/../lib/gcc/arm-none-eabi/9.3.1/thumb/v7e-m+dp/hard/crtn.o
 *(.fini)
 .fini          0x0000000008000914        0x4 /home/breno/st/stm32cubeide_1.7.0/plugins/com.st.stm32cube.ide.mcu.externaltools.gnu-tools-for-stm32.9-2020-q2-update.linux64_2.0.0.202105311346/tools/bin/../lib/gcc/arm-none-eabi/9.3.1/thumb/v7e-m+dp/hard/crti.o
                0x0000000008000914                _fini
 .fini          0x0000000008000918        0x8 /home/breno/st/stm32cubeide_1.7.0/plugins/com.st.stm32cube.ide.mcu.externaltools.gnu-tools-for-stm32.9-2020-q2-update.linux64_2.0.0.202105311346/tools/bin/../lib/gcc/arm-none-eabi/9.3.1/thumb/v7e-m+dp/hard/crtn.o
                0x0000000008000920                . = ALIGN (0x4)
                0x0000000008000920                _etext = .

.vfp11_veneer   0x0000000008000920        0x0
 .vfp11_veneer  0x0000000008000920        0x0 linker stubs

.v4_bx          0x0000000008000920        0x0
 .v4_bx         0x0000000008000920        0x0 linker stubs

.iplt           0x0000000008000920        0x0
 .iplt          0x0000000008000920        0x0 /home/breno/st/stm32cubeide_1.7.0/plugins/com.st.stm32cube.ide.mcu.externaltools.gnu-tools-for-stm32.9-2020-q2-update.linux64_2.0.0.202105311346/tools/bin/../lib/gcc/arm-none-eabi/9.3.1/thumb/v7e-m+dp/hard/crtbegin.o

.rel.dyn        0x0000000008000920        0x0
 .rel.iplt      0x0000000008000920        0x0 /home/breno/st/stm32cubeide_1.7.0/plugins/com.st.stm32cube.ide.mcu.externaltools.gnu-tools-for-stm32.9-2020-q2-update.linux64_2.0.0.202105311346/tools/bin/../lib/gcc/arm-none-eabi/9.3.1/thumb/v7e-m+dp/hard/crtbegin.o

.rodata         0x0000000008000920        0x0
                0x0000000008000920                . = ALIGN (0x4)
 *(.rodata)
 *(.rodata*)
                0x0000000008000920                . = ALIGN (0x4)

.ARM.extab
 *(.ARM.extab* .gnu.linkonce.armextab.*)

.ARM            0x0000000008000920        0x0
                0x0000000008000920                __exidx_start = .
 *(.ARM.exidx*)
                0x0000000008000920                __exidx_end = .

.preinit_array  0x0000000008000920        0x0
                0x0000000008000920                PROVIDE (__preinit_array_start = .)
 *(.preinit_array*)
                0x0000000008000920                PROVIDE (__preinit_array_end = .)

.init_array     0x0000000008000920        0x4
                0x0000000008000920                PROVIDE (__init_array_start = .)
 *(SORT_BY_NAME(.init_array.*))
 *(.init_array*)
 .init_array    0x0000000008000920        0x4 /home/breno/st/stm32cubeide_1.7.0/plugins/com.st.stm32cube.ide.mcu.externaltools.gnu-tools-for-stm32.9-2020-q2-update.linux64_2.0.0.202105311346/tools/bin/../lib/gcc/arm-none-eabi/9.3.1/thumb/v7e-m+dp/hard/crtbegin.o
                0x0000000008000924                PROVIDE (__init_array_end = .)

.fini_array     0x0000000008000924        0x4
                [!provide]                        PROVIDE (__fini_array_start = .)
 *(SORT_BY_NAME(.fini_array.*))
 *(.fini_array*)
 .fini_array    0x0000000008000924        0x4 /home/breno/st/stm32cubeide_1.7.0/plugins/com.st.stm32cube.ide.mcu.externaltools.gnu-tools-for-stm32.9-2020-q2-update.linux64_2.0.0.202105311346/tools/bin/../lib/gcc/arm-none-eabi/9.3.1/thumb/v7e-m+dp/hard/crtbegin.o
                [!provide]                        PROVIDE (__fini_array_end = .)
                0x0000000008000928                _sidata = LOADADDR (.data)

.data           0x0000000024000000       0x2c load address 0x0000000008000928
                0x0000000024000000                . = ALIGN (0x4)
                0x0000000024000000                _sdata = .
 *(.data)
 *(.data*)
 .data.ref_gpio_group
                0x0000000024000000       0x2c ./Drivers/easy-driver/easy_driver.o
                0x0000000024000000                ref_gpio_group
 *(.RamFunc)
 *(.RamFunc*)
                0x000000002400002c                . = ALIGN (0x4)
                0x000000002400002c                _edata = .

.igot.plt       0x000000002400002c        0x0 load address 0x0000000008000954
 .igot.plt      0x000000002400002c        0x0 /home/breno/st/stm32cubeide_1.7.0/plugins/com.st.stm32cube.ide.mcu.externaltools.gnu-tools-for-stm32.9-2020-q2-update.linux64_2.0.0.202105311346/tools/bin/../lib/gcc/arm-none-eabi/9.3.1/thumb/v7e-m+dp/hard/crtbegin.o
                0x000000002400002c                . = ALIGN (0x4)

.bss            0x000000002400002c       0x1c load address 0x0000000008000954
                0x000000002400002c                _sbss = .
                0x000000002400002c                __bss_start__ = _sbss
 *(.bss)
 .bss           0x000000002400002c       0x1c /home/breno/st/stm32cubeide_1.7.0/plugins/com.st.stm32cube.ide.mcu.externaltools.gnu-tools-for-stm32.9-2020-q2-update.linux64_2.0.0.202105311346/tools/bin/../lib/gcc/arm-none-eabi/9.3.1/thumb/v7e-m+dp/hard/crtbegin.o
 *(.bss*)
 *(COMMON)
                0x0000000024000048                . = ALIGN (0x4)
                0x0000000024000048                _ebss = .
                0x0000000024000048                __bss_end__ = _ebss

._user_heap_stack
                0x0000000024000048      0x600 load address 0x0000000008000954
                0x0000000024000048                . = ALIGN (0x8)
                [!provide]                        PROVIDE (end = .)
                [!provide]                        PROVIDE (_end = .)
                0x0000000024000248                . = (. + _Min_Heap_Size)
 *fill*         0x0000000024000048      0x200 
                0x0000000024000648                . = (. + _Min_Stack_Size)
 *fill*         0x0000000024000248      0x400 
                0x0000000024000648                . = ALIGN (0x8)

/DISCARD/
 libc.a(*)
 libm.a(*)
 libgcc.a(*)

.ARM.attributes
                0x0000000000000000       0x2e
 *(.ARM.attributes)
 .ARM.attributes
                0x0000000000000000       0x1e /home/breno/st/stm32cubeide_1.7.0/plugins/com.st.stm32cube.ide.mcu.externaltools.gnu-tools-for-stm32.9-2020-q2-update.linux64_2.0.0.202105311346/tools/bin/../lib/gcc/arm-none-eabi/9.3.1/thumb/v7e-m+dp/hard/crti.o
 .ARM.attributes
                0x000000000000001e       0x32 /home/breno/st/stm32cubeide_1.7.0/plugins/com.st.stm32cube.ide.mcu.externaltools.gnu-tools-for-stm32.9-2020-q2-update.linux64_2.0.0.202105311346/tools/bin/../lib/gcc/arm-none-eabi/9.3.1/thumb/v7e-m+dp/hard/crtbegin.o
 .ARM.attributes
                0x0000000000000050       0x32 ./Core/Src/main.o
 .ARM.attributes
                0x0000000000000082       0x32 ./Core/Src/system_stm32h7xx.o
 .ARM.attributes
                0x00000000000000b4       0x21 ./Core/Startup/startup_stm32h750vbtx.o
 .ARM.attributes
                0x00000000000000d5       0x32 ./Drivers/easy-driver/easy_driver.o
 .ARM.attributes
                0x0000000000000107       0x32 /home/breno/st/stm32cubeide_1.7.0/plugins/com.st.stm32cube.ide.mcu.externaltools.gnu-tools-for-stm32.9-2020-q2-update.linux64_2.0.0.202105311346/tools/bin/../lib/gcc/arm-none-eabi/9.3.1/../../../../arm-none-eabi/lib/thumb/v7e-m+dp/hard/libc_nano.a(lib_a-init.o)
 .ARM.attributes
                0x0000000000000139       0x1e /home/breno/st/stm32cubeide_1.7.0/plugins/com.st.stm32cube.ide.mcu.externaltools.gnu-tools-for-stm32.9-2020-q2-update.linux64_2.0.0.202105311346/tools/bin/../lib/gcc/arm-none-eabi/9.3.1/thumb/v7e-m+dp/hard/crtn.o
OUTPUT(easy-driver.elf elf32-littlearm)
LOAD linker stubs
LOAD /home/breno/st/stm32cubeide_1.7.0/plugins/com.st.stm32cube.ide.mcu.externaltools.gnu-tools-for-stm32.9-2020-q2-update.linux64_2.0.0.202105311346/tools/bin/../lib/gcc/arm-none-eabi/9.3.1/../../../../arm-none-eabi/lib/thumb/v7e-m+dp/hard/libc.a
LOAD /home/breno/st/stm32cubeide_1.7.0/plugins/com.st.stm32cube.ide.mcu.externaltools.gnu-tools-for-stm32.9-2020-q2-update.linux64_2.0.0.202105311346/tools/bin/../lib/gcc/arm-none-eabi/9.3.1/../../../../arm-none-eabi/lib/thumb/v7e-m+dp/hard/libm.a
LOAD /home/breno/st/stm32cubeide_1.7.0/plugins/com.st.stm32cube.ide.mcu.externaltools.gnu-tools-for-stm32.9-2020-q2-update.linux64_2.0.0.202105311346/tools/bin/../lib/gcc/arm-none-eabi/9.3.1/thumb/v7e-m+dp/hard/libgcc.a

.debug_info     0x0000000000000000     0x225d
 .debug_info    0x0000000000000000      0x34c ./Core/Src/main.o
 .debug_info    0x000000000000034c     0x15f9 ./Core/Src/system_stm32h7xx.o
 .debug_info    0x0000000000001945       0x22 ./Core/Startup/startup_stm32h750vbtx.o
 .debug_info    0x0000000000001967      0x8f6 ./Drivers/easy-driver/easy_driver.o

.debug_abbrev   0x0000000000000000      0x57f
 .debug_abbrev  0x0000000000000000      0x146 ./Core/Src/main.o
 .debug_abbrev  0x0000000000000146      0x24f ./Core/Src/system_stm32h7xx.o
 .debug_abbrev  0x0000000000000395       0x12 ./Core/Startup/startup_stm32h750vbtx.o
 .debug_abbrev  0x00000000000003a7      0x1d8 ./Drivers/easy-driver/easy_driver.o

.debug_aranges  0x0000000000000000       0xc8
 .debug_aranges
                0x0000000000000000       0x20 ./Core/Src/main.o
 .debug_aranges
                0x0000000000000020       0x28 ./Core/Src/system_stm32h7xx.o
 .debug_aranges
                0x0000000000000048       0x28 ./Core/Startup/startup_stm32h750vbtx.o
 .debug_aranges
                0x0000000000000070       0x58 ./Drivers/easy-driver/easy_driver.o

.debug_ranges   0x0000000000000000       0xc0
 .debug_ranges  0x0000000000000000       0x10 ./Core/Src/main.o
 .debug_ranges  0x0000000000000010       0x18 ./Core/Src/system_stm32h7xx.o
 .debug_ranges  0x0000000000000028       0x20 ./Core/Startup/startup_stm32h750vbtx.o
 .debug_ranges  0x0000000000000048       0x78 ./Drivers/easy-driver/easy_driver.o

.debug_macro    0x0000000000000000    0x28c56
 .debug_macro   0x0000000000000000       0xdb ./Core/Src/main.o
 .debug_macro   0x00000000000000db      0xac0 ./Core/Src/main.o
 .debug_macro   0x0000000000000b9b       0x2e ./Core/Src/main.o
 .debug_macro   0x0000000000000bc9       0x3b ./Core/Src/main.o
 .debug_macro   0x0000000000000c04       0x22 ./Core/Src/main.o
 .debug_macro   0x0000000000000c26       0x8e ./Core/Src/main.o
 .debug_macro   0x0000000000000cb4       0x51 ./Core/Src/main.o
 .debug_macro   0x0000000000000d05      0x103 ./Core/Src/main.o
 .debug_macro   0x0000000000000e08       0x6a ./Core/Src/main.o
 .debug_macro   0x0000000000000e72      0x1df ./Core/Src/main.o
 .debug_macro   0x0000000000001051       0x1c ./Core/Src/main.o
 .debug_macro   0x000000000000106d       0x22 ./Core/Src/main.o
 .debug_macro   0x000000000000108f      0x101 ./Core/Src/main.o
 .debug_macro   0x0000000000001190     0x1305 ./Core/Src/main.o
 .debug_macro   0x0000000000002495      0x11f ./Core/Src/main.o
 .debug_macro   0x00000000000025b4       0x27 ./Core/Src/main.o
 .debug_macro   0x00000000000025db    0x259c6 ./Core/Src/main.o
 .debug_macro   0x0000000000027fa1       0x43 ./Core/Src/main.o
 .debug_macro   0x0000000000027fe4       0x2e ./Core/Src/main.o
 .debug_macro   0x0000000000028012      0x194 ./Core/Src/system_stm32h7xx.o
 .debug_macro   0x00000000000281a6       0x52 ./Core/Src/system_stm32h7xx.o
 .debug_macro   0x00000000000281f8       0x17 ./Core/Src/system_stm32h7xx.o
 .debug_macro   0x000000000002820f       0x3c ./Core/Src/system_stm32h7xx.o
 .debug_macro   0x000000000002824b       0x34 ./Core/Src/system_stm32h7xx.o
 .debug_macro   0x000000000002827f      0x174 ./Core/Src/system_stm32h7xx.o
 .debug_macro   0x00000000000283f3       0x16 ./Core/Src/system_stm32h7xx.o
 .debug_macro   0x0000000000028409       0x43 ./Core/Src/system_stm32h7xx.o
 .debug_macro   0x000000000002844c       0x34 ./Core/Src/system_stm32h7xx.o
 .debug_macro   0x0000000000028480       0x10 ./Core/Src/system_stm32h7xx.o
 .debug_macro   0x0000000000028490       0x58 ./Core/Src/system_stm32h7xx.o
 .debug_macro   0x00000000000284e8       0x71 ./Core/Src/system_stm32h7xx.o
 .debug_macro   0x0000000000028559       0x1c ./Core/Src/system_stm32h7xx.o
 .debug_macro   0x0000000000028575      0x12a ./Core/Src/system_stm32h7xx.o
 .debug_macro   0x000000000002869f      0x333 ./Core/Src/system_stm32h7xx.o
 .debug_macro   0x00000000000289d2      0x1a9 ./Core/Src/system_stm32h7xx.o
 .debug_macro   0x0000000000028b7b       0xdb ./Drivers/easy-driver/easy_driver.o

.debug_line     0x0000000000000000     0x1298
 .debug_line    0x0000000000000000      0x4c5 ./Core/Src/main.o
 .debug_line    0x00000000000004c5      0x761 ./Core/Src/system_stm32h7xx.o
 .debug_line    0x0000000000000c26       0x88 ./Core/Startup/startup_stm32h750vbtx.o
 .debug_line    0x0000000000000cae      0x5ea ./Drivers/easy-driver/easy_driver.o

.debug_str      0x0000000000000000    0xea9b5
 .debug_str     0x0000000000000000    0xe6717 ./Core/Src/main.o
                                      0xe6930 (size before relaxing)
 .debug_str     0x00000000000e6717     0x4195 ./Core/Src/system_stm32h7xx.o
                                      0xea986 (size before relaxing)
 .debug_str     0x00000000000ea8ac       0x36 ./Core/Startup/startup_stm32h750vbtx.o
                                         0x6f (size before relaxing)
 .debug_str     0x00000000000ea8e2       0xd3 ./Drivers/easy-driver/easy_driver.o
                                      0xe6c0e (size before relaxing)

.comment        0x0000000000000000       0x53
 .comment       0x0000000000000000       0x53 ./Core/Src/main.o
                                         0x54 (size before relaxing)
 .comment       0x0000000000000053       0x54 ./Core/Src/system_stm32h7xx.o
 .comment       0x0000000000000053       0x54 ./Drivers/easy-driver/easy_driver.o

.debug_frame    0x0000000000000000      0x1f8
 .debug_frame   0x0000000000000000       0x30 ./Core/Src/main.o
 .debug_frame   0x0000000000000030       0x58 ./Core/Src/system_stm32h7xx.o
 .debug_frame   0x0000000000000088      0x144 ./Drivers/easy-driver/easy_driver.o
 .debug_frame   0x00000000000001cc       0x2c /home/breno/st/stm32cubeide_1.7.0/plugins/com.st.stm32cube.ide.mcu.externaltools.gnu-tools-for-stm32.9-2020-q2-update.linux64_2.0.0.202105311346/tools/bin/../lib/gcc/arm-none-eabi/9.3.1/../../../../arm-none-eabi/lib/thumb/v7e-m+dp/hard/libc_nano.a(lib_a-init.o)
