Archive member included to satisfy reference by file (symbol)

c:/st/stm32cubeide_1.6.0/stm32cubeide/plugins/com.st.stm32cube.ide.mcu.externaltools.gnu-tools-for-stm32.9-2020-q2-update.win32_2.0.0.202105311346/tools/bin/../lib/gcc/arm-none-eabi/9.3.1/../../../../arm-none-eabi/lib/thumb/v7e-m+dp/hard\libc_nano.a(lib_a-exit.o)
                              c:/st/stm32cubeide_1.6.0/stm32cubeide/plugins/com.st.stm32cube.ide.mcu.externaltools.gnu-tools-for-stm32.9-2020-q2-update.win32_2.0.0.202105311346/tools/bin/../lib/gcc/arm-none-eabi/9.3.1/../../../../arm-none-eabi/lib/thumb/v7e-m+dp/hard/crt0.o (exit)
c:/st/stm32cubeide_1.6.0/stm32cubeide/plugins/com.st.stm32cube.ide.mcu.externaltools.gnu-tools-for-stm32.9-2020-q2-update.win32_2.0.0.202105311346/tools/bin/../lib/gcc/arm-none-eabi/9.3.1/../../../../arm-none-eabi/lib/thumb/v7e-m+dp/hard\libc_nano.a(lib_a-impure.o)
                              c:/st/stm32cubeide_1.6.0/stm32cubeide/plugins/com.st.stm32cube.ide.mcu.externaltools.gnu-tools-for-stm32.9-2020-q2-update.win32_2.0.0.202105311346/tools/bin/../lib/gcc/arm-none-eabi/9.3.1/../../../../arm-none-eabi/lib/thumb/v7e-m+dp/hard\libc_nano.a(lib_a-exit.o) (_global_impure_ptr)
c:/st/stm32cubeide_1.6.0/stm32cubeide/plugins/com.st.stm32cube.ide.mcu.externaltools.gnu-tools-for-stm32.9-2020-q2-update.win32_2.0.0.202105311346/tools/bin/../lib/gcc/arm-none-eabi/9.3.1/../../../../arm-none-eabi/lib/thumb/v7e-m+dp/hard\libc_nano.a(lib_a-init.o)
                              c:/st/stm32cubeide_1.6.0/stm32cubeide/plugins/com.st.stm32cube.ide.mcu.externaltools.gnu-tools-for-stm32.9-2020-q2-update.win32_2.0.0.202105311346/tools/bin/../lib/gcc/arm-none-eabi/9.3.1/../../../../arm-none-eabi/lib/thumb/v7e-m+dp/hard/crt0.o (__libc_init_array)
c:/st/stm32cubeide_1.6.0/stm32cubeide/plugins/com.st.stm32cube.ide.mcu.externaltools.gnu-tools-for-stm32.9-2020-q2-update.win32_2.0.0.202105311346/tools/bin/../lib/gcc/arm-none-eabi/9.3.1/../../../../arm-none-eabi/lib/thumb/v7e-m+dp/hard\libc_nano.a(lib_a-memset.o)
                              c:/st/stm32cubeide_1.6.0/stm32cubeide/plugins/com.st.stm32cube.ide.mcu.externaltools.gnu-tools-for-stm32.9-2020-q2-update.win32_2.0.0.202105311346/tools/bin/../lib/gcc/arm-none-eabi/9.3.1/../../../../arm-none-eabi/lib/thumb/v7e-m+dp/hard/crt0.o (memset)
c:/st/stm32cubeide_1.6.0/stm32cubeide/plugins/com.st.stm32cube.ide.mcu.externaltools.gnu-tools-for-stm32.9-2020-q2-update.win32_2.0.0.202105311346/tools/bin/../lib/gcc/arm-none-eabi/9.3.1/../../../../arm-none-eabi/lib/thumb/v7e-m+dp/hard\libnosys.a(_exit.o)
                              c:/st/stm32cubeide_1.6.0/stm32cubeide/plugins/com.st.stm32cube.ide.mcu.externaltools.gnu-tools-for-stm32.9-2020-q2-update.win32_2.0.0.202105311346/tools/bin/../lib/gcc/arm-none-eabi/9.3.1/../../../../arm-none-eabi/lib/thumb/v7e-m+dp/hard\libc_nano.a(lib_a-exit.o) (_exit)

Discarded input sections

 .text          0x0000000000000000        0x0 c:/st/stm32cubeide_1.6.0/stm32cubeide/plugins/com.st.stm32cube.ide.mcu.externaltools.gnu-tools-for-stm32.9-2020-q2-update.win32_2.0.0.202105311346/tools/bin/../lib/gcc/arm-none-eabi/9.3.1/thumb/v7e-m+dp/hard/crti.o
 .data          0x0000000000000000        0x0 c:/st/stm32cubeide_1.6.0/stm32cubeide/plugins/com.st.stm32cube.ide.mcu.externaltools.gnu-tools-for-stm32.9-2020-q2-update.win32_2.0.0.202105311346/tools/bin/../lib/gcc/arm-none-eabi/9.3.1/thumb/v7e-m+dp/hard/crti.o
 .bss           0x0000000000000000        0x0 c:/st/stm32cubeide_1.6.0/stm32cubeide/plugins/com.st.stm32cube.ide.mcu.externaltools.gnu-tools-for-stm32.9-2020-q2-update.win32_2.0.0.202105311346/tools/bin/../lib/gcc/arm-none-eabi/9.3.1/thumb/v7e-m+dp/hard/crti.o
 .data          0x0000000000000000        0x4 c:/st/stm32cubeide_1.6.0/stm32cubeide/plugins/com.st.stm32cube.ide.mcu.externaltools.gnu-tools-for-stm32.9-2020-q2-update.win32_2.0.0.202105311346/tools/bin/../lib/gcc/arm-none-eabi/9.3.1/thumb/v7e-m+dp/hard/crtbegin.o
 .text          0x0000000000000000       0x7c c:/st/stm32cubeide_1.6.0/stm32cubeide/plugins/com.st.stm32cube.ide.mcu.externaltools.gnu-tools-for-stm32.9-2020-q2-update.win32_2.0.0.202105311346/tools/bin/../lib/gcc/arm-none-eabi/9.3.1/../../../../arm-none-eabi/lib/thumb/v7e-m+dp/hard/crt0.o
 .data          0x0000000000000000        0x0 c:/st/stm32cubeide_1.6.0/stm32cubeide/plugins/com.st.stm32cube.ide.mcu.externaltools.gnu-tools-for-stm32.9-2020-q2-update.win32_2.0.0.202105311346/tools/bin/../lib/gcc/arm-none-eabi/9.3.1/../../../../arm-none-eabi/lib/thumb/v7e-m+dp/hard/crt0.o
 .bss           0x0000000000000000        0x0 c:/st/stm32cubeide_1.6.0/stm32cubeide/plugins/com.st.stm32cube.ide.mcu.externaltools.gnu-tools-for-stm32.9-2020-q2-update.win32_2.0.0.202105311346/tools/bin/../lib/gcc/arm-none-eabi/9.3.1/../../../../arm-none-eabi/lib/thumb/v7e-m+dp/hard/crt0.o
 .ARM.extab     0x0000000000000000        0x0 c:/st/stm32cubeide_1.6.0/stm32cubeide/plugins/com.st.stm32cube.ide.mcu.externaltools.gnu-tools-for-stm32.9-2020-q2-update.win32_2.0.0.202105311346/tools/bin/../lib/gcc/arm-none-eabi/9.3.1/../../../../arm-none-eabi/lib/thumb/v7e-m+dp/hard/crt0.o
 .ARM.exidx     0x0000000000000000       0x10 c:/st/stm32cubeide_1.6.0/stm32cubeide/plugins/com.st.stm32cube.ide.mcu.externaltools.gnu-tools-for-stm32.9-2020-q2-update.win32_2.0.0.202105311346/tools/bin/../lib/gcc/arm-none-eabi/9.3.1/../../../../arm-none-eabi/lib/thumb/v7e-m+dp/hard/crt0.o
 .ARM.attributes
                0x0000000000000000       0x1c c:/st/stm32cubeide_1.6.0/stm32cubeide/plugins/com.st.stm32cube.ide.mcu.externaltools.gnu-tools-for-stm32.9-2020-q2-update.win32_2.0.0.202105311346/tools/bin/../lib/gcc/arm-none-eabi/9.3.1/../../../../arm-none-eabi/lib/thumb/v7e-m+dp/hard/crt0.o
 .group         0x0000000000000000        0xc ./Core/Src/main.o
 .group         0x0000000000000000        0xc ./Core/Src/main.o
 .group         0x0000000000000000        0xc ./Core/Src/main.o
 .group         0x0000000000000000        0xc ./Core/Src/main.o
 .group         0x0000000000000000        0xc ./Core/Src/main.o
 .group         0x0000000000000000        0xc ./Core/Src/main.o
 .group         0x0000000000000000        0xc ./Core/Src/main.o
 .group         0x0000000000000000        0xc ./Core/Src/main.o
 .group         0x0000000000000000        0xc ./Core/Src/main.o
 .group         0x0000000000000000        0xc ./Core/Src/main.o
 .group         0x0000000000000000        0xc ./Core/Src/main.o
 .group         0x0000000000000000        0xc ./Core/Src/main.o
 .group         0x0000000000000000        0xc ./Core/Src/main.o
 .group         0x0000000000000000        0xc ./Core/Src/main.o
 .group         0x0000000000000000        0xc ./Core/Src/main.o
 .group         0x0000000000000000        0xc ./Core/Src/main.o
 .group         0x0000000000000000        0xc ./Core/Src/main.o
 .group         0x0000000000000000        0xc ./Core/Src/main.o
 .text          0x0000000000000000        0x0 ./Core/Src/main.o
 .data          0x0000000000000000        0x0 ./Core/Src/main.o
 .bss           0x0000000000000000        0x0 ./Core/Src/main.o
 .group         0x0000000000000000        0xc ./Core/Src/system_stm32h7xx.o
 .group         0x0000000000000000        0xc ./Core/Src/system_stm32h7xx.o
 .group         0x0000000000000000        0xc ./Core/Src/system_stm32h7xx.o
 .group         0x0000000000000000        0xc ./Core/Src/system_stm32h7xx.o
 .group         0x0000000000000000        0xc ./Core/Src/system_stm32h7xx.o
 .group         0x0000000000000000        0xc ./Core/Src/system_stm32h7xx.o
 .group         0x0000000000000000        0xc ./Core/Src/system_stm32h7xx.o
 .group         0x0000000000000000        0xc ./Core/Src/system_stm32h7xx.o
 .group         0x0000000000000000        0xc ./Core/Src/system_stm32h7xx.o
 .group         0x0000000000000000        0xc ./Core/Src/system_stm32h7xx.o
 .group         0x0000000000000000        0xc ./Core/Src/system_stm32h7xx.o
 .group         0x0000000000000000        0xc ./Core/Src/system_stm32h7xx.o
 .group         0x0000000000000000        0xc ./Core/Src/system_stm32h7xx.o
 .group         0x0000000000000000        0xc ./Core/Src/system_stm32h7xx.o
 .group         0x0000000000000000        0xc ./Core/Src/system_stm32h7xx.o
 .group         0x0000000000000000        0xc ./Core/Src/system_stm32h7xx.o
 .group         0x0000000000000000        0xc ./Core/Src/system_stm32h7xx.o
 .group         0x0000000000000000        0xc ./Core/Src/system_stm32h7xx.o
 .group         0x0000000000000000        0xc ./Core/Src/system_stm32h7xx.o
 .group         0x0000000000000000        0xc ./Core/Src/system_stm32h7xx.o
 .group         0x0000000000000000        0xc ./Core/Src/system_stm32h7xx.o
 .group         0x0000000000000000        0xc ./Core/Src/system_stm32h7xx.o
 .group         0x0000000000000000        0xc ./Core/Src/system_stm32h7xx.o
 .group         0x0000000000000000        0xc ./Core/Src/system_stm32h7xx.o
 .group         0x0000000000000000        0xc ./Core/Src/system_stm32h7xx.o
 .group         0x0000000000000000        0xc ./Core/Src/system_stm32h7xx.o
 .group         0x0000000000000000        0xc ./Core/Src/system_stm32h7xx.o
 .group         0x0000000000000000        0xc ./Core/Src/system_stm32h7xx.o
 .group         0x0000000000000000        0xc ./Core/Src/system_stm32h7xx.o
 .group         0x0000000000000000        0xc ./Core/Src/system_stm32h7xx.o
 .group         0x0000000000000000        0xc ./Core/Src/system_stm32h7xx.o
 .group         0x0000000000000000        0xc ./Core/Src/system_stm32h7xx.o
 .text          0x0000000000000000        0x0 ./Core/Src/system_stm32h7xx.o
 .data          0x0000000000000000        0x0 ./Core/Src/system_stm32h7xx.o
 .bss           0x0000000000000000        0x0 ./Core/Src/system_stm32h7xx.o
 .data.SystemCoreClock
                0x0000000000000000        0x4 ./Core/Src/system_stm32h7xx.o
 .data.SystemD2Clock
                0x0000000000000000        0x4 ./Core/Src/system_stm32h7xx.o
 .rodata.D1CorePrescTable
                0x0000000000000000       0x10 ./Core/Src/system_stm32h7xx.o
 .text.SystemCoreClockUpdate
                0x0000000000000000      0x2f4 ./Core/Src/system_stm32h7xx.o
 .debug_macro   0x0000000000000000      0xac0 ./Core/Src/system_stm32h7xx.o
 .debug_macro   0x0000000000000000       0x2e ./Core/Src/system_stm32h7xx.o
 .debug_macro   0x0000000000000000       0x3b ./Core/Src/system_stm32h7xx.o
 .debug_macro   0x0000000000000000       0x22 ./Core/Src/system_stm32h7xx.o
 .debug_macro   0x0000000000000000       0x8e ./Core/Src/system_stm32h7xx.o
 .debug_macro   0x0000000000000000       0x51 ./Core/Src/system_stm32h7xx.o
 .debug_macro   0x0000000000000000      0x103 ./Core/Src/system_stm32h7xx.o
 .debug_macro   0x0000000000000000       0x6a ./Core/Src/system_stm32h7xx.o
 .debug_macro   0x0000000000000000      0x1df ./Core/Src/system_stm32h7xx.o
 .debug_macro   0x0000000000000000       0x1c ./Core/Src/system_stm32h7xx.o
 .debug_macro   0x0000000000000000       0x22 ./Core/Src/system_stm32h7xx.o
 .debug_macro   0x0000000000000000      0x101 ./Core/Src/system_stm32h7xx.o
 .debug_macro   0x0000000000000000     0x1305 ./Core/Src/system_stm32h7xx.o
 .debug_macro   0x0000000000000000      0x11f ./Core/Src/system_stm32h7xx.o
 .debug_macro   0x0000000000000000       0x27 ./Core/Src/system_stm32h7xx.o
 .debug_macro   0x0000000000000000    0x259c6 ./Core/Src/system_stm32h7xx.o
 .debug_macro   0x0000000000000000       0x43 ./Core/Src/system_stm32h7xx.o
 .text          0x0000000000000000       0x14 ./Core/Startup/startup_stm32h750vbtx.o
 .data          0x0000000000000000        0x0 ./Core/Startup/startup_stm32h750vbtx.o
 .bss           0x0000000000000000        0x0 ./Core/Startup/startup_stm32h750vbtx.o
 .group         0x0000000000000000        0xc ./Drivers/easy-driver/easy_driver.o
 .group         0x0000000000000000        0xc ./Drivers/easy-driver/easy_driver.o
 .group         0x0000000000000000        0xc ./Drivers/easy-driver/easy_driver.o
 .group         0x0000000000000000        0xc ./Drivers/easy-driver/easy_driver.o
 .group         0x0000000000000000        0xc ./Drivers/easy-driver/easy_driver.o
 .group         0x0000000000000000        0xc ./Drivers/easy-driver/easy_driver.o
 .group         0x0000000000000000        0xc ./Drivers/easy-driver/easy_driver.o
 .group         0x0000000000000000        0xc ./Drivers/easy-driver/easy_driver.o
 .group         0x0000000000000000        0xc ./Drivers/easy-driver/easy_driver.o
 .group         0x0000000000000000        0xc ./Drivers/easy-driver/easy_driver.o
 .group         0x0000000000000000        0xc ./Drivers/easy-driver/easy_driver.o
 .group         0x0000000000000000        0xc ./Drivers/easy-driver/easy_driver.o
 .group         0x0000000000000000        0xc ./Drivers/easy-driver/easy_driver.o
 .group         0x0000000000000000        0xc ./Drivers/easy-driver/easy_driver.o
 .group         0x0000000000000000        0xc ./Drivers/easy-driver/easy_driver.o
 .group         0x0000000000000000        0xc ./Drivers/easy-driver/easy_driver.o
 .group         0x0000000000000000        0xc ./Drivers/easy-driver/easy_driver.o
 .group         0x0000000000000000        0xc ./Drivers/easy-driver/easy_driver.o
 .text          0x0000000000000000        0x0 ./Drivers/easy-driver/easy_driver.o
 .data          0x0000000000000000        0x0 ./Drivers/easy-driver/easy_driver.o
 .bss           0x0000000000000000        0x0 ./Drivers/easy-driver/easy_driver.o
 .debug_macro   0x0000000000000000      0xac0 ./Drivers/easy-driver/easy_driver.o
 .debug_macro   0x0000000000000000       0x2e ./Drivers/easy-driver/easy_driver.o
 .debug_macro   0x0000000000000000       0x3b ./Drivers/easy-driver/easy_driver.o
 .debug_macro   0x0000000000000000       0x22 ./Drivers/easy-driver/easy_driver.o
 .debug_macro   0x0000000000000000       0x8e ./Drivers/easy-driver/easy_driver.o
 .debug_macro   0x0000000000000000       0x51 ./Drivers/easy-driver/easy_driver.o
 .debug_macro   0x0000000000000000      0x103 ./Drivers/easy-driver/easy_driver.o
 .debug_macro   0x0000000000000000       0x6a ./Drivers/easy-driver/easy_driver.o
 .debug_macro   0x0000000000000000      0x1df ./Drivers/easy-driver/easy_driver.o
 .debug_macro   0x0000000000000000       0x1c ./Drivers/easy-driver/easy_driver.o
 .debug_macro   0x0000000000000000       0x22 ./Drivers/easy-driver/easy_driver.o
 .debug_macro   0x0000000000000000      0x101 ./Drivers/easy-driver/easy_driver.o
 .debug_macro   0x0000000000000000     0x1305 ./Drivers/easy-driver/easy_driver.o
 .debug_macro   0x0000000000000000      0x11f ./Drivers/easy-driver/easy_driver.o
 .debug_macro   0x0000000000000000       0x27 ./Drivers/easy-driver/easy_driver.o
 .debug_macro   0x0000000000000000    0x259c6 ./Drivers/easy-driver/easy_driver.o
 .debug_macro   0x0000000000000000       0x43 ./Drivers/easy-driver/easy_driver.o
 .debug_macro   0x0000000000000000       0x2e ./Drivers/easy-driver/easy_driver.o
 .text          0x0000000000000000        0x0 c:/st/stm32cubeide_1.6.0/stm32cubeide/plugins/com.st.stm32cube.ide.mcu.externaltools.gnu-tools-for-stm32.9-2020-q2-update.win32_2.0.0.202105311346/tools/bin/../lib/gcc/arm-none-eabi/9.3.1/../../../../arm-none-eabi/lib/thumb/v7e-m+dp/hard\libc_nano.a(lib_a-exit.o)
 .data          0x0000000000000000        0x0 c:/st/stm32cubeide_1.6.0/stm32cubeide/plugins/com.st.stm32cube.ide.mcu.externaltools.gnu-tools-for-stm32.9-2020-q2-update.win32_2.0.0.202105311346/tools/bin/../lib/gcc/arm-none-eabi/9.3.1/../../../../arm-none-eabi/lib/thumb/v7e-m+dp/hard\libc_nano.a(lib_a-exit.o)
 .bss           0x0000000000000000        0x0 c:/st/stm32cubeide_1.6.0/stm32cubeide/plugins/com.st.stm32cube.ide.mcu.externaltools.gnu-tools-for-stm32.9-2020-q2-update.win32_2.0.0.202105311346/tools/bin/../lib/gcc/arm-none-eabi/9.3.1/../../../../arm-none-eabi/lib/thumb/v7e-m+dp/hard\libc_nano.a(lib_a-exit.o)
 .text.exit     0x0000000000000000       0x28 c:/st/stm32cubeide_1.6.0/stm32cubeide/plugins/com.st.stm32cube.ide.mcu.externaltools.gnu-tools-for-stm32.9-2020-q2-update.win32_2.0.0.202105311346/tools/bin/../lib/gcc/arm-none-eabi/9.3.1/../../../../arm-none-eabi/lib/thumb/v7e-m+dp/hard\libc_nano.a(lib_a-exit.o)
 .debug_frame   0x0000000000000000       0x28 c:/st/stm32cubeide_1.6.0/stm32cubeide/plugins/com.st.stm32cube.ide.mcu.externaltools.gnu-tools-for-stm32.9-2020-q2-update.win32_2.0.0.202105311346/tools/bin/../lib/gcc/arm-none-eabi/9.3.1/../../../../arm-none-eabi/lib/thumb/v7e-m+dp/hard\libc_nano.a(lib_a-exit.o)
 .ARM.attributes
                0x0000000000000000       0x32 c:/st/stm32cubeide_1.6.0/stm32cubeide/plugins/com.st.stm32cube.ide.mcu.externaltools.gnu-tools-for-stm32.9-2020-q2-update.win32_2.0.0.202105311346/tools/bin/../lib/gcc/arm-none-eabi/9.3.1/../../../../arm-none-eabi/lib/thumb/v7e-m+dp/hard\libc_nano.a(lib_a-exit.o)
 .text          0x0000000000000000        0x0 c:/st/stm32cubeide_1.6.0/stm32cubeide/plugins/com.st.stm32cube.ide.mcu.externaltools.gnu-tools-for-stm32.9-2020-q2-update.win32_2.0.0.202105311346/tools/bin/../lib/gcc/arm-none-eabi/9.3.1/../../../../arm-none-eabi/lib/thumb/v7e-m+dp/hard\libc_nano.a(lib_a-impure.o)
 .data          0x0000000000000000        0x0 c:/st/stm32cubeide_1.6.0/stm32cubeide/plugins/com.st.stm32cube.ide.mcu.externaltools.gnu-tools-for-stm32.9-2020-q2-update.win32_2.0.0.202105311346/tools/bin/../lib/gcc/arm-none-eabi/9.3.1/../../../../arm-none-eabi/lib/thumb/v7e-m+dp/hard\libc_nano.a(lib_a-impure.o)
 .bss           0x0000000000000000        0x0 c:/st/stm32cubeide_1.6.0/stm32cubeide/plugins/com.st.stm32cube.ide.mcu.externaltools.gnu-tools-for-stm32.9-2020-q2-update.win32_2.0.0.202105311346/tools/bin/../lib/gcc/arm-none-eabi/9.3.1/../../../../arm-none-eabi/lib/thumb/v7e-m+dp/hard\libc_nano.a(lib_a-impure.o)
 .data._impure_ptr
                0x0000000000000000        0x4 c:/st/stm32cubeide_1.6.0/stm32cubeide/plugins/com.st.stm32cube.ide.mcu.externaltools.gnu-tools-for-stm32.9-2020-q2-update.win32_2.0.0.202105311346/tools/bin/../lib/gcc/arm-none-eabi/9.3.1/../../../../arm-none-eabi/lib/thumb/v7e-m+dp/hard\libc_nano.a(lib_a-impure.o)
 .data.impure_data
                0x0000000000000000       0x60 c:/st/stm32cubeide_1.6.0/stm32cubeide/plugins/com.st.stm32cube.ide.mcu.externaltools.gnu-tools-for-stm32.9-2020-q2-update.win32_2.0.0.202105311346/tools/bin/../lib/gcc/arm-none-eabi/9.3.1/../../../../arm-none-eabi/lib/thumb/v7e-m+dp/hard\libc_nano.a(lib_a-impure.o)
 .rodata._global_impure_ptr
                0x0000000000000000        0x4 c:/st/stm32cubeide_1.6.0/stm32cubeide/plugins/com.st.stm32cube.ide.mcu.externaltools.gnu-tools-for-stm32.9-2020-q2-update.win32_2.0.0.202105311346/tools/bin/../lib/gcc/arm-none-eabi/9.3.1/../../../../arm-none-eabi/lib/thumb/v7e-m+dp/hard\libc_nano.a(lib_a-impure.o)
 .ARM.attributes
                0x0000000000000000       0x30 c:/st/stm32cubeide_1.6.0/stm32cubeide/plugins/com.st.stm32cube.ide.mcu.externaltools.gnu-tools-for-stm32.9-2020-q2-update.win32_2.0.0.202105311346/tools/bin/../lib/gcc/arm-none-eabi/9.3.1/../../../../arm-none-eabi/lib/thumb/v7e-m+dp/hard\libc_nano.a(lib_a-impure.o)
 .text          0x0000000000000000        0x0 c:/st/stm32cubeide_1.6.0/stm32cubeide/plugins/com.st.stm32cube.ide.mcu.externaltools.gnu-tools-for-stm32.9-2020-q2-update.win32_2.0.0.202105311346/tools/bin/../lib/gcc/arm-none-eabi/9.3.1/../../../../arm-none-eabi/lib/thumb/v7e-m+dp/hard\libc_nano.a(lib_a-init.o)
 .data          0x0000000000000000        0x0 c:/st/stm32cubeide_1.6.0/stm32cubeide/plugins/com.st.stm32cube.ide.mcu.externaltools.gnu-tools-for-stm32.9-2020-q2-update.win32_2.0.0.202105311346/tools/bin/../lib/gcc/arm-none-eabi/9.3.1/../../../../arm-none-eabi/lib/thumb/v7e-m+dp/hard\libc_nano.a(lib_a-init.o)
 .bss           0x0000000000000000        0x0 c:/st/stm32cubeide_1.6.0/stm32cubeide/plugins/com.st.stm32cube.ide.mcu.externaltools.gnu-tools-for-stm32.9-2020-q2-update.win32_2.0.0.202105311346/tools/bin/../lib/gcc/arm-none-eabi/9.3.1/../../../../arm-none-eabi/lib/thumb/v7e-m+dp/hard\libc_nano.a(lib_a-init.o)
 .text          0x0000000000000000        0x0 c:/st/stm32cubeide_1.6.0/stm32cubeide/plugins/com.st.stm32cube.ide.mcu.externaltools.gnu-tools-for-stm32.9-2020-q2-update.win32_2.0.0.202105311346/tools/bin/../lib/gcc/arm-none-eabi/9.3.1/../../../../arm-none-eabi/lib/thumb/v7e-m+dp/hard\libc_nano.a(lib_a-memset.o)
 .data          0x0000000000000000        0x0 c:/st/stm32cubeide_1.6.0/stm32cubeide/plugins/com.st.stm32cube.ide.mcu.externaltools.gnu-tools-for-stm32.9-2020-q2-update.win32_2.0.0.202105311346/tools/bin/../lib/gcc/arm-none-eabi/9.3.1/../../../../arm-none-eabi/lib/thumb/v7e-m+dp/hard\libc_nano.a(lib_a-memset.o)
 .bss           0x0000000000000000        0x0 c:/st/stm32cubeide_1.6.0/stm32cubeide/plugins/com.st.stm32cube.ide.mcu.externaltools.gnu-tools-for-stm32.9-2020-q2-update.win32_2.0.0.202105311346/tools/bin/../lib/gcc/arm-none-eabi/9.3.1/../../../../arm-none-eabi/lib/thumb/v7e-m+dp/hard\libc_nano.a(lib_a-memset.o)
 .text.memset   0x0000000000000000       0x10 c:/st/stm32cubeide_1.6.0/stm32cubeide/plugins/com.st.stm32cube.ide.mcu.externaltools.gnu-tools-for-stm32.9-2020-q2-update.win32_2.0.0.202105311346/tools/bin/../lib/gcc/arm-none-eabi/9.3.1/../../../../arm-none-eabi/lib/thumb/v7e-m+dp/hard\libc_nano.a(lib_a-memset.o)
 .debug_frame   0x0000000000000000       0x20 c:/st/stm32cubeide_1.6.0/stm32cubeide/plugins/com.st.stm32cube.ide.mcu.externaltools.gnu-tools-for-stm32.9-2020-q2-update.win32_2.0.0.202105311346/tools/bin/../lib/gcc/arm-none-eabi/9.3.1/../../../../arm-none-eabi/lib/thumb/v7e-m+dp/hard\libc_nano.a(lib_a-memset.o)
 .ARM.attributes
                0x0000000000000000       0x32 c:/st/stm32cubeide_1.6.0/stm32cubeide/plugins/com.st.stm32cube.ide.mcu.externaltools.gnu-tools-for-stm32.9-2020-q2-update.win32_2.0.0.202105311346/tools/bin/../lib/gcc/arm-none-eabi/9.3.1/../../../../arm-none-eabi/lib/thumb/v7e-m+dp/hard\libc_nano.a(lib_a-memset.o)
 .text          0x0000000000000000        0x0 c:/st/stm32cubeide_1.6.0/stm32cubeide/plugins/com.st.stm32cube.ide.mcu.externaltools.gnu-tools-for-stm32.9-2020-q2-update.win32_2.0.0.202105311346/tools/bin/../lib/gcc/arm-none-eabi/9.3.1/../../../../arm-none-eabi/lib/thumb/v7e-m+dp/hard\libnosys.a(_exit.o)
 .data          0x0000000000000000        0x0 c:/st/stm32cubeide_1.6.0/stm32cubeide/plugins/com.st.stm32cube.ide.mcu.externaltools.gnu-tools-for-stm32.9-2020-q2-update.win32_2.0.0.202105311346/tools/bin/../lib/gcc/arm-none-eabi/9.3.1/../../../../arm-none-eabi/lib/thumb/v7e-m+dp/hard\libnosys.a(_exit.o)
 .bss           0x0000000000000000        0x0 c:/st/stm32cubeide_1.6.0/stm32cubeide/plugins/com.st.stm32cube.ide.mcu.externaltools.gnu-tools-for-stm32.9-2020-q2-update.win32_2.0.0.202105311346/tools/bin/../lib/gcc/arm-none-eabi/9.3.1/../../../../arm-none-eabi/lib/thumb/v7e-m+dp/hard\libnosys.a(_exit.o)
 .text._exit    0x0000000000000000        0x2 c:/st/stm32cubeide_1.6.0/stm32cubeide/plugins/com.st.stm32cube.ide.mcu.externaltools.gnu-tools-for-stm32.9-2020-q2-update.win32_2.0.0.202105311346/tools/bin/../lib/gcc/arm-none-eabi/9.3.1/../../../../arm-none-eabi/lib/thumb/v7e-m+dp/hard\libnosys.a(_exit.o)
 .debug_frame   0x0000000000000000       0x20 c:/st/stm32cubeide_1.6.0/stm32cubeide/plugins/com.st.stm32cube.ide.mcu.externaltools.gnu-tools-for-stm32.9-2020-q2-update.win32_2.0.0.202105311346/tools/bin/../lib/gcc/arm-none-eabi/9.3.1/../../../../arm-none-eabi/lib/thumb/v7e-m+dp/hard\libnosys.a(_exit.o)
 .ARM.attributes
                0x0000000000000000       0x32 c:/st/stm32cubeide_1.6.0/stm32cubeide/plugins/com.st.stm32cube.ide.mcu.externaltools.gnu-tools-for-stm32.9-2020-q2-update.win32_2.0.0.202105311346/tools/bin/../lib/gcc/arm-none-eabi/9.3.1/../../../../arm-none-eabi/lib/thumb/v7e-m+dp/hard\libnosys.a(_exit.o)
 .text          0x0000000000000000        0x0 c:/st/stm32cubeide_1.6.0/stm32cubeide/plugins/com.st.stm32cube.ide.mcu.externaltools.gnu-tools-for-stm32.9-2020-q2-update.win32_2.0.0.202105311346/tools/bin/../lib/gcc/arm-none-eabi/9.3.1/thumb/v7e-m+dp/hard/crtend.o
 .data          0x0000000000000000        0x0 c:/st/stm32cubeide_1.6.0/stm32cubeide/plugins/com.st.stm32cube.ide.mcu.externaltools.gnu-tools-for-stm32.9-2020-q2-update.win32_2.0.0.202105311346/tools/bin/../lib/gcc/arm-none-eabi/9.3.1/thumb/v7e-m+dp/hard/crtend.o
 .bss           0x0000000000000000        0x0 c:/st/stm32cubeide_1.6.0/stm32cubeide/plugins/com.st.stm32cube.ide.mcu.externaltools.gnu-tools-for-stm32.9-2020-q2-update.win32_2.0.0.202105311346/tools/bin/../lib/gcc/arm-none-eabi/9.3.1/thumb/v7e-m+dp/hard/crtend.o
 .eh_frame      0x0000000000000000        0x4 c:/st/stm32cubeide_1.6.0/stm32cubeide/plugins/com.st.stm32cube.ide.mcu.externaltools.gnu-tools-for-stm32.9-2020-q2-update.win32_2.0.0.202105311346/tools/bin/../lib/gcc/arm-none-eabi/9.3.1/thumb/v7e-m+dp/hard/crtend.o
 .ARM.attributes
                0x0000000000000000       0x30 c:/st/stm32cubeide_1.6.0/stm32cubeide/plugins/com.st.stm32cube.ide.mcu.externaltools.gnu-tools-for-stm32.9-2020-q2-update.win32_2.0.0.202105311346/tools/bin/../lib/gcc/arm-none-eabi/9.3.1/thumb/v7e-m+dp/hard/crtend.o
 .text          0x0000000000000000        0x0 c:/st/stm32cubeide_1.6.0/stm32cubeide/plugins/com.st.stm32cube.ide.mcu.externaltools.gnu-tools-for-stm32.9-2020-q2-update.win32_2.0.0.202105311346/tools/bin/../lib/gcc/arm-none-eabi/9.3.1/thumb/v7e-m+dp/hard/crtn.o
 .data          0x0000000000000000        0x0 c:/st/stm32cubeide_1.6.0/stm32cubeide/plugins/com.st.stm32cube.ide.mcu.externaltools.gnu-tools-for-stm32.9-2020-q2-update.win32_2.0.0.202105311346/tools/bin/../lib/gcc/arm-none-eabi/9.3.1/thumb/v7e-m+dp/hard/crtn.o
 .bss           0x0000000000000000        0x0 c:/st/stm32cubeide_1.6.0/stm32cubeide/plugins/com.st.stm32cube.ide.mcu.externaltools.gnu-tools-for-stm32.9-2020-q2-update.win32_2.0.0.202105311346/tools/bin/../lib/gcc/arm-none-eabi/9.3.1/thumb/v7e-m+dp/hard/crtn.o

Memory Configuration

Name             Origin             Length             Attributes
FLASH            0x0000000008000000 0x0000000000020000 xr
DTCMRAM          0x0000000020000000 0x0000000000020000 xrw
RAM_D1           0x0000000024000000 0x0000000000080000 xrw
RAM_D2           0x0000000030000000 0x0000000000048000 xrw
RAM_D3           0x0000000038000000 0x0000000000010000 xrw
ITCMRAM          0x0000000000000000 0x0000000000010000 xrw
*default*        0x0000000000000000 0xffffffffffffffff

Linker script and memory map

LOAD c:/st/stm32cubeide_1.6.0/stm32cubeide/plugins/com.st.stm32cube.ide.mcu.externaltools.gnu-tools-for-stm32.9-2020-q2-update.win32_2.0.0.202105311346/tools/bin/../lib/gcc/arm-none-eabi/9.3.1/thumb/v7e-m+dp/hard/crti.o
LOAD c:/st/stm32cubeide_1.6.0/stm32cubeide/plugins/com.st.stm32cube.ide.mcu.externaltools.gnu-tools-for-stm32.9-2020-q2-update.win32_2.0.0.202105311346/tools/bin/../lib/gcc/arm-none-eabi/9.3.1/thumb/v7e-m+dp/hard/crtbegin.o
LOAD c:/st/stm32cubeide_1.6.0/stm32cubeide/plugins/com.st.stm32cube.ide.mcu.externaltools.gnu-tools-for-stm32.9-2020-q2-update.win32_2.0.0.202105311346/tools/bin/../lib/gcc/arm-none-eabi/9.3.1/../../../../arm-none-eabi/lib/thumb/v7e-m+dp/hard/crt0.o
LOAD ./Core/Src/main.o
LOAD ./Core/Src/system_stm32h7xx.o
LOAD ./Core/Startup/startup_stm32h750vbtx.o
LOAD ./Drivers/easy-driver/easy_driver.o
START GROUP
LOAD c:/st/stm32cubeide_1.6.0/stm32cubeide/plugins/com.st.stm32cube.ide.mcu.externaltools.gnu-tools-for-stm32.9-2020-q2-update.win32_2.0.0.202105311346/tools/bin/../lib/gcc/arm-none-eabi/9.3.1/../../../../arm-none-eabi/lib/thumb/v7e-m+dp/hard\libc_nano.a
LOAD c:/st/stm32cubeide_1.6.0/stm32cubeide/plugins/com.st.stm32cube.ide.mcu.externaltools.gnu-tools-for-stm32.9-2020-q2-update.win32_2.0.0.202105311346/tools/bin/../lib/gcc/arm-none-eabi/9.3.1/../../../../arm-none-eabi/lib/thumb/v7e-m+dp/hard\libm.a
END GROUP
START GROUP
LOAD c:/st/stm32cubeide_1.6.0/stm32cubeide/plugins/com.st.stm32cube.ide.mcu.externaltools.gnu-tools-for-stm32.9-2020-q2-update.win32_2.0.0.202105311346/tools/bin/../lib/gcc/arm-none-eabi/9.3.1/thumb/v7e-m+dp/hard\libgcc.a
LOAD c:/st/stm32cubeide_1.6.0/stm32cubeide/plugins/com.st.stm32cube.ide.mcu.externaltools.gnu-tools-for-stm32.9-2020-q2-update.win32_2.0.0.202105311346/tools/bin/../lib/gcc/arm-none-eabi/9.3.1/../../../../arm-none-eabi/lib/thumb/v7e-m+dp/hard\libc_nano.a
END GROUP
START GROUP
LOAD c:/st/stm32cubeide_1.6.0/stm32cubeide/plugins/com.st.stm32cube.ide.mcu.externaltools.gnu-tools-for-stm32.9-2020-q2-update.win32_2.0.0.202105311346/tools/bin/../lib/gcc/arm-none-eabi/9.3.1/thumb/v7e-m+dp/hard\libgcc.a
LOAD c:/st/stm32cubeide_1.6.0/stm32cubeide/plugins/com.st.stm32cube.ide.mcu.externaltools.gnu-tools-for-stm32.9-2020-q2-update.win32_2.0.0.202105311346/tools/bin/../lib/gcc/arm-none-eabi/9.3.1/../../../../arm-none-eabi/lib/thumb/v7e-m+dp/hard\libc_nano.a
LOAD c:/st/stm32cubeide_1.6.0/stm32cubeide/plugins/com.st.stm32cube.ide.mcu.externaltools.gnu-tools-for-stm32.9-2020-q2-update.win32_2.0.0.202105311346/tools/bin/../lib/gcc/arm-none-eabi/9.3.1/../../../../arm-none-eabi/lib/thumb/v7e-m+dp/hard\libnosys.a
END GROUP
START GROUP
LOAD c:/st/stm32cubeide_1.6.0/stm32cubeide/plugins/com.st.stm32cube.ide.mcu.externaltools.gnu-tools-for-stm32.9-2020-q2-update.win32_2.0.0.202105311346/tools/bin/../lib/gcc/arm-none-eabi/9.3.1/thumb/v7e-m+dp/hard\libgcc.a
LOAD c:/st/stm32cubeide_1.6.0/stm32cubeide/plugins/com.st.stm32cube.ide.mcu.externaltools.gnu-tools-for-stm32.9-2020-q2-update.win32_2.0.0.202105311346/tools/bin/../lib/gcc/arm-none-eabi/9.3.1/../../../../arm-none-eabi/lib/thumb/v7e-m+dp/hard\libc_nano.a
LOAD c:/st/stm32cubeide_1.6.0/stm32cubeide/plugins/com.st.stm32cube.ide.mcu.externaltools.gnu-tools-for-stm32.9-2020-q2-update.win32_2.0.0.202105311346/tools/bin/../lib/gcc/arm-none-eabi/9.3.1/../../../../arm-none-eabi/lib/thumb/v7e-m+dp/hard\libnosys.a
END GROUP
LOAD c:/st/stm32cubeide_1.6.0/stm32cubeide/plugins/com.st.stm32cube.ide.mcu.externaltools.gnu-tools-for-stm32.9-2020-q2-update.win32_2.0.0.202105311346/tools/bin/../lib/gcc/arm-none-eabi/9.3.1/thumb/v7e-m+dp/hard/crtend.o
LOAD c:/st/stm32cubeide_1.6.0/stm32cubeide/plugins/com.st.stm32cube.ide.mcu.externaltools.gnu-tools-for-stm32.9-2020-q2-update.win32_2.0.0.202105311346/tools/bin/../lib/gcc/arm-none-eabi/9.3.1/thumb/v7e-m+dp/hard/crtn.o
                0x0000000024080000                _estack = (ORIGIN (RAM_D1) + LENGTH (RAM_D1))
                0x0000000000000200                _Min_Heap_Size = 0x200
                0x0000000000000400                _Min_Stack_Size = 0x400

.isr_vector     0x0000000008000000      0x298
                0x0000000008000000                . = ALIGN (0x4)
 *(.isr_vector)
 .isr_vector    0x0000000008000000      0x298 ./Core/Startup/startup_stm32h750vbtx.o
                0x0000000008000000                g_pfnVectors
                0x0000000008000298                . = ALIGN (0x4)

.text           0x0000000008000298      0x594
                0x0000000008000298                . = ALIGN (0x4)
 *(.text)
 .text          0x0000000008000298       0x40 c:/st/stm32cubeide_1.6.0/stm32cubeide/plugins/com.st.stm32cube.ide.mcu.externaltools.gnu-tools-for-stm32.9-2020-q2-update.win32_2.0.0.202105311346/tools/bin/../lib/gcc/arm-none-eabi/9.3.1/thumb/v7e-m+dp/hard/crtbegin.o
 *(.text*)
 .text.main     0x00000000080002d8       0x88 ./Core/Src/main.o
                0x00000000080002d8                main
 .text.SystemInit
                0x0000000008000360      0x118 ./Core/Src/system_stm32h7xx.o
                0x0000000008000360                SystemInit
 .text.Reset_Handler
                0x0000000008000478       0x50 ./Core/Startup/startup_stm32h750vbtx.o
                0x0000000008000478                Reset_Handler
 .text.Default_Handler
                0x00000000080004c8        0x2 ./Core/Startup/startup_stm32h750vbtx.o
                0x00000000080004c8                RTC_Alarm_IRQHandler
                0x00000000080004c8                HASH_RNG_IRQHandler
                0x00000000080004c8                EXTI2_IRQHandler
                0x00000000080004c8                TIM8_CC_IRQHandler
                0x00000000080004c8                HRTIM1_Master_IRQHandler
                0x00000000080004c8                DebugMon_Handler
                0x00000000080004c8                UART8_IRQHandler
                0x00000000080004c8                SPI4_IRQHandler
                0x00000000080004c8                TIM1_CC_IRQHandler
                0x00000000080004c8                BDMA_Channel6_IRQHandler
                0x00000000080004c8                DMA2_Stream5_IRQHandler
                0x00000000080004c8                HardFault_Handler
                0x00000000080004c8                HRTIM1_FLT_IRQHandler
                0x00000000080004c8                JPEG_IRQHandler
                0x00000000080004c8                DMA1_Stream5_IRQHandler
                0x00000000080004c8                SysTick_Handler
                0x00000000080004c8                BDMA_Channel1_IRQHandler
                0x00000000080004c8                HRTIM1_TIMD_IRQHandler
                0x00000000080004c8                TAMP_STAMP_IRQHandler
                0x00000000080004c8                PendSV_Handler
                0x00000000080004c8                NMI_Handler
                0x00000000080004c8                EXTI3_IRQHandler
                0x00000000080004c8                LPTIM4_IRQHandler
                0x00000000080004c8                TIM8_TRG_COM_TIM14_IRQHandler
                0x00000000080004c8                LPTIM2_IRQHandler
                0x00000000080004c8                DFSDM1_FLT1_IRQHandler
                0x00000000080004c8                DMAMUX2_OVR_IRQHandler
                0x00000000080004c8                TIM8_UP_TIM13_IRQHandler
                0x00000000080004c8                I2C3_ER_IRQHandler
                0x00000000080004c8                DFSDM1_FLT2_IRQHandler
                0x00000000080004c8                MDMA_IRQHandler
                0x00000000080004c8                LPTIM3_IRQHandler
                0x00000000080004c8                HSEM1_IRQHandler
                0x00000000080004c8                EXTI0_IRQHandler
                0x00000000080004c8                I2C2_EV_IRQHandler
                0x00000000080004c8                DMA1_Stream2_IRQHandler
                0x00000000080004c8                FPU_IRQHandler
                0x00000000080004c8                OTG_HS_WKUP_IRQHandler
                0x00000000080004c8                FDCAN1_IT1_IRQHandler
                0x00000000080004c8                UsageFault_Handler
                0x00000000080004c8                LTDC_ER_IRQHandler
                0x00000000080004c8                DMA2_Stream2_IRQHandler
                0x00000000080004c8                HRTIM1_TIME_IRQHandler
                0x00000000080004c8                SPI1_IRQHandler
                0x00000000080004c8                TIM6_DAC_IRQHandler
                0x00000000080004c8                DCMI_IRQHandler
                0x00000000080004c8                HRTIM1_TIMC_IRQHandler
                0x00000000080004c8                DMA2_Stream3_IRQHandler
                0x00000000080004c8                SAI2_IRQHandler
                0x00000000080004c8                DFSDM1_FLT3_IRQHandler
                0x00000000080004c8                USART6_IRQHandler
                0x00000000080004c8                TIM17_IRQHandler
                0x00000000080004c8                USART3_IRQHandler
                0x00000000080004c8                BDMA_Channel7_IRQHandler
                0x00000000080004c8                CRYP_IRQHandler
                0x00000000080004c8                LPTIM5_IRQHandler
                0x00000000080004c8                UART5_IRQHandler
                0x00000000080004c8                ADC3_IRQHandler
                0x00000000080004c8                DMA2_Stream0_IRQHandler
                0x00000000080004c8                TIM4_IRQHandler
                0x00000000080004c8                BDMA_Channel2_IRQHandler
                0x00000000080004c8                QUADSPI_IRQHandler
                0x00000000080004c8                I2C1_EV_IRQHandler
                0x00000000080004c8                DMA1_Stream6_IRQHandler
                0x00000000080004c8                DMAMUX1_OVR_IRQHandler
                0x00000000080004c8                DMA1_Stream1_IRQHandler
                0x00000000080004c8                TIM16_IRQHandler
                0x00000000080004c8                UART4_IRQHandler
                0x00000000080004c8                BDMA_Channel5_IRQHandler
                0x00000000080004c8                TIM3_IRQHandler
                0x00000000080004c8                RCC_IRQHandler
                0x00000000080004c8                TIM8_BRK_TIM12_IRQHandler
                0x00000000080004c8                TIM1_TRG_COM_IRQHandler
                0x00000000080004c8                Default_Handler
                0x00000000080004c8                ECC_IRQHandler
                0x00000000080004c8                CEC_IRQHandler
                0x00000000080004c8                EXTI15_10_IRQHandler
                0x00000000080004c8                BDMA_Channel0_IRQHandler
                0x00000000080004c8                ADC_IRQHandler
                0x00000000080004c8                DMA1_Stream7_IRQHandler
                0x00000000080004c8                HRTIM1_TIMA_IRQHandler
                0x00000000080004c8                SPI5_IRQHandler
                0x00000000080004c8                TIM7_IRQHandler
                0x00000000080004c8                SDMMC1_IRQHandler
                0x00000000080004c8                TIM5_IRQHandler
                0x00000000080004c8                DMA2_Stream7_IRQHandler
                0x00000000080004c8                TIM15_IRQHandler
                0x00000000080004c8                PVD_AVD_IRQHandler
                0x00000000080004c8                I2C3_EV_IRQHandler
                0x00000000080004c8                EXTI9_5_IRQHandler
                0x00000000080004c8                RTC_WKUP_IRQHandler
                0x00000000080004c8                LTDC_IRQHandler
                0x00000000080004c8                SAI3_IRQHandler
                0x00000000080004c8                ETH_WKUP_IRQHandler
                0x00000000080004c8                SPDIF_RX_IRQHandler
                0x00000000080004c8                SPI2_IRQHandler
                0x00000000080004c8                OTG_HS_EP1_IN_IRQHandler
                0x00000000080004c8                MemManage_Handler
                0x00000000080004c8                DMA1_Stream0_IRQHandler
                0x00000000080004c8                SVC_Handler
                0x00000000080004c8                CRS_IRQHandler
                0x00000000080004c8                EXTI4_IRQHandler
                0x00000000080004c8                HRTIM1_TIMB_IRQHandler
                0x00000000080004c8                FDCAN2_IT1_IRQHandler
                0x00000000080004c8                ETH_IRQHandler
                0x00000000080004c8                TIM1_UP_IRQHandler
                0x00000000080004c8                BDMA_Channel4_IRQHandler
                0x00000000080004c8                OTG_HS_EP1_OUT_IRQHandler
                0x00000000080004c8                WWDG_IRQHandler
                0x00000000080004c8                SPI6_IRQHandler
                0x00000000080004c8                MDIOS_IRQHandler
                0x00000000080004c8                I2C4_EV_IRQHandler
                0x00000000080004c8                FDCAN2_IT0_IRQHandler
                0x00000000080004c8                LPUART1_IRQHandler
                0x00000000080004c8                FDCAN1_IT0_IRQHandler
                0x00000000080004c8                TIM2_IRQHandler
                0x00000000080004c8                OTG_FS_WKUP_IRQHandler
                0x00000000080004c8                OTG_HS_IRQHandler
                0x00000000080004c8                DMA2D_IRQHandler
                0x00000000080004c8                TIM1_BRK_IRQHandler
                0x00000000080004c8                EXTI1_IRQHandler
                0x00000000080004c8                SDMMC2_IRQHandler
                0x00000000080004c8                OTG_FS_EP1_OUT_IRQHandler
                0x00000000080004c8                BDMA_Channel3_IRQHandler
                0x00000000080004c8                UART7_IRQHandler
                0x00000000080004c8                MDIOS_WKUP_IRQHandler
                0x00000000080004c8                USART2_IRQHandler
                0x00000000080004c8                DFSDM1_FLT0_IRQHandler
                0x00000000080004c8                SAI4_IRQHandler
                0x00000000080004c8                I2C2_ER_IRQHandler
                0x00000000080004c8                DMA2_Stream1_IRQHandler
                0x00000000080004c8                FLASH_IRQHandler
                0x00000000080004c8                DMA2_Stream4_IRQHandler
                0x00000000080004c8                BusFault_Handler
                0x00000000080004c8                USART1_IRQHandler
                0x00000000080004c8                OTG_FS_IRQHandler
                0x00000000080004c8                SPI3_IRQHandler
                0x00000000080004c8                WAKEUP_PIN_IRQHandler
                0x00000000080004c8                DMA1_Stream4_IRQHandler
                0x00000000080004c8                OTG_FS_EP1_IN_IRQHandler
                0x00000000080004c8                I2C1_ER_IRQHandler
                0x00000000080004c8                FMC_IRQHandler
                0x00000000080004c8                FDCAN_CAL_IRQHandler
                0x00000000080004c8                SWPMI1_IRQHandler
                0x00000000080004c8                COMP1_IRQHandler
                0x00000000080004c8                LPTIM1_IRQHandler
                0x00000000080004c8                I2C4_ER_IRQHandler
                0x00000000080004c8                DMA2_Stream6_IRQHandler
                0x00000000080004c8                SAI1_IRQHandler
                0x00000000080004c8                DMA1_Stream3_IRQHandler
 .text.easyGPIOConfig
                0x00000000080004ca       0x2c ./Drivers/easy-driver/easy_driver.o
                0x00000000080004ca                easyGPIOConfig
 *fill*         0x00000000080004f6        0x2 
 .text.easyGPIOConfigFullSet
                0x00000000080004f8      0x27c ./Drivers/easy-driver/easy_driver.o
                0x00000000080004f8                easyGPIOConfigFullSet
 .text.easyClearBit
                0x0000000008000774       0x2c ./Drivers/easy-driver/easy_driver.o
                0x0000000008000774                easyClearBit
 .text.easySetBit
                0x00000000080007a0       0x2a ./Drivers/easy-driver/easy_driver.o
                0x00000000080007a0                easySetBit
 *fill*         0x00000000080007ca        0x2 
 .text.__libc_init_array
                0x00000000080007cc       0x48 c:/st/stm32cubeide_1.6.0/stm32cubeide/plugins/com.st.stm32cube.ide.mcu.externaltools.gnu-tools-for-stm32.9-2020-q2-update.win32_2.0.0.202105311346/tools/bin/../lib/gcc/arm-none-eabi/9.3.1/../../../../arm-none-eabi/lib/thumb/v7e-m+dp/hard\libc_nano.a(lib_a-init.o)
                0x00000000080007cc                __libc_init_array
 *(.glue_7)
 .glue_7        0x0000000008000814        0x0 linker stubs
 *(.glue_7t)
 .glue_7t       0x0000000008000814        0x0 linker stubs
 *(.eh_frame)
 .eh_frame      0x0000000008000814        0x0 c:/st/stm32cubeide_1.6.0/stm32cubeide/plugins/com.st.stm32cube.ide.mcu.externaltools.gnu-tools-for-stm32.9-2020-q2-update.win32_2.0.0.202105311346/tools/bin/../lib/gcc/arm-none-eabi/9.3.1/thumb/v7e-m+dp/hard/crtbegin.o
 *(.init)
 .init          0x0000000008000814        0x4 c:/st/stm32cubeide_1.6.0/stm32cubeide/plugins/com.st.stm32cube.ide.mcu.externaltools.gnu-tools-for-stm32.9-2020-q2-update.win32_2.0.0.202105311346/tools/bin/../lib/gcc/arm-none-eabi/9.3.1/thumb/v7e-m+dp/hard/crti.o
                0x0000000008000814                _init
 .init          0x0000000008000818        0x8 c:/st/stm32cubeide_1.6.0/stm32cubeide/plugins/com.st.stm32cube.ide.mcu.externaltools.gnu-tools-for-stm32.9-2020-q2-update.win32_2.0.0.202105311346/tools/bin/../lib/gcc/arm-none-eabi/9.3.1/thumb/v7e-m+dp/hard/crtn.o
 *(.fini)
 .fini          0x0000000008000820        0x4 c:/st/stm32cubeide_1.6.0/stm32cubeide/plugins/com.st.stm32cube.ide.mcu.externaltools.gnu-tools-for-stm32.9-2020-q2-update.win32_2.0.0.202105311346/tools/bin/../lib/gcc/arm-none-eabi/9.3.1/thumb/v7e-m+dp/hard/crti.o
                0x0000000008000820                _fini
 .fini          0x0000000008000824        0x8 c:/st/stm32cubeide_1.6.0/stm32cubeide/plugins/com.st.stm32cube.ide.mcu.externaltools.gnu-tools-for-stm32.9-2020-q2-update.win32_2.0.0.202105311346/tools/bin/../lib/gcc/arm-none-eabi/9.3.1/thumb/v7e-m+dp/hard/crtn.o
                0x000000000800082c                . = ALIGN (0x4)
                0x000000000800082c                _etext = .

.vfp11_veneer   0x000000000800082c        0x0
 .vfp11_veneer  0x000000000800082c        0x0 linker stubs

.v4_bx          0x000000000800082c        0x0
 .v4_bx         0x000000000800082c        0x0 linker stubs

.iplt           0x000000000800082c        0x0
 .iplt          0x000000000800082c        0x0 c:/st/stm32cubeide_1.6.0/stm32cubeide/plugins/com.st.stm32cube.ide.mcu.externaltools.gnu-tools-for-stm32.9-2020-q2-update.win32_2.0.0.202105311346/tools/bin/../lib/gcc/arm-none-eabi/9.3.1/thumb/v7e-m+dp/hard/crtbegin.o

.rel.dyn        0x000000000800082c        0x0
 .rel.iplt      0x000000000800082c        0x0 c:/st/stm32cubeide_1.6.0/stm32cubeide/plugins/com.st.stm32cube.ide.mcu.externaltools.gnu-tools-for-stm32.9-2020-q2-update.win32_2.0.0.202105311346/tools/bin/../lib/gcc/arm-none-eabi/9.3.1/thumb/v7e-m+dp/hard/crtbegin.o

.rodata         0x000000000800082c        0x0
                0x000000000800082c                . = ALIGN (0x4)
 *(.rodata)
 *(.rodata*)
                0x000000000800082c                . = ALIGN (0x4)

.ARM.extab
 *(.ARM.extab* .gnu.linkonce.armextab.*)

.ARM            0x000000000800082c        0x0
                0x000000000800082c                __exidx_start = .
 *(.ARM.exidx*)
                0x000000000800082c                __exidx_end = .

.preinit_array  0x000000000800082c        0x0
                0x000000000800082c                PROVIDE (__preinit_array_start = .)
 *(.preinit_array*)
                0x000000000800082c                PROVIDE (__preinit_array_end = .)

.init_array     0x000000000800082c        0x4
                0x000000000800082c                PROVIDE (__init_array_start = .)
 *(SORT_BY_NAME(.init_array.*))
 *(.init_array*)
 .init_array    0x000000000800082c        0x4 c:/st/stm32cubeide_1.6.0/stm32cubeide/plugins/com.st.stm32cube.ide.mcu.externaltools.gnu-tools-for-stm32.9-2020-q2-update.win32_2.0.0.202105311346/tools/bin/../lib/gcc/arm-none-eabi/9.3.1/thumb/v7e-m+dp/hard/crtbegin.o
                0x0000000008000830                PROVIDE (__init_array_end = .)

.fini_array     0x0000000008000830        0x4
                [!provide]                        PROVIDE (__fini_array_start = .)
 *(SORT_BY_NAME(.fini_array.*))
 *(.fini_array*)
 .fini_array    0x0000000008000830        0x4 c:/st/stm32cubeide_1.6.0/stm32cubeide/plugins/com.st.stm32cube.ide.mcu.externaltools.gnu-tools-for-stm32.9-2020-q2-update.win32_2.0.0.202105311346/tools/bin/../lib/gcc/arm-none-eabi/9.3.1/thumb/v7e-m+dp/hard/crtbegin.o
                [!provide]                        PROVIDE (__fini_array_end = .)
                0x0000000008000834                _sidata = LOADADDR (.data)

.data           0x0000000024000000       0x2c load address 0x0000000008000834
                0x0000000024000000                . = ALIGN (0x4)
                0x0000000024000000                _sdata = .
 *(.data)
 *(.data*)
 .data.ref_gpio_group
                0x0000000024000000       0x2c ./Drivers/easy-driver/easy_driver.o
                0x0000000024000000                ref_gpio_group
 *(.RamFunc)
 *(.RamFunc*)
                0x000000002400002c                . = ALIGN (0x4)
                0x000000002400002c                _edata = .

.igot.plt       0x000000002400002c        0x0 load address 0x0000000008000860
 .igot.plt      0x000000002400002c        0x0 c:/st/stm32cubeide_1.6.0/stm32cubeide/plugins/com.st.stm32cube.ide.mcu.externaltools.gnu-tools-for-stm32.9-2020-q2-update.win32_2.0.0.202105311346/tools/bin/../lib/gcc/arm-none-eabi/9.3.1/thumb/v7e-m+dp/hard/crtbegin.o
                0x000000002400002c                . = ALIGN (0x4)

.bss            0x000000002400002c       0x1c load address 0x0000000008000860
                0x000000002400002c                _sbss = .
                0x000000002400002c                __bss_start__ = _sbss
 *(.bss)
 .bss           0x000000002400002c       0x1c c:/st/stm32cubeide_1.6.0/stm32cubeide/plugins/com.st.stm32cube.ide.mcu.externaltools.gnu-tools-for-stm32.9-2020-q2-update.win32_2.0.0.202105311346/tools/bin/../lib/gcc/arm-none-eabi/9.3.1/thumb/v7e-m+dp/hard/crtbegin.o
 *(.bss*)
 *(COMMON)
                0x0000000024000048                . = ALIGN (0x4)
                0x0000000024000048                _ebss = .
                0x0000000024000048                __bss_end__ = _ebss

._user_heap_stack
                0x0000000024000048      0x600 load address 0x0000000008000860
                0x0000000024000048                . = ALIGN (0x8)
                [!provide]                        PROVIDE (end = .)
                [!provide]                        PROVIDE (_end = .)
                0x0000000024000248                . = (. + _Min_Heap_Size)
 *fill*         0x0000000024000048      0x200 
                0x0000000024000648                . = (. + _Min_Stack_Size)
 *fill*         0x0000000024000248      0x400 
                0x0000000024000648                . = ALIGN (0x8)

/DISCARD/
 libc.a(*)
 libm.a(*)
 libgcc.a(*)

.ARM.attributes
                0x0000000000000000       0x2e
 *(.ARM.attributes)
 .ARM.attributes
                0x0000000000000000       0x1e c:/st/stm32cubeide_1.6.0/stm32cubeide/plugins/com.st.stm32cube.ide.mcu.externaltools.gnu-tools-for-stm32.9-2020-q2-update.win32_2.0.0.202105311346/tools/bin/../lib/gcc/arm-none-eabi/9.3.1/thumb/v7e-m+dp/hard/crti.o
 .ARM.attributes
                0x000000000000001e       0x32 c:/st/stm32cubeide_1.6.0/stm32cubeide/plugins/com.st.stm32cube.ide.mcu.externaltools.gnu-tools-for-stm32.9-2020-q2-update.win32_2.0.0.202105311346/tools/bin/../lib/gcc/arm-none-eabi/9.3.1/thumb/v7e-m+dp/hard/crtbegin.o
 .ARM.attributes
                0x0000000000000050       0x32 ./Core/Src/main.o
 .ARM.attributes
                0x0000000000000082       0x32 ./Core/Src/system_stm32h7xx.o
 .ARM.attributes
                0x00000000000000b4       0x21 ./Core/Startup/startup_stm32h750vbtx.o
 .ARM.attributes
                0x00000000000000d5       0x32 ./Drivers/easy-driver/easy_driver.o
 .ARM.attributes
                0x0000000000000107       0x32 c:/st/stm32cubeide_1.6.0/stm32cubeide/plugins/com.st.stm32cube.ide.mcu.externaltools.gnu-tools-for-stm32.9-2020-q2-update.win32_2.0.0.202105311346/tools/bin/../lib/gcc/arm-none-eabi/9.3.1/../../../../arm-none-eabi/lib/thumb/v7e-m+dp/hard\libc_nano.a(lib_a-init.o)
 .ARM.attributes
                0x0000000000000139       0x1e c:/st/stm32cubeide_1.6.0/stm32cubeide/plugins/com.st.stm32cube.ide.mcu.externaltools.gnu-tools-for-stm32.9-2020-q2-update.win32_2.0.0.202105311346/tools/bin/../lib/gcc/arm-none-eabi/9.3.1/thumb/v7e-m+dp/hard/crtn.o
OUTPUT(stm32_driver.elf elf32-littlearm)
LOAD linker stubs
LOAD c:/st/stm32cubeide_1.6.0/stm32cubeide/plugins/com.st.stm32cube.ide.mcu.externaltools.gnu-tools-for-stm32.9-2020-q2-update.win32_2.0.0.202105311346/tools/bin/../lib/gcc/arm-none-eabi/9.3.1/../../../../arm-none-eabi/lib/thumb/v7e-m+dp/hard\libc.a
LOAD c:/st/stm32cubeide_1.6.0/stm32cubeide/plugins/com.st.stm32cube.ide.mcu.externaltools.gnu-tools-for-stm32.9-2020-q2-update.win32_2.0.0.202105311346/tools/bin/../lib/gcc/arm-none-eabi/9.3.1/../../../../arm-none-eabi/lib/thumb/v7e-m+dp/hard\libm.a
LOAD c:/st/stm32cubeide_1.6.0/stm32cubeide/plugins/com.st.stm32cube.ide.mcu.externaltools.gnu-tools-for-stm32.9-2020-q2-update.win32_2.0.0.202105311346/tools/bin/../lib/gcc/arm-none-eabi/9.3.1/thumb/v7e-m+dp/hard\libgcc.a

.debug_info     0x0000000000000000     0x2163
 .debug_info    0x0000000000000000      0x331 ./Core/Src/main.o
 .debug_info    0x0000000000000331     0x15f9 ./Core/Src/system_stm32h7xx.o
 .debug_info    0x000000000000192a       0x22 ./Core/Startup/startup_stm32h750vbtx.o
 .debug_info    0x000000000000194c      0x817 ./Drivers/easy-driver/easy_driver.o

.debug_abbrev   0x0000000000000000      0x550
 .debug_abbrev  0x0000000000000000      0x133 ./Core/Src/main.o
 .debug_abbrev  0x0000000000000133      0x24f ./Core/Src/system_stm32h7xx.o
 .debug_abbrev  0x0000000000000382       0x12 ./Core/Startup/startup_stm32h750vbtx.o
 .debug_abbrev  0x0000000000000394      0x1bc ./Drivers/easy-driver/easy_driver.o

.debug_aranges  0x0000000000000000       0xa8
 .debug_aranges
                0x0000000000000000       0x20 ./Core/Src/main.o
 .debug_aranges
                0x0000000000000020       0x28 ./Core/Src/system_stm32h7xx.o
 .debug_aranges
                0x0000000000000048       0x28 ./Core/Startup/startup_stm32h750vbtx.o
 .debug_aranges
                0x0000000000000070       0x38 ./Drivers/easy-driver/easy_driver.o

.debug_ranges   0x0000000000000000       0x70
 .debug_ranges  0x0000000000000000       0x10 ./Core/Src/main.o
 .debug_ranges  0x0000000000000010       0x18 ./Core/Src/system_stm32h7xx.o
 .debug_ranges  0x0000000000000028       0x20 ./Core/Startup/startup_stm32h750vbtx.o
 .debug_ranges  0x0000000000000048       0x28 ./Drivers/easy-driver/easy_driver.o

.debug_macro    0x0000000000000000    0x28c56
 .debug_macro   0x0000000000000000       0xdb ./Core/Src/main.o
 .debug_macro   0x00000000000000db      0xac0 ./Core/Src/main.o
 .debug_macro   0x0000000000000b9b       0x2e ./Core/Src/main.o
 .debug_macro   0x0000000000000bc9       0x3b ./Core/Src/main.o
 .debug_macro   0x0000000000000c04       0x22 ./Core/Src/main.o
 .debug_macro   0x0000000000000c26       0x8e ./Core/Src/main.o
 .debug_macro   0x0000000000000cb4       0x51 ./Core/Src/main.o
 .debug_macro   0x0000000000000d05      0x103 ./Core/Src/main.o
 .debug_macro   0x0000000000000e08       0x6a ./Core/Src/main.o
 .debug_macro   0x0000000000000e72      0x1df ./Core/Src/main.o
 .debug_macro   0x0000000000001051       0x1c ./Core/Src/main.o
 .debug_macro   0x000000000000106d       0x22 ./Core/Src/main.o
 .debug_macro   0x000000000000108f      0x101 ./Core/Src/main.o
 .debug_macro   0x0000000000001190     0x1305 ./Core/Src/main.o
 .debug_macro   0x0000000000002495      0x11f ./Core/Src/main.o
 .debug_macro   0x00000000000025b4       0x27 ./Core/Src/main.o
 .debug_macro   0x00000000000025db    0x259c6 ./Core/Src/main.o
 .debug_macro   0x0000000000027fa1       0x43 ./Core/Src/main.o
 .debug_macro   0x0000000000027fe4       0x2e ./Core/Src/main.o
 .debug_macro   0x0000000000028012      0x194 ./Core/Src/system_stm32h7xx.o
 .debug_macro   0x00000000000281a6       0x52 ./Core/Src/system_stm32h7xx.o
 .debug_macro   0x00000000000281f8       0x17 ./Core/Src/system_stm32h7xx.o
 .debug_macro   0x000000000002820f       0x3c ./Core/Src/system_stm32h7xx.o
 .debug_macro   0x000000000002824b       0x34 ./Core/Src/system_stm32h7xx.o
 .debug_macro   0x000000000002827f      0x174 ./Core/Src/system_stm32h7xx.o
 .debug_macro   0x00000000000283f3       0x16 ./Core/Src/system_stm32h7xx.o
 .debug_macro   0x0000000000028409       0x43 ./Core/Src/system_stm32h7xx.o
 .debug_macro   0x000000000002844c       0x34 ./Core/Src/system_stm32h7xx.o
 .debug_macro   0x0000000000028480       0x10 ./Core/Src/system_stm32h7xx.o
 .debug_macro   0x0000000000028490       0x58 ./Core/Src/system_stm32h7xx.o
 .debug_macro   0x00000000000284e8       0x71 ./Core/Src/system_stm32h7xx.o
 .debug_macro   0x0000000000028559       0x1c ./Core/Src/system_stm32h7xx.o
 .debug_macro   0x0000000000028575      0x12a ./Core/Src/system_stm32h7xx.o
 .debug_macro   0x000000000002869f      0x333 ./Core/Src/system_stm32h7xx.o
 .debug_macro   0x00000000000289d2      0x1a9 ./Core/Src/system_stm32h7xx.o
 .debug_macro   0x0000000000028b7b       0xdb ./Drivers/easy-driver/easy_driver.o

.debug_line     0x0000000000000000     0x120e
 .debug_line    0x0000000000000000      0x4d1 ./Core/Src/main.o
 .debug_line    0x00000000000004d1      0x76b ./Core/Src/system_stm32h7xx.o
 .debug_line    0x0000000000000c3c       0x88 ./Core/Startup/startup_stm32h750vbtx.o
 .debug_line    0x0000000000000cc4      0x54a ./Drivers/easy-driver/easy_driver.o

.debug_str      0x0000000000000000    0xea965
 .debug_str     0x0000000000000000    0xe6706 ./Core/Src/main.o
                                      0xe691f (size before relaxing)
 .debug_str     0x00000000000e6706     0x4195 ./Core/Src/system_stm32h7xx.o
                                      0xea97b (size before relaxing)
 .debug_str     0x00000000000ea89b       0x36 ./Core/Startup/startup_stm32h750vbtx.o
                                         0x64 (size before relaxing)
 .debug_str     0x00000000000ea8d1       0x94 ./Drivers/easy-driver/easy_driver.o
                                      0xe6bbe (size before relaxing)

.comment        0x0000000000000000       0x53
 .comment       0x0000000000000000       0x53 ./Core/Src/main.o
                                         0x54 (size before relaxing)
 .comment       0x0000000000000053       0x54 ./Core/Src/system_stm32h7xx.o
 .comment       0x0000000000000053       0x54 ./Drivers/easy-driver/easy_driver.o

.debug_frame    0x0000000000000000      0x160
 .debug_frame   0x0000000000000000       0x30 ./Core/Src/main.o
 .debug_frame   0x0000000000000030       0x58 ./Core/Src/system_stm32h7xx.o
 .debug_frame   0x0000000000000088       0xac ./Drivers/easy-driver/easy_driver.o
 .debug_frame   0x0000000000000134       0x2c c:/st/stm32cubeide_1.6.0/stm32cubeide/plugins/com.st.stm32cube.ide.mcu.externaltools.gnu-tools-for-stm32.9-2020-q2-update.win32_2.0.0.202105311346/tools/bin/../lib/gcc/arm-none-eabi/9.3.1/../../../../arm-none-eabi/lib/thumb/v7e-m+dp/hard\libc_nano.a(lib_a-init.o)
